[7.234s] DEBUG:colcon:Command line arguments: ['/usr/bin/colcon', 'build']
[7.234s] DEBUG:colcon:Parsed command line arguments: Namespace(log_base=None, log_level=None, verb_name='build', build_base='build', install_base='install', merge_install=False, symlink_install=False, test_result_base=None, continue_on_error=False, executor='parallel', parallel_workers=4, event_handlers=None, ignore_user_meta=False, metas=['./colcon.meta'], base_paths=['.'], packages_ignore=None, packages_ignore_regex=None, paths=None, packages_up_to=None, packages_up_to_regex=None, packages_above=None, packages_above_and_dependencies=None, packages_above_depth=None, packages_select_by_dep=None, packages_skip_by_dep=None, packages_skip_up_to=None, packages_select_build_failed=False, packages_skip_build_finished=False, packages_select_test_failures=False, packages_skip_test_passed=False, packages_select=None, packages_skip=None, packages_select_regex=None, packages_skip_regex=None, packages_start=None, packages_end=None, allow_overriding=[], cmake_args=None, cmake_target=None, cmake_target_skip_unavailable=False, cmake_clean_cache=False, cmake_clean_first=False, cmake_force_configure=False, ament_cmake_args=None, catkin_cmake_args=None, catkin_skip_building_tests=False, verb_parser=<colcon_defaults.argument_parser.defaults.DefaultArgumentsDecorator object at 0x7f6611da5a30>, verb_extension=<colcon_core.verb.build.BuildVerb object at 0x7f6611da5970>, main=<bound method BuildVerb.main of <colcon_core.verb.build.BuildVerb object at 0x7f6611da5970>>)
[7.666s] Level 1:colcon.colcon_core.package_discovery:discover_packages(colcon_meta) check parameters
[7.666s] Level 1:colcon.colcon_core.package_discovery:discover_packages(recursive) check parameters
[7.666s] Level 1:colcon.colcon_core.package_discovery:discover_packages(ignore) check parameters
[7.666s] Level 1:colcon.colcon_core.package_discovery:discover_packages(path) check parameters
[7.666s] Level 1:colcon.colcon_core.package_discovery:discover_packages(colcon_meta) discover
[7.666s] Level 1:colcon.colcon_core.package_discovery:discover_packages(recursive) discover
[7.666s] INFO:colcon.colcon_core.package_discovery:Crawling recursively for packages in '/home/hari-aswath/Projects/smartcart/simulation/smartcart_ws'
[7.666s] Level 1:colcon.colcon_core.package_identification:_identify(.) by extensions ['ignore', 'ignore_ament_install']
[7.667s] Level 1:colcon.colcon_core.package_identification:_identify(.) by extension 'ignore'
[7.667s] Level 1:colcon.colcon_core.package_identification:_identify(.) by extension 'ignore_ament_install'
[7.667s] Level 1:colcon.colcon_core.package_identification:_identify(.) by extensions ['colcon_pkg']
[7.667s] Level 1:colcon.colcon_core.package_identification:_identify(.) by extension 'colcon_pkg'
[7.667s] Level 1:colcon.colcon_core.package_identification:_identify(.) by extensions ['colcon_meta']
[7.667s] Level 1:colcon.colcon_core.package_identification:_identify(.) by extension 'colcon_meta'
[7.667s] Level 1:colcon.colcon_core.package_identification:_identify(.) by extensions ['ros']
[7.667s] Level 1:colcon.colcon_core.package_identification:_identify(.) by extension 'ros'
[7.962s] Level 1:colcon.colcon_core.package_identification:_identify(.) by extensions ['cmake', 'python']
[7.962s] Level 1:colcon.colcon_core.package_identification:_identify(.) by extension 'cmake'
[7.963s] Level 1:colcon.colcon_core.package_identification:_identify(.) by extension 'python'
[7.963s] Level 1:colcon.colcon_core.package_identification:_identify(.) by extensions ['python_setup_py']
[7.963s] Level 1:colcon.colcon_core.package_identification:_identify(.) by extension 'python_setup_py'
[7.963s] Level 1:colcon.colcon_core.package_identification:_identify(build) by extensions ['ignore', 'ignore_ament_install']
[7.964s] Level 1:colcon.colcon_core.package_identification:_identify(build) by extension 'ignore'
[7.964s] Level 1:colcon.colcon_core.package_identification:_identify(build) ignored
[7.964s] Level 1:colcon.colcon_core.package_identification:_identify(install) by extensions ['ignore', 'ignore_ament_install']
[7.965s] Level 1:colcon.colcon_core.package_identification:_identify(install) by extension 'ignore'
[7.965s] Level 1:colcon.colcon_core.package_identification:_identify(install) ignored
[7.965s] Level 1:colcon.colcon_core.package_identification:_identify(log) by extensions ['ignore', 'ignore_ament_install']
[7.966s] Level 1:colcon.colcon_core.package_identification:_identify(log) by extension 'ignore'
[7.966s] Level 1:colcon.colcon_core.package_identification:_identify(log) ignored
[7.966s] Level 1:colcon.colcon_core.package_identification:_identify(src) by extensions ['ignore', 'ignore_ament_install']
[7.966s] Level 1:colcon.colcon_core.package_identification:_identify(src) by extension 'ignore'
[7.966s] Level 1:colcon.colcon_core.package_identification:_identify(src) by extension 'ignore_ament_install'
[7.967s] Level 1:colcon.colcon_core.package_identification:_identify(src) by extensions ['colcon_pkg']
[7.967s] Level 1:colcon.colcon_core.package_identification:_identify(src) by extension 'colcon_pkg'
[7.967s] Level 1:colcon.colcon_core.package_identification:_identify(src) by extensions ['colcon_meta']
[7.967s] Level 1:colcon.colcon_core.package_identification:_identify(src) by extension 'colcon_meta'
[7.967s] Level 1:colcon.colcon_core.package_identification:_identify(src) by extensions ['ros']
[7.967s] Level 1:colcon.colcon_core.package_identification:_identify(src) by extension 'ros'
[7.968s] Level 1:colcon.colcon_core.package_identification:_identify(src) by extensions ['cmake', 'python']
[7.968s] Level 1:colcon.colcon_core.package_identification:_identify(src) by extension 'cmake'
[7.968s] Level 1:colcon.colcon_core.package_identification:_identify(src) by extension 'python'
[7.968s] Level 1:colcon.colcon_core.package_identification:_identify(src) by extensions ['python_setup_py']
[7.968s] Level 1:colcon.colcon_core.package_identification:_identify(src) by extension 'python_setup_py'
[7.982s] Level 1:colcon.colcon_core.package_identification:_identify(src/smartcart_description) by extensions ['ignore', 'ignore_ament_install']
[7.982s] Level 1:colcon.colcon_core.package_identification:_identify(src/smartcart_description) by extension 'ignore'
[7.983s] Level 1:colcon.colcon_core.package_identification:_identify(src/smartcart_description) by extension 'ignore_ament_install'
[7.983s] Level 1:colcon.colcon_core.package_identification:_identify(src/smartcart_description) by extensions ['colcon_pkg']
[7.983s] Level 1:colcon.colcon_core.package_identification:_identify(src/smartcart_description) by extension 'colcon_pkg'
[7.983s] Level 1:colcon.colcon_core.package_identification:_identify(src/smartcart_description) by extensions ['colcon_meta']
[7.983s] Level 1:colcon.colcon_core.package_identification:_identify(src/smartcart_description) by extension 'colcon_meta'
[7.983s] Level 1:colcon.colcon_core.package_identification:_identify(src/smartcart_description) by extensions ['ros']
[7.983s] Level 1:colcon.colcon_core.package_identification:_identify(src/smartcart_description) by extension 'ros'
[8.071s] DEBUG:colcon.colcon_core.package_identification:Package 'src/smartcart_description' with type 'ros.ament_cmake' and name 'smartcart_description'
[8.072s] Level 1:colcon.colcon_core.package_identification:_identify(src/smartcart_gazebo) by extensions ['ignore', 'ignore_ament_install']
[8.072s] Level 1:colcon.colcon_core.package_identification:_identify(src/smartcart_gazebo) by extension 'ignore'
[8.073s] Level 1:colcon.colcon_core.package_identification:_identify(src/smartcart_gazebo) by extension 'ignore_ament_install'
[8.073s] Level 1:colcon.colcon_core.package_identification:_identify(src/smartcart_gazebo) by extensions ['colcon_pkg']
[8.073s] Level 1:colcon.colcon_core.package_identification:_identify(src/smartcart_gazebo) by extension 'colcon_pkg'
[8.074s] Level 1:colcon.colcon_core.package_identification:_identify(src/smartcart_gazebo) by extensions ['colcon_meta']
[8.074s] Level 1:colcon.colcon_core.package_identification:_identify(src/smartcart_gazebo) by extension 'colcon_meta'
[8.074s] Level 1:colcon.colcon_core.package_identification:_identify(src/smartcart_gazebo) by extensions ['ros']
[8.074s] Level 1:colcon.colcon_core.package_identification:_identify(src/smartcart_gazebo) by extension 'ros'
[8.089s] DEBUG:colcon.colcon_core.package_identification:Package 'src/smartcart_gazebo' with type 'ros.ament_cmake' and name 'smartcart_gazebo'
[8.090s] Level 1:colcon.colcon_core.package_discovery:discover_packages(recursive) using defaults
[8.090s] Level 1:colcon.colcon_core.package_discovery:discover_packages(ignore) discover
[8.090s] Level 1:colcon.colcon_core.package_discovery:discover_packages(ignore) using defaults
[8.090s] Level 1:colcon.colcon_core.package_discovery:discover_packages(path) discover
[8.090s] Level 1:colcon.colcon_core.package_discovery:discover_packages(path) using defaults
[8.586s] Level 1:colcon.colcon_core.package_discovery:discover_packages(prefix_path) check parameters
[8.587s] Level 1:colcon.colcon_core.package_discovery:discover_packages(prefix_path) discover
[8.634s] DEBUG:colcon.colcon_installed_package_information.package_discovery:Found 319 installed packages in /opt/ros/jazzy
[8.640s] Level 1:colcon.colcon_core.package_discovery:discover_packages(prefix_path) using defaults
[8.806s] Level 5:colcon.colcon_core.verb:set package 'smartcart_description' build argument 'cmake_args' from command line to 'None'
[8.807s] Level 5:colcon.colcon_core.verb:set package 'smartcart_description' build argument 'cmake_target' from command line to 'None'
[8.807s] Level 5:colcon.colcon_core.verb:set package 'smartcart_description' build argument 'cmake_target_skip_unavailable' from command line to 'False'
[8.807s] Level 5:colcon.colcon_core.verb:set package 'smartcart_description' build argument 'cmake_clean_cache' from command line to 'False'
[8.807s] Level 5:colcon.colcon_core.verb:set package 'smartcart_description' build argument 'cmake_clean_first' from command line to 'False'
[8.807s] Level 5:colcon.colcon_core.verb:set package 'smartcart_description' build argument 'cmake_force_configure' from command line to 'False'
[8.807s] Level 5:colcon.colcon_core.verb:set package 'smartcart_description' build argument 'ament_cmake_args' from command line to 'None'
[8.807s] Level 5:colcon.colcon_core.verb:set package 'smartcart_description' build argument 'catkin_cmake_args' from command line to 'None'
[8.807s] Level 5:colcon.colcon_core.verb:set package 'smartcart_description' build argument 'catkin_skip_building_tests' from command line to 'False'
[8.807s] DEBUG:colcon.colcon_core.verb:Building package 'smartcart_description' with the following arguments: {'ament_cmake_args': None, 'build_base': '/home/hari-aswath/Projects/smartcart/simulation/smartcart_ws/build/smartcart_description', 'catkin_cmake_args': None, 'catkin_skip_building_tests': False, 'cmake_args': None, 'cmake_clean_cache': False, 'cmake_clean_first': False, 'cmake_force_configure': False, 'cmake_target': None, 'cmake_target_skip_unavailable': False, 'install_base': '/home/hari-aswath/Projects/smartcart/simulation/smartcart_ws/install/smartcart_description', 'merge_install': False, 'path': '/home/hari-aswath/Projects/smartcart/simulation/smartcart_ws/src/smartcart_description', 'symlink_install': False, 'test_result_base': None}
[8.808s] Level 5:colcon.colcon_core.verb:set package 'smartcart_gazebo' build argument 'cmake_args' from command line to 'None'
[8.808s] Level 5:colcon.colcon_core.verb:set package 'smartcart_gazebo' build argument 'cmake_target' from command line to 'None'
[8.808s] Level 5:colcon.colcon_core.verb:set package 'smartcart_gazebo' build argument 'cmake_target_skip_unavailable' from command line to 'False'
[8.808s] Level 5:colcon.colcon_core.verb:set package 'smartcart_gazebo' build argument 'cmake_clean_cache' from command line to 'False'
[8.808s] Level 5:colcon.colcon_core.verb:set package 'smartcart_gazebo' build argument 'cmake_clean_first' from command line to 'False'
[8.808s] Level 5:colcon.colcon_core.verb:set package 'smartcart_gazebo' build argument 'cmake_force_configure' from command line to 'False'
[8.808s] Level 5:colcon.colcon_core.verb:set package 'smartcart_gazebo' build argument 'ament_cmake_args' from command line to 'None'
[8.808s] Level 5:colcon.colcon_core.verb:set package 'smartcart_gazebo' build argument 'catkin_cmake_args' from command line to 'None'
[8.808s] Level 5:colcon.colcon_core.verb:set package 'smartcart_gazebo' build argument 'catkin_skip_building_tests' from command line to 'False'
[8.808s] DEBUG:colcon.colcon_core.verb:Building package 'smartcart_gazebo' with the following arguments: {'ament_cmake_args': None, 'build_base': '/home/hari-aswath/Projects/smartcart/simulation/smartcart_ws/build/smartcart_gazebo', 'catkin_cmake_args': None, 'catkin_skip_building_tests': False, 'cmake_args': None, 'cmake_clean_cache': False, 'cmake_clean_first': False, 'cmake_force_configure': False, 'cmake_target': None, 'cmake_target_skip_unavailable': False, 'install_base': '/home/hari-aswath/Projects/smartcart/simulation/smartcart_ws/install/smartcart_gazebo', 'merge_install': False, 'path': '/home/hari-aswath/Projects/smartcart/simulation/smartcart_ws/src/smartcart_gazebo', 'symlink_install': False, 'test_result_base': None}
[8.808s] INFO:colcon.colcon_core.executor:Executing jobs using 'parallel' executor
[8.810s] DEBUG:colcon.colcon_parallel_executor.executor.parallel:run_until_complete
[8.810s] INFO:colcon.colcon_ros.task.ament_cmake.build:Building ROS package in '/home/hari-aswath/Projects/smartcart/simulation/smartcart_ws/src/smartcart_description' with build type 'ament_cmake'
[8.810s] INFO:colcon.colcon_cmake.task.cmake.build:Building CMake package in '/home/hari-aswath/Projects/smartcart/simulation/smartcart_ws/src/smartcart_description'
[8.861s] INFO:colcon.colcon_core.plugin_system:Skipping extension 'colcon_core.shell.bat': Not used on non-Windows systems
[8.861s] INFO:colcon.colcon_core.shell:Skip shell extension 'powershell' for command environment: Not usable outside of PowerShell
[8.861s] DEBUG:colcon.colcon_core.shell:Skip shell extension 'dsv' for command environment
[8.877s] INFO:colcon.colcon_ros.task.ament_cmake.build:Building ROS package in '/home/hari-aswath/Projects/smartcart/simulation/smartcart_ws/src/smartcart_gazebo' with build type 'ament_cmake'
[8.877s] INFO:colcon.colcon_cmake.task.cmake.build:Building CMake package in '/home/hari-aswath/Projects/smartcart/simulation/smartcart_ws/src/smartcart_gazebo'
[8.878s] INFO:colcon.colcon_core.shell:Skip shell extension 'powershell' for command environment: Not usable outside of PowerShell
[8.878s] DEBUG:colcon.colcon_core.shell:Skip shell extension 'dsv' for command environment
[8.951s] DEBUG:colcon.colcon_core.event_handler.log_command:Invoking command in '/home/hari-aswath/Projects/smartcart/simulation/smartcart_ws/build/smartcart_gazebo': CMAKE_PREFIX_PATH=${CMAKE_PREFIX_PATH}:/opt/ros/jazzy DEBUGINFOD_URLS=https://debuginfod.ubuntu.com /usr/bin/cmake --build /home/hari-aswath/Projects/smartcart/simulation/smartcart_ws/build/smartcart_gazebo -- -j4 -l4
[9.183s] DEBUG:colcon.colcon_core.event_handler.log_command:Invoking command in '/home/hari-aswath/Projects/smartcart/simulation/smartcart_ws/build/smartcart_description': CMAKE_PREFIX_PATH=${CMAKE_PREFIX_PATH}:/opt/ros/jazzy DEBUGINFOD_URLS=https://debuginfod.ubuntu.com /usr/bin/cmake --build /home/hari-aswath/Projects/smartcart/simulation/smartcart_ws/build/smartcart_description -- -j4 -l4
[9.782s] DEBUG:colcon.colcon_core.event_handler.log_command:Invoked command in '/home/hari-aswath/Projects/smartcart/simulation/smartcart_ws/build/smartcart_gazebo' returned '0': CMAKE_PREFIX_PATH=${CMAKE_PREFIX_PATH}:/opt/ros/jazzy DEBUGINFOD_URLS=https://debuginfod.ubuntu.com /usr/bin/cmake --build /home/hari-aswath/Projects/smartcart/simulation/smartcart_ws/build/smartcart_gazebo -- -j4 -l4
[9.814s] DEBUG:colcon.colcon_core.event_handler.log_command:Invoking command in '/home/hari-aswath/Projects/smartcart/simulation/smartcart_ws/build/smartcart_gazebo': CMAKE_PREFIX_PATH=${CMAKE_PREFIX_PATH}:/opt/ros/jazzy DEBUGINFOD_URLS=https://debuginfod.ubuntu.com /usr/bin/cmake --install /home/hari-aswath/Projects/smartcart/simulation/smartcart_ws/build/smartcart_gazebo
[9.816s] DEBUG:colcon.colcon_core.event_handler.log_command:Invoked command in '/home/hari-aswath/Projects/smartcart/simulation/smartcart_ws/build/smartcart_description' returned '0': CMAKE_PREFIX_PATH=${CMAKE_PREFIX_PATH}:/opt/ros/jazzy DEBUGINFOD_URLS=https://debuginfod.ubuntu.com /usr/bin/cmake --build /home/hari-aswath/Projects/smartcart/simulation/smartcart_ws/build/smartcart_description -- -j4 -l4
[9.820s] DEBUG:colcon.colcon_core.event_handler.log_command:Invoking command in '/home/hari-aswath/Projects/smartcart/simulation/smartcart_ws/build/smartcart_description': CMAKE_PREFIX_PATH=${CMAKE_PREFIX_PATH}:/opt/ros/jazzy DEBUGINFOD_URLS=https://debuginfod.ubuntu.com /usr/bin/cmake --install /home/hari-aswath/Projects/smartcart/simulation/smartcart_ws/build/smartcart_description
[9.861s] Level 1:colcon.colcon_core.environment:create_environment_scripts_only(smartcart_gazebo)
[9.863s] DEBUG:colcon.colcon_core.event_handler.log_command:Invoked command in '/home/hari-aswath/Projects/smartcart/simulation/smartcart_ws/build/smartcart_gazebo' returned '0': CMAKE_PREFIX_PATH=${CMAKE_PREFIX_PATH}:/opt/ros/jazzy DEBUGINFOD_URLS=https://debuginfod.ubuntu.com /usr/bin/cmake --install /home/hari-aswath/Projects/smartcart/simulation/smartcart_ws/build/smartcart_gazebo
[9.951s] Level 1:colcon.colcon_core.environment:checking '/home/hari-aswath/Projects/smartcart/simulation/smartcart_ws/install/smartcart_gazebo' for CMake module files
[9.954s] Level 1:colcon.colcon_core.environment:checking '/home/hari-aswath/Projects/smartcart/simulation/smartcart_ws/install/smartcart_gazebo' for CMake config files
[9.955s] Level 1:colcon.colcon_core.shell:create_environment_hook('smartcart_gazebo', 'cmake_prefix_path')
[9.956s] INFO:colcon.colcon_core.shell:Creating environment hook '/home/hari-aswath/Projects/smartcart/simulation/smartcart_ws/install/smartcart_gazebo/share/smartcart_gazebo/hook/cmake_prefix_path.ps1'
[9.975s] INFO:colcon.colcon_core.shell:Creating environment descriptor '/home/hari-aswath/Projects/smartcart/simulation/smartcart_ws/install/smartcart_gazebo/share/smartcart_gazebo/hook/cmake_prefix_path.dsv'
[9.993s] INFO:colcon.colcon_core.shell:Creating environment hook '/home/hari-aswath/Projects/smartcart/simulation/smartcart_ws/install/smartcart_gazebo/share/smartcart_gazebo/hook/cmake_prefix_path.sh'
[9.997s] Level 1:colcon.colcon_core.environment:checking '/home/hari-aswath/Projects/smartcart/simulation/smartcart_ws/install/smartcart_gazebo/bin'
[9.998s] Level 1:colcon.colcon_core.environment:checking '/home/hari-aswath/Projects/smartcart/simulation/smartcart_ws/install/smartcart_gazebo/lib/pkgconfig/smartcart_gazebo.pc'
[9.999s] Level 1:colcon.colcon_core.environment:checking '/home/hari-aswath/Projects/smartcart/simulation/smartcart_ws/install/smartcart_gazebo/lib/python3.12/site-packages'
[10.000s] Level 1:colcon.colcon_core.environment:checking '/home/hari-aswath/Projects/smartcart/simulation/smartcart_ws/install/smartcart_gazebo/bin'
[10.001s] INFO:colcon.colcon_core.shell:Creating package script '/home/hari-aswath/Projects/smartcart/simulation/smartcart_ws/install/smartcart_gazebo/share/smartcart_gazebo/package.ps1'
[10.006s] INFO:colcon.colcon_core.shell:Creating package descriptor '/home/hari-aswath/Projects/smartcart/simulation/smartcart_ws/install/smartcart_gazebo/share/smartcart_gazebo/package.dsv'
[10.008s] INFO:colcon.colcon_core.shell:Creating package script '/home/hari-aswath/Projects/smartcart/simulation/smartcart_ws/install/smartcart_gazebo/share/smartcart_gazebo/package.sh'
[10.013s] INFO:colcon.colcon_core.shell:Creating package script '/home/hari-aswath/Projects/smartcart/simulation/smartcart_ws/install/smartcart_gazebo/share/smartcart_gazebo/package.bash'
[10.060s] INFO:colcon.colcon_core.shell:Creating package script '/home/hari-aswath/Projects/smartcart/simulation/smartcart_ws/install/smartcart_gazebo/share/smartcart_gazebo/package.zsh'
[10.078s] Level 1:colcon.colcon_core.environment:create_file_with_runtime_dependencies(/home/hari-aswath/Projects/smartcart/simulation/smartcart_ws/install/smartcart_gazebo/share/colcon-core/packages/smartcart_gazebo)
[10.081s] Level 1:colcon.colcon_core.environment:create_environment_scripts_only(smartcart_gazebo)
[10.081s] Level 1:colcon.colcon_core.environment:checking '/home/hari-aswath/Projects/smartcart/simulation/smartcart_ws/install/smartcart_gazebo' for CMake module files
[10.084s] Level 1:colcon.colcon_core.environment:checking '/home/hari-aswath/Projects/smartcart/simulation/smartcart_ws/install/smartcart_gazebo' for CMake config files
[10.085s] Level 1:colcon.colcon_core.shell:create_environment_hook('smartcart_gazebo', 'cmake_prefix_path')
[10.085s] INFO:colcon.colcon_core.shell:Creating environment hook '/home/hari-aswath/Projects/smartcart/simulation/smartcart_ws/install/smartcart_gazebo/share/smartcart_gazebo/hook/cmake_prefix_path.ps1'
[10.088s] INFO:colcon.colcon_core.shell:Creating environment descriptor '/home/hari-aswath/Projects/smartcart/simulation/smartcart_ws/install/smartcart_gazebo/share/smartcart_gazebo/hook/cmake_prefix_path.dsv'
[10.089s] INFO:colcon.colcon_core.shell:Creating environment hook '/home/hari-aswath/Projects/smartcart/simulation/smartcart_ws/install/smartcart_gazebo/share/smartcart_gazebo/hook/cmake_prefix_path.sh'
[10.091s] Level 1:colcon.colcon_core.environment:checking '/home/hari-aswath/Projects/smartcart/simulation/smartcart_ws/install/smartcart_gazebo/bin'
[10.092s] Level 1:colcon.colcon_core.environment:checking '/home/hari-aswath/Projects/smartcart/simulation/smartcart_ws/install/smartcart_gazebo/lib/pkgconfig/smartcart_gazebo.pc'
[10.093s] Level 1:colcon.colcon_core.environment:checking '/home/hari-aswath/Projects/smartcart/simulation/smartcart_ws/install/smartcart_gazebo/lib/python3.12/site-packages'
[10.095s] Level 1:colcon.colcon_core.environment:checking '/home/hari-aswath/Projects/smartcart/simulation/smartcart_ws/install/smartcart_gazebo/bin'
[10.096s] INFO:colcon.colcon_core.shell:Creating package script '/home/hari-aswath/Projects/smartcart/simulation/smartcart_ws/install/smartcart_gazebo/share/smartcart_gazebo/package.ps1'
[10.099s] INFO:colcon.colcon_core.shell:Creating package descriptor '/home/hari-aswath/Projects/smartcart/simulation/smartcart_ws/install/smartcart_gazebo/share/smartcart_gazebo/package.dsv'
[10.100s] INFO:colcon.colcon_core.shell:Creating package script '/home/hari-aswath/Projects/smartcart/simulation/smartcart_ws/install/smartcart_gazebo/share/smartcart_gazebo/package.sh'
[10.102s] INFO:colcon.colcon_core.shell:Creating package script '/home/hari-aswath/Projects/smartcart/simulation/smartcart_ws/install/smartcart_gazebo/share/smartcart_gazebo/package.bash'
[10.104s] INFO:colcon.colcon_core.shell:Creating package script '/home/hari-aswath/Projects/smartcart/simulation/smartcart_ws/install/smartcart_gazebo/share/smartcart_gazebo/package.zsh'
[10.105s] Level 1:colcon.colcon_core.environment:create_file_with_runtime_dependencies(/home/hari-aswath/Projects/smartcart/simulation/smartcart_ws/install/smartcart_gazebo/share/colcon-core/packages/smartcart_gazebo)
[10.110s] Level 1:colcon.colcon_core.environment:create_environment_scripts_only(smartcart_description)
[10.111s] Level 1:colcon.colcon_core.environment:checking '/home/hari-aswath/Projects/smartcart/simulation/smartcart_ws/install/smartcart_description' for CMake module files
[10.113s] DEBUG:colcon.colcon_core.event_handler.log_command:Invoked command in '/home/hari-aswath/Projects/smartcart/simulation/smartcart_ws/build/smartcart_description' returned '0': CMAKE_PREFIX_PATH=${CMAKE_PREFIX_PATH}:/opt/ros/jazzy DEBUGINFOD_URLS=https://debuginfod.ubuntu.com /usr/bin/cmake --install /home/hari-aswath/Projects/smartcart/simulation/smartcart_ws/build/smartcart_description
[10.118s] Level 1:colcon.colcon_core.environment:checking '/home/hari-aswath/Projects/smartcart/simulation/smartcart_ws/install/smartcart_description' for CMake config files
[10.124s] Level 1:colcon.colcon_core.shell:create_environment_hook('smartcart_description', 'cmake_prefix_path')
[10.124s] INFO:colcon.colcon_core.shell:Creating environment hook '/home/hari-aswath/Projects/smartcart/simulation/smartcart_ws/install/smartcart_description/share/smartcart_description/hook/cmake_prefix_path.ps1'
[10.127s] INFO:colcon.colcon_core.shell:Creating environment descriptor '/home/hari-aswath/Projects/smartcart/simulation/smartcart_ws/install/smartcart_description/share/smartcart_description/hook/cmake_prefix_path.dsv'
[10.128s] INFO:colcon.colcon_core.shell:Creating environment hook '/home/hari-aswath/Projects/smartcart/simulation/smartcart_ws/install/smartcart_description/share/smartcart_description/hook/cmake_prefix_path.sh'
[10.129s] Level 1:colcon.colcon_core.environment:checking '/home/hari-aswath/Projects/smartcart/simulation/smartcart_ws/install/smartcart_description/bin'
[10.129s] Level 1:colcon.colcon_core.environment:checking '/home/hari-aswath/Projects/smartcart/simulation/smartcart_ws/install/smartcart_description/lib/pkgconfig/smartcart_description.pc'
[10.130s] Level 1:colcon.colcon_core.environment:checking '/home/hari-aswath/Projects/smartcart/simulation/smartcart_ws/install/smartcart_description/lib/python3.12/site-packages'
[10.130s] Level 1:colcon.colcon_core.environment:checking '/home/hari-aswath/Projects/smartcart/simulation/smartcart_ws/install/smartcart_description/bin'
[10.131s] INFO:colcon.colcon_core.shell:Creating package script '/home/hari-aswath/Projects/smartcart/simulation/smartcart_ws/install/smartcart_description/share/smartcart_description/package.ps1'
[10.132s] INFO:colcon.colcon_core.shell:Creating package descriptor '/home/hari-aswath/Projects/smartcart/simulation/smartcart_ws/install/smartcart_description/share/smartcart_description/package.dsv'
[10.133s] INFO:colcon.colcon_core.shell:Creating package script '/home/hari-aswath/Projects/smartcart/simulation/smartcart_ws/install/smartcart_description/share/smartcart_description/package.sh'
[10.133s] INFO:colcon.colcon_core.shell:Creating package script '/home/hari-aswath/Projects/smartcart/simulation/smartcart_ws/install/smartcart_description/share/smartcart_description/package.bash'
[10.134s] INFO:colcon.colcon_core.shell:Creating package script '/home/hari-aswath/Projects/smartcart/simulation/smartcart_ws/install/smartcart_description/share/smartcart_description/package.zsh'
[10.135s] Level 1:colcon.colcon_core.environment:create_file_with_runtime_dependencies(/home/hari-aswath/Projects/smartcart/simulation/smartcart_ws/install/smartcart_description/share/colcon-core/packages/smartcart_description)
[10.137s] Level 1:colcon.colcon_core.environment:create_environment_scripts_only(smartcart_description)
[10.138s] Level 1:colcon.colcon_core.environment:checking '/home/hari-aswath/Projects/smartcart/simulation/smartcart_ws/install/smartcart_description' for CMake module files
[10.140s] Level 1:colcon.colcon_core.environment:checking '/home/hari-aswath/Projects/smartcart/simulation/smartcart_ws/install/smartcart_description' for CMake config files
[10.141s] Level 1:colcon.colcon_core.shell:create_environment_hook('smartcart_description', 'cmake_prefix_path')
[10.142s] INFO:colcon.colcon_core.shell:Creating environment hook '/home/hari-aswath/Projects/smartcart/simulation/smartcart_ws/install/smartcart_description/share/smartcart_description/hook/cmake_prefix_path.ps1'
[10.144s] INFO:colcon.colcon_core.shell:Creating environment descriptor '/home/hari-aswath/Projects/smartcart/simulation/smartcart_ws/install/smartcart_description/share/smartcart_description/hook/cmake_prefix_path.dsv'
[10.145s] INFO:colcon.colcon_core.shell:Creating environment hook '/home/hari-aswath/Projects/smartcart/simulation/smartcart_ws/install/smartcart_description/share/smartcart_description/hook/cmake_prefix_path.sh'
[10.147s] Level 1:colcon.colcon_core.environment:checking '/home/hari-aswath/Projects/smartcart/simulation/smartcart_ws/install/smartcart_description/bin'
[10.147s] Level 1:colcon.colcon_core.environment:checking '/home/hari-aswath/Projects/smartcart/simulation/smartcart_ws/install/smartcart_description/lib/pkgconfig/smartcart_description.pc'
[10.148s] Level 1:colcon.colcon_core.environment:checking '/home/hari-aswath/Projects/smartcart/simulation/smartcart_ws/install/smartcart_description/lib/python3.12/site-packages'
[10.149s] Level 1:colcon.colcon_core.environment:checking '/home/hari-aswath/Projects/smartcart/simulation/smartcart_ws/install/smartcart_description/bin'
[10.150s] INFO:colcon.colcon_core.shell:Creating package script '/home/hari-aswath/Projects/smartcart/simulation/smartcart_ws/install/smartcart_description/share/smartcart_description/package.ps1'
[10.151s] INFO:colcon.colcon_core.shell:Creating package descriptor '/home/hari-aswath/Projects/smartcart/simulation/smartcart_ws/install/smartcart_description/share/smartcart_description/package.dsv'
[10.153s] INFO:colcon.colcon_core.shell:Creating package script '/home/hari-aswath/Projects/smartcart/simulation/smartcart_ws/install/smartcart_description/share/smartcart_description/package.sh'
[10.154s] INFO:colcon.colcon_core.shell:Creating package script '/home/hari-aswath/Projects/smartcart/simulation/smartcart_ws/install/smartcart_description/share/smartcart_description/package.bash'
[10.155s] INFO:colcon.colcon_core.shell:Creating package script '/home/hari-aswath/Projects/smartcart/simulation/smartcart_ws/install/smartcart_description/share/smartcart_description/package.zsh'
[10.155s] Level 1:colcon.colcon_core.environment:create_file_with_runtime_dependencies(/home/hari-aswath/Projects/smartcart/simulation/smartcart_ws/install/smartcart_description/share/colcon-core/packages/smartcart_description)
[10.156s] DEBUG:colcon.colcon_parallel_executor.executor.parallel:closing loop
[10.156s] DEBUG:colcon.colcon_parallel_executor.executor.parallel:loop closed
[10.156s] DEBUG:colcon.colcon_parallel_executor.executor.parallel:run_until_complete finished with '0'
[10.156s] DEBUG:colcon.colcon_core.event_reactor:joining thread
[10.217s] INFO:colcon.colcon_core.plugin_system:Skipping extension 'colcon_notification.desktop_notification.terminal_notifier': Not used on non-Darwin systems
[10.217s] INFO:colcon.colcon_core.plugin_system:Skipping extension 'colcon_notification.desktop_notification.win32': Not used on non-Windows systems
[10.217s] INFO:colcon.colcon_notification.desktop_notification:Sending desktop notification using 'notify2'
[10.323s] DEBUG:colcon.colcon_core.event_reactor:joined thread
[10.324s] INFO:colcon.colcon_core.shell:Creating prefix script '/home/hari-aswath/Projects/smartcart/simulation/smartcart_ws/install/local_setup.ps1'
[10.326s] INFO:colcon.colcon_core.shell:Creating prefix util module '/home/hari-aswath/Projects/smartcart/simulation/smartcart_ws/install/_local_setup_util_ps1.py'
[10.330s] INFO:colcon.colcon_core.shell:Creating prefix chain script '/home/hari-aswath/Projects/smartcart/simulation/smartcart_ws/install/setup.ps1'
[10.333s] INFO:colcon.colcon_core.shell:Creating prefix script '/home/hari-aswath/Projects/smartcart/simulation/smartcart_ws/install/local_setup.sh'
[10.336s] INFO:colcon.colcon_core.shell:Creating prefix util module '/home/hari-aswath/Projects/smartcart/simulation/smartcart_ws/install/_local_setup_util_sh.py'
[10.339s] INFO:colcon.colcon_core.shell:Creating prefix chain script '/home/hari-aswath/Projects/smartcart/simulation/smartcart_ws/install/setup.sh'
[10.342s] INFO:colcon.colcon_core.shell:Creating prefix script '/home/hari-aswath/Projects/smartcart/simulation/smartcart_ws/install/local_setup.bash'
[10.344s] INFO:colcon.colcon_core.shell:Creating prefix chain script '/home/hari-aswath/Projects/smartcart/simulation/smartcart_ws/install/setup.bash'
[10.347s] INFO:colcon.colcon_core.shell:Creating prefix script '/home/hari-aswath/Projects/smartcart/simulation/smartcart_ws/install/local_setup.zsh'
[10.348s] INFO:colcon.colcon_core.shell:Creating prefix chain script '/home/hari-aswath/Projects/smartcart/simulation/smartcart_ws/install/setup.zsh'
