[0.077s] Invoking command in '/home/hari-aswath/Projects/smartcart/simulation/smartcart_ws/build/smartcart_gazebo': CMAKE_PREFIX_PATH=${CMAKE_PREFIX_PATH}:/opt/ros/jazzy DEBUGINFOD_URLS=https://debuginfod.ubuntu.com /usr/bin/cmake --build /home/hari-aswath/Projects/smartcart/simulation/smartcart_ws/build/smartcart_gazebo -- -j4 -l4
[1.143s] Invoked command in '/home/hari-aswath/Projects/smartcart/simulation/smartcart_ws/build/smartcart_gazebo' returned '0': CMAKE_PREFIX_PATH=${CMAKE_PREFIX_PATH}:/opt/ros/jazzy DEBUGINFOD_URLS=https://debuginfod.ubuntu.com /usr/bin/cmake --build /home/hari-aswath/Projects/smartcart/simulation/smartcart_ws/build/smartcart_gazebo -- -j4 -l4
[1.262s] Invoking command in '/home/hari-aswath/Projects/smartcart/simulation/smartcart_ws/build/smartcart_gazebo': CMAKE_PREFIX_PATH=${CMAKE_PREFIX_PATH}:/opt/ros/jazzy DEBUGINFOD_URLS=https://debuginfod.ubuntu.com /usr/bin/cmake --install /home/hari-aswath/Projects/smartcart/simulation/smartcart_ws/build/smartcart_gazebo
[1.313s] -- Install configuration: ""
[1.324s] -- Up-to-date: /home/hari-aswath/Projects/smartcart/simulation/smartcart_ws/install/smartcart_gazebo/share/smartcart_gazebo/launch
[1.324s] -- Up-to-date: /home/hari-aswath/Projects/smartcart/simulation/smartcart_ws/install/smartcart_gazebo/share/smartcart_gazebo/launch/smartcart.launch.py
[1.325s] -- Up-to-date: /home/hari-aswath/Projects/smartcart/simulation/smartcart_ws/install/smartcart_gazebo/share/smartcart_gazebo/worlds
[1.327s] -- Up-to-date: /home/hari-aswath/Projects/smartcart/simulation/smartcart_ws/install/smartcart_gazebo/share/smartcart_gazebo/worlds/smartcart_world.sdf
[1.328s] -- Up-to-date: /home/hari-aswath/Projects/smartcart/simulation/smartcart_ws/install/smartcart_gazebo/share/smartcart_gazebo/models
[1.328s] -- Up-to-date: /home/hari-aswath/Projects/smartcart/simulation/smartcart_ws/install/smartcart_gazebo/share/smartcart_gazebo/config
[1.328s] -- Up-to-date: /home/hari-aswath/Projects/smartcart/simulation/smartcart_ws/install/smartcart_gazebo/share/ament_index/resource_index/package_run_dependencies/smartcart_gazebo
[1.328s] -- Up-to-date: /home/hari-aswath/Projects/smartcart/simulation/smartcart_ws/install/smartcart_gazebo/share/ament_index/resource_index/parent_prefix_path/smartcart_gazebo
[1.329s] -- Up-to-date: /home/hari-aswath/Projects/smartcart/simulation/smartcart_ws/install/smartcart_gazebo/share/smartcart_gazebo/environment/ament_prefix_path.sh
[1.329s] -- Up-to-date: /home/hari-aswath/Projects/smartcart/simulation/smartcart_ws/install/smartcart_gazebo/share/smartcart_gazebo/environment/ament_prefix_path.dsv
[1.330s] -- Up-to-date: /home/hari-aswath/Projects/smartcart/simulation/smartcart_ws/install/smartcart_gazebo/share/smartcart_gazebo/environment/path.sh
[1.330s] -- Up-to-date: /home/hari-aswath/Projects/smartcart/simulation/smartcart_ws/install/smartcart_gazebo/share/smartcart_gazebo/environment/path.dsv
[1.330s] -- Up-to-date: /home/hari-aswath/Projects/smartcart/simulation/smartcart_ws/install/smartcart_gazebo/share/smartcart_gazebo/local_setup.bash
[1.331s] -- Up-to-date: /home/hari-aswath/Projects/smartcart/simulation/smartcart_ws/install/smartcart_gazebo/share/smartcart_gazebo/local_setup.sh
[1.331s] -- Up-to-date: /home/hari-aswath/Projects/smartcart/simulation/smartcart_ws/install/smartcart_gazebo/share/smartcart_gazebo/local_setup.zsh
[1.331s] -- Up-to-date: /home/hari-aswath/Projects/smartcart/simulation/smartcart_ws/install/smartcart_gazebo/share/smartcart_gazebo/local_setup.dsv
[1.334s] -- Installing: /home/hari-aswath/Projects/smartcart/simulation/smartcart_ws/install/smartcart_gazebo/share/smartcart_gazebo/package.dsv
[1.346s] -- Up-to-date: /home/hari-aswath/Projects/smartcart/simulation/smartcart_ws/install/smartcart_gazebo/share/ament_index/resource_index/packages/smartcart_gazebo
[1.347s] -- Up-to-date: /home/hari-aswath/Projects/smartcart/simulation/smartcart_ws/install/smartcart_gazebo/share/smartcart_gazebo/cmake/smartcart_gazeboConfig.cmake
[1.347s] -- Up-to-date: /home/hari-aswath/Projects/smartcart/simulation/smartcart_ws/install/smartcart_gazebo/share/smartcart_gazebo/cmake/smartcart_gazeboConfig-version.cmake
[1.347s] -- Up-to-date: /home/hari-aswath/Projects/smartcart/simulation/smartcart_ws/install/smartcart_gazebo/share/smartcart_gazebo/package.xml
[1.351s] Invoked command in '/home/hari-aswath/Projects/smartcart/simulation/smartcart_ws/build/smartcart_gazebo' returned '0': CMAKE_PREFIX_PATH=${CMAKE_PREFIX_PATH}:/opt/ros/jazzy DEBUGINFOD_URLS=https://debuginfod.ubuntu.com /usr/bin/cmake --install /home/hari-aswath/Projects/smartcart/simulation/smartcart_ws/build/smartcart_gazebo
