[0.074s] Invoking command in '/home/hari-aswath/Projects/smartcart/simulation/smartcart_ws/build/smartcart_gazebo': CMAKE_PREFIX_PATH=${CMAKE_PREFIX_PATH}:/opt/ros/jazzy DEBUGINFOD_URLS=https://debuginfod.ubuntu.com /usr/bin/cmake --build /home/hari-aswath/Projects/smartcart/simulation/smartcart_ws/build/smartcart_gazebo -- -j4 -l4
[0.905s] Invoked command in '/home/hari-aswath/Projects/smartcart/simulation/smartcart_ws/build/smartcart_gazebo' returned '0': CMAKE_PREFIX_PATH=${CMAKE_PREFIX_PATH}:/opt/ros/jazzy DEBUGINFOD_URLS=https://debuginfod.ubuntu.com /usr/bin/cmake --build /home/hari-aswath/Projects/smartcart/simulation/smartcart_ws/build/smartcart_gazebo -- -j4 -l4
[0.938s] Invoking command in '/home/hari-aswath/Projects/smartcart/simulation/smartcart_ws/build/smartcart_gazebo': CMAKE_PREFIX_PATH=${CMAKE_PREFIX_PATH}:/opt/ros/jazzy DEBUGINFOD_URLS=https://debuginfod.ubuntu.com /usr/bin/cmake --install /home/hari-aswath/Projects/smartcart/simulation/smartcart_ws/build/smartcart_gazebo
[0.955s] -- Install configuration: ""
[0.956s] -- Up-to-date: /home/hari-aswath/Projects/smartcart/simulation/smartcart_ws/install/smartcart_gazebo/share/smartcart_gazebo/launch
[0.961s] -- Up-to-date: /home/hari-aswath/Projects/smartcart/simulation/smartcart_ws/install/smartcart_gazebo/share/smartcart_gazebo/launch/smartcart.launch.py
[0.961s] -- Up-to-date: /home/hari-aswath/Projects/smartcart/simulation/smartcart_ws/install/smartcart_gazebo/share/smartcart_gazebo/worlds
[0.961s] -- Installing: /home/hari-aswath/Projects/smartcart/simulation/smartcart_ws/install/smartcart_gazebo/share/smartcart_gazebo/worlds/smartcart_world.sdf
[0.961s] -- Up-to-date: /home/hari-aswath/Projects/smartcart/simulation/smartcart_ws/install/smartcart_gazebo/share/smartcart_gazebo/models
[0.962s] -- Installing: /home/hari-aswath/Projects/smartcart/simulation/smartcart_ws/install/smartcart_gazebo/share/smartcart_gazebo/models/human
[0.962s] -- Installing: /home/hari-aswath/Projects/smartcart/simulation/smartcart_ws/install/smartcart_gazebo/share/smartcart_gazebo/models/human/model.sdf
[0.962s] -- Up-to-date: /home/hari-aswath/Projects/smartcart/simulation/smartcart_ws/install/smartcart_gazebo/share/smartcart_gazebo/config
[0.965s] -- Up-to-date: /home/hari-aswath/Projects/smartcart/simulation/smartcart_ws/install/smartcart_gazebo/share/ament_index/resource_index/package_run_dependencies/smartcart_gazebo
[0.965s] -- Up-to-date: /home/hari-aswath/Projects/smartcart/simulation/smartcart_ws/install/smartcart_gazebo/share/ament_index/resource_index/parent_prefix_path/smartcart_gazebo
[0.965s] -- Up-to-date: /home/hari-aswath/Projects/smartcart/simulation/smartcart_ws/install/smartcart_gazebo/share/smartcart_gazebo/environment/ament_prefix_path.sh
[0.965s] -- Up-to-date: /home/hari-aswath/Projects/smartcart/simulation/smartcart_ws/install/smartcart_gazebo/share/smartcart_gazebo/environment/ament_prefix_path.dsv
[0.965s] -- Up-to-date: /home/hari-aswath/Projects/smartcart/simulation/smartcart_ws/install/smartcart_gazebo/share/smartcart_gazebo/environment/path.sh
[0.966s] -- Up-to-date: /home/hari-aswath/Projects/smartcart/simulation/smartcart_ws/install/smartcart_gazebo/share/smartcart_gazebo/environment/path.dsv
[0.966s] -- Up-to-date: /home/hari-aswath/Projects/smartcart/simulation/smartcart_ws/install/smartcart_gazebo/share/smartcart_gazebo/local_setup.bash
[0.966s] -- Up-to-date: /home/hari-aswath/Projects/smartcart/simulation/smartcart_ws/install/smartcart_gazebo/share/smartcart_gazebo/local_setup.sh
[0.966s] -- Up-to-date: /home/hari-aswath/Projects/smartcart/simulation/smartcart_ws/install/smartcart_gazebo/share/smartcart_gazebo/local_setup.zsh
[0.966s] -- Up-to-date: /home/hari-aswath/Projects/smartcart/simulation/smartcart_ws/install/smartcart_gazebo/share/smartcart_gazebo/local_setup.dsv
[0.966s] -- Installing: /home/hari-aswath/Projects/smartcart/simulation/smartcart_ws/install/smartcart_gazebo/share/smartcart_gazebo/package.dsv
[0.982s] -- Up-to-date: /home/hari-aswath/Projects/smartcart/simulation/smartcart_ws/install/smartcart_gazebo/share/ament_index/resource_index/packages/smartcart_gazebo
[0.982s] -- Up-to-date: /home/hari-aswath/Projects/smartcart/simulation/smartcart_ws/install/smartcart_gazebo/share/smartcart_gazebo/cmake/smartcart_gazeboConfig.cmake
[0.983s] -- Up-to-date: /home/hari-aswath/Projects/smartcart/simulation/smartcart_ws/install/smartcart_gazebo/share/smartcart_gazebo/cmake/smartcart_gazeboConfig-version.cmake
[0.983s] -- Up-to-date: /home/hari-aswath/Projects/smartcart/simulation/smartcart_ws/install/smartcart_gazebo/share/smartcart_gazebo/package.xml
[0.986s] Invoked command in '/home/hari-aswath/Projects/smartcart/simulation/smartcart_ws/build/smartcart_gazebo' returned '0': CMAKE_PREFIX_PATH=${CMAKE_PREFIX_PATH}:/opt/ros/jazzy DEBUGINFOD_URLS=https://debuginfod.ubuntu.com /usr/bin/cmake --install /home/hari-aswath/Projects/smartcart/simulation/smartcart_ws/build/smartcart_gazebo
