[0.072s] Invoking command in '/home/hari-aswath/Projects/smartcart/simulation/smartcart_ws/build/smartcart_gazebo': CMAKE_PREFIX_PATH=${CMAKE_PREFIX_PATH}:/opt/ros/jazzy DEBUGINFOD_URLS=https://debuginfod.ubuntu.com /usr/bin/cmake /home/hari-aswath/Projects/smartcart/simulation/smartcart_ws/src/smartcart_gazebo -DCMAKE_INSTALL_PREFIX=/home/hari-aswath/Projects/smartcart/simulation/smartcart_ws/install/smartcart_gazebo
[3.462s] -- The C compiler identification is GNU 13.3.0
[4.690s] -- The CXX compiler identification is GNU 13.3.0
[4.938s] -- Detecting C compiler ABI info
[5.440s] -- Detecting C compiler ABI info - done
[5.466s] -- Check for working C compiler: /usr/bin/cc - skipped
[5.468s] -- Detecting C compile features
[5.492s] -- Detecting C compile features - done
[5.565s] -- Detecting CXX compiler ABI info
[5.834s] -- Detecting CXX compiler ABI info - done
[5.861s] -- Check for working CXX compiler: /usr/bin/c++ - skipped
[5.862s] -- Detecting CXX compile features
[5.863s] -- Detecting CXX compile features - done
[6.148s] -- Found ament_cmake: 2.5.6 (/opt/ros/jazzy/share/ament_cmake/cmake)
[6.639s] -- Found Python3: /usr/bin/python3 (found version "3.12.3") found components: Interpreter 
[7.486s] -- Configuring done (6.7s)
[7.500s] -- Generating done (0.0s)
[7.523s] -- Build files have been written to: /home/hari-aswath/Projects/smartcart/simulation/smartcart_ws/build/smartcart_gazebo
[7.538s] Invoked command in '/home/hari-aswath/Projects/smartcart/simulation/smartcart_ws/build/smartcart_gazebo' returned '0': CMAKE_PREFIX_PATH=${CMAKE_PREFIX_PATH}:/opt/ros/jazzy DEBUGINFOD_URLS=https://debuginfod.ubuntu.com /usr/bin/cmake /home/hari-aswath/Projects/smartcart/simulation/smartcart_ws/src/smartcart_gazebo -DCMAKE_INSTALL_PREFIX=/home/hari-aswath/Projects/smartcart/simulation/smartcart_ws/install/smartcart_gazebo
[7.541s] Invoking command in '/home/hari-aswath/Projects/smartcart/simulation/smartcart_ws/build/smartcart_gazebo': CMAKE_PREFIX_PATH=${CMAKE_PREFIX_PATH}:/opt/ros/jazzy DEBUGINFOD_URLS=https://debuginfod.ubuntu.com /usr/bin/cmake --build /home/hari-aswath/Projects/smartcart/simulation/smartcart_ws/build/smartcart_gazebo -- -j4 -l4
[7.629s] Invoked command in '/home/hari-aswath/Projects/smartcart/simulation/smartcart_ws/build/smartcart_gazebo' returned '0': CMAKE_PREFIX_PATH=${CMAKE_PREFIX_PATH}:/opt/ros/jazzy DEBUGINFOD_URLS=https://debuginfod.ubuntu.com /usr/bin/cmake --build /home/hari-aswath/Projects/smartcart/simulation/smartcart_ws/build/smartcart_gazebo -- -j4 -l4
[7.651s] Invoking command in '/home/hari-aswath/Projects/smartcart/simulation/smartcart_ws/build/smartcart_gazebo': CMAKE_PREFIX_PATH=${CMAKE_PREFIX_PATH}:/opt/ros/jazzy DEBUGINFOD_URLS=https://debuginfod.ubuntu.com /usr/bin/cmake --install /home/hari-aswath/Projects/smartcart/simulation/smartcart_ws/build/smartcart_gazebo
[7.671s] -- Install configuration: ""
[7.671s] -- Installing: /home/hari-aswath/Projects/smartcart/simulation/smartcart_ws/install/smartcart_gazebo/share/smartcart_gazebo/launch
[7.675s] -- Installing: /home/hari-aswath/Projects/smartcart/simulation/smartcart_ws/install/smartcart_gazebo/share/smartcart_gazebo/launch/smartcart.launch.py
[7.684s] -- Installing: /home/hari-aswath/Projects/smartcart/simulation/smartcart_ws/install/smartcart_gazebo/share/smartcart_gazebo/worlds
[7.684s] -- Installing: /home/hari-aswath/Projects/smartcart/simulation/smartcart_ws/install/smartcart_gazebo/share/smartcart_gazebo/worlds/smartcart_world.sdf
[7.717s] -- Installing: /home/hari-aswath/Projects/smartcart/simulation/smartcart_ws/install/smartcart_gazebo/share/smartcart_gazebo/models
[7.717s] -- Installing: /home/hari-aswath/Projects/smartcart/simulation/smartcart_ws/install/smartcart_gazebo/share/smartcart_gazebo/config
[7.718s] -- Installing: /home/hari-aswath/Projects/smartcart/simulation/smartcart_ws/install/smartcart_gazebo/share/ament_index/resource_index/package_run_dependencies/smartcart_gazebo
[7.718s] -- Installing: /home/hari-aswath/Projects/smartcart/simulation/smartcart_ws/install/smartcart_gazebo/share/ament_index/resource_index/parent_prefix_path/smartcart_gazebo
[7.719s] -- Installing: /home/hari-aswath/Projects/smartcart/simulation/smartcart_ws/install/smartcart_gazebo/share/smartcart_gazebo/environment/ament_prefix_path.sh
[7.720s] -- Installing: /home/hari-aswath/Projects/smartcart/simulation/smartcart_ws/install/smartcart_gazebo/share/smartcart_gazebo/environment/ament_prefix_path.dsv
[7.720s] -- Installing: /home/hari-aswath/Projects/smartcart/simulation/smartcart_ws/install/smartcart_gazebo/share/smartcart_gazebo/environment/path.sh
[7.721s] -- Installing: /home/hari-aswath/Projects/smartcart/simulation/smartcart_ws/install/smartcart_gazebo/share/smartcart_gazebo/environment/path.dsv
[7.721s] -- Installing: /home/hari-aswath/Projects/smartcart/simulation/smartcart_ws/install/smartcart_gazebo/share/smartcart_gazebo/local_setup.bash
[7.722s] -- Installing: /home/hari-aswath/Projects/smartcart/simulation/smartcart_ws/install/smartcart_gazebo/share/smartcart_gazebo/local_setup.sh
[7.722s] -- Installing: /home/hari-aswath/Projects/smartcart/simulation/smartcart_ws/install/smartcart_gazebo/share/smartcart_gazebo/local_setup.zsh
[7.723s] -- Installing: /home/hari-aswath/Projects/smartcart/simulation/smartcart_ws/install/smartcart_gazebo/share/smartcart_gazebo/local_setup.dsv
[7.724s] -- Installing: /home/hari-aswath/Projects/smartcart/simulation/smartcart_ws/install/smartcart_gazebo/share/smartcart_gazebo/package.dsv
[7.724s] -- Installing: /home/hari-aswath/Projects/smartcart/simulation/smartcart_ws/install/smartcart_gazebo/share/ament_index/resource_index/packages/smartcart_gazebo
[7.725s] -- Installing: /home/hari-aswath/Projects/smartcart/simulation/smartcart_ws/install/smartcart_gazebo/share/smartcart_gazebo/cmake/smartcart_gazeboConfig.cmake
[7.726s] -- Installing: /home/hari-aswath/Projects/smartcart/simulation/smartcart_ws/install/smartcart_gazebo/share/smartcart_gazebo/cmake/smartcart_gazeboConfig-version.cmake
[7.726s] -- Installing: /home/hari-aswath/Projects/smartcart/simulation/smartcart_ws/install/smartcart_gazebo/share/smartcart_gazebo/package.xml
[7.850s] Invoked command in '/home/hari-aswath/Projects/smartcart/simulation/smartcart_ws/build/smartcart_gazebo' returned '0': CMAKE_PREFIX_PATH=${CMAKE_PREFIX_PATH}:/opt/ros/jazzy DEBUGINFOD_URLS=https://debuginfod.ubuntu.com /usr/bin/cmake --install /home/hari-aswath/Projects/smartcart/simulation/smartcart_ws/build/smartcart_gazebo
