[2.075s] DEBUG:colcon:Command line arguments: ['/usr/bin/colcon', 'build']
[2.075s] DEBUG:colcon:Parsed command line arguments: Namespace(log_base=None, log_level=None, verb_name='build', build_base='build', install_base='install', merge_install=False, symlink_install=False, test_result_base=None, continue_on_error=False, executor='parallel', parallel_workers=4, event_handlers=None, ignore_user_meta=False, metas=['./colcon.meta'], base_paths=['.'], packages_ignore=None, packages_ignore_regex=None, paths=None, packages_up_to=None, packages_up_to_regex=None, packages_above=None, packages_above_and_dependencies=None, packages_above_depth=None, packages_select_by_dep=None, packages_skip_by_dep=None, packages_skip_up_to=None, packages_select_build_failed=False, packages_skip_build_finished=False, packages_select_test_failures=False, packages_skip_test_passed=False, packages_select=None, packages_skip=None, packages_select_regex=None, packages_skip_regex=None, packages_start=None, packages_end=None, allow_overriding=[], cmake_args=None, cmake_target=None, cmake_target_skip_unavailable=False, cmake_clean_cache=False, cmake_clean_first=False, cmake_force_configure=False, ament_cmake_args=None, catkin_cmake_args=None, catkin_skip_building_tests=False, verb_parser=<colcon_defaults.argument_parser.defaults.DefaultArgumentsDecorator object at 0x766155cb1760>, verb_extension=<colcon_core.verb.build.BuildVerb object at 0x766155cb1670>, main=<bound method BuildVerb.main of <colcon_core.verb.build.BuildVerb object at 0x766155cb1670>>)
[3.066s] Level 1:colcon.colcon_core.package_discovery:discover_packages(colcon_meta) check parameters
[3.066s] Level 1:colcon.colcon_core.package_discovery:discover_packages(recursive) check parameters
[3.067s] Level 1:colcon.colcon_core.package_discovery:discover_packages(ignore) check parameters
[3.067s] Level 1:colcon.colcon_core.package_discovery:discover_packages(path) check parameters
[3.067s] Level 1:colcon.colcon_core.package_discovery:discover_packages(colcon_meta) discover
[3.067s] Level 1:colcon.colcon_core.package_discovery:discover_packages(recursive) discover
[3.067s] INFO:colcon.colcon_core.package_discovery:Crawling recursively for packages in '/home/hari-aswath/Projects/smartcart/simulation/smartcart_ws'
[3.067s] Level 1:colcon.colcon_core.package_identification:_identify(.) by extensions ['ignore', 'ignore_ament_install']
[3.067s] Level 1:colcon.colcon_core.package_identification:_identify(.) by extension 'ignore'
[3.067s] Level 1:colcon.colcon_core.package_identification:_identify(.) by extension 'ignore_ament_install'
[3.068s] Level 1:colcon.colcon_core.package_identification:_identify(.) by extensions ['colcon_pkg']
[3.068s] Level 1:colcon.colcon_core.package_identification:_identify(.) by extension 'colcon_pkg'
[3.068s] Level 1:colcon.colcon_core.package_identification:_identify(.) by extensions ['colcon_meta']
[3.068s] Level 1:colcon.colcon_core.package_identification:_identify(.) by extension 'colcon_meta'
[3.068s] Level 1:colcon.colcon_core.package_identification:_identify(.) by extensions ['ros']
[3.068s] Level 1:colcon.colcon_core.package_identification:_identify(.) by extension 'ros'
[3.319s] Level 1:colcon.colcon_core.package_identification:_identify(.) by extensions ['cmake', 'python']
[3.319s] Level 1:colcon.colcon_core.package_identification:_identify(.) by extension 'cmake'
[3.319s] Level 1:colcon.colcon_core.package_identification:_identify(.) by extension 'python'
[3.319s] Level 1:colcon.colcon_core.package_identification:_identify(.) by extensions ['python_setup_py']
[3.319s] Level 1:colcon.colcon_core.package_identification:_identify(.) by extension 'python_setup_py'
[3.320s] Level 1:colcon.colcon_core.package_identification:_identify(build) by extensions ['ignore', 'ignore_ament_install']
[3.320s] Level 1:colcon.colcon_core.package_identification:_identify(build) by extension 'ignore'
[3.320s] Level 1:colcon.colcon_core.package_identification:_identify(build) ignored
[3.321s] Level 1:colcon.colcon_core.package_identification:_identify(install) by extensions ['ignore', 'ignore_ament_install']
[3.321s] Level 1:colcon.colcon_core.package_identification:_identify(install) by extension 'ignore'
[3.321s] Level 1:colcon.colcon_core.package_identification:_identify(install) ignored
[3.321s] Level 1:colcon.colcon_core.package_identification:_identify(log) by extensions ['ignore', 'ignore_ament_install']
[3.322s] Level 1:colcon.colcon_core.package_identification:_identify(log) by extension 'ignore'
[3.322s] Level 1:colcon.colcon_core.package_identification:_identify(log) ignored
[3.322s] Level 1:colcon.colcon_core.package_identification:_identify(src) by extensions ['ignore', 'ignore_ament_install']
[3.322s] Level 1:colcon.colcon_core.package_identification:_identify(src) by extension 'ignore'
[3.323s] Level 1:colcon.colcon_core.package_identification:_identify(src) by extension 'ignore_ament_install'
[3.323s] Level 1:colcon.colcon_core.package_identification:_identify(src) by extensions ['colcon_pkg']
[3.323s] Level 1:colcon.colcon_core.package_identification:_identify(src) by extension 'colcon_pkg'
[3.323s] Level 1:colcon.colcon_core.package_identification:_identify(src) by extensions ['colcon_meta']
[3.323s] Level 1:colcon.colcon_core.package_identification:_identify(src) by extension 'colcon_meta'
[3.323s] Level 1:colcon.colcon_core.package_identification:_identify(src) by extensions ['ros']
[3.324s] Level 1:colcon.colcon_core.package_identification:_identify(src) by extension 'ros'
[3.324s] Level 1:colcon.colcon_core.package_identification:_identify(src) by extensions ['cmake', 'python']
[3.324s] Level 1:colcon.colcon_core.package_identification:_identify(src) by extension 'cmake'
[3.324s] Level 1:colcon.colcon_core.package_identification:_identify(src) by extension 'python'
[3.324s] Level 1:colcon.colcon_core.package_identification:_identify(src) by extensions ['python_setup_py']
[3.325s] Level 1:colcon.colcon_core.package_identification:_identify(src) by extension 'python_setup_py'
[3.325s] Level 1:colcon.colcon_core.package_identification:_identify(src/smartcart_description) by extensions ['ignore', 'ignore_ament_install']
[3.325s] Level 1:colcon.colcon_core.package_identification:_identify(src/smartcart_description) by extension 'ignore'
[3.326s] Level 1:colcon.colcon_core.package_identification:_identify(src/smartcart_description) by extension 'ignore_ament_install'
[3.326s] Level 1:colcon.colcon_core.package_identification:_identify(src/smartcart_description) by extensions ['colcon_pkg']
[3.326s] Level 1:colcon.colcon_core.package_identification:_identify(src/smartcart_description) by extension 'colcon_pkg'
[3.326s] Level 1:colcon.colcon_core.package_identification:_identify(src/smartcart_description) by extensions ['colcon_meta']
[3.326s] Level 1:colcon.colcon_core.package_identification:_identify(src/smartcart_description) by extension 'colcon_meta'
[3.326s] Level 1:colcon.colcon_core.package_identification:_identify(src/smartcart_description) by extensions ['ros']
[3.326s] Level 1:colcon.colcon_core.package_identification:_identify(src/smartcart_description) by extension 'ros'
[3.345s] DEBUG:colcon.colcon_core.package_identification:Package 'src/smartcart_description' with type 'ros.ament_cmake' and name 'smartcart_description'
[3.346s] Level 1:colcon.colcon_core.package_identification:_identify(src/smartcart_gazebo) by extensions ['ignore', 'ignore_ament_install']
[3.346s] Level 1:colcon.colcon_core.package_identification:_identify(src/smartcart_gazebo) by extension 'ignore'
[3.346s] Level 1:colcon.colcon_core.package_identification:_identify(src/smartcart_gazebo) by extension 'ignore_ament_install'
[3.346s] Level 1:colcon.colcon_core.package_identification:_identify(src/smartcart_gazebo) by extensions ['colcon_pkg']
[3.346s] Level 1:colcon.colcon_core.package_identification:_identify(src/smartcart_gazebo) by extension 'colcon_pkg'
[3.347s] Level 1:colcon.colcon_core.package_identification:_identify(src/smartcart_gazebo) by extensions ['colcon_meta']
[3.347s] Level 1:colcon.colcon_core.package_identification:_identify(src/smartcart_gazebo) by extension 'colcon_meta'
[3.347s] Level 1:colcon.colcon_core.package_identification:_identify(src/smartcart_gazebo) by extensions ['ros']
[3.347s] Level 1:colcon.colcon_core.package_identification:_identify(src/smartcart_gazebo) by extension 'ros'
[3.357s] DEBUG:colcon.colcon_core.package_identification:Package 'src/smartcart_gazebo' with type 'ros.ament_cmake' and name 'smartcart_gazebo'
[3.357s] Level 1:colcon.colcon_core.package_discovery:discover_packages(recursive) using defaults
[3.357s] Level 1:colcon.colcon_core.package_discovery:discover_packages(ignore) discover
[3.357s] Level 1:colcon.colcon_core.package_discovery:discover_packages(ignore) using defaults
[3.357s] Level 1:colcon.colcon_core.package_discovery:discover_packages(path) discover
[3.357s] Level 1:colcon.colcon_core.package_discovery:discover_packages(path) using defaults
[3.760s] Level 1:colcon.colcon_core.package_discovery:discover_packages(prefix_path) check parameters
[3.761s] Level 1:colcon.colcon_core.package_discovery:discover_packages(prefix_path) discover
[3.889s] DEBUG:colcon.colcon_installed_package_information.package_discovery:Found 2 installed packages in /home/hari-aswath/Projects/smartcart/simulation/smartcart_ws/install
[3.911s] DEBUG:colcon.colcon_installed_package_information.package_discovery:Found 319 installed packages in /opt/ros/jazzy
[3.914s] Level 1:colcon.colcon_core.package_discovery:discover_packages(prefix_path) using defaults
[6.339s] Level 5:colcon.colcon_core.verb:set package 'smartcart_description' build argument 'cmake_args' from command line to 'None'
[6.340s] Level 5:colcon.colcon_core.verb:set package 'smartcart_description' build argument 'cmake_target' from command line to 'None'
[6.340s] Level 5:colcon.colcon_core.verb:set package 'smartcart_description' build argument 'cmake_target_skip_unavailable' from command line to 'False'
[6.340s] Level 5:colcon.colcon_core.verb:set package 'smartcart_description' build argument 'cmake_clean_cache' from command line to 'False'
[6.340s] Level 5:colcon.colcon_core.verb:set package 'smartcart_description' build argument 'cmake_clean_first' from command line to 'False'
[6.340s] Level 5:colcon.colcon_core.verb:set package 'smartcart_description' build argument 'cmake_force_configure' from command line to 'False'
[6.340s] Level 5:colcon.colcon_core.verb:set package 'smartcart_description' build argument 'ament_cmake_args' from command line to 'None'
[6.340s] Level 5:colcon.colcon_core.verb:set package 'smartcart_description' build argument 'catkin_cmake_args' from command line to 'None'
[6.340s] Level 5:colcon.colcon_core.verb:set package 'smartcart_description' build argument 'catkin_skip_building_tests' from command line to 'False'
[6.341s] DEBUG:colcon.colcon_core.verb:Building package 'smartcart_description' with the following arguments: {'ament_cmake_args': None, 'build_base': '/home/hari-aswath/Projects/smartcart/simulation/smartcart_ws/build/smartcart_description', 'catkin_cmake_args': None, 'catkin_skip_building_tests': False, 'cmake_args': None, 'cmake_clean_cache': False, 'cmake_clean_first': False, 'cmake_force_configure': False, 'cmake_target': None, 'cmake_target_skip_unavailable': False, 'install_base': '/home/hari-aswath/Projects/smartcart/simulation/smartcart_ws/install/smartcart_description', 'merge_install': False, 'path': '/home/hari-aswath/Projects/smartcart/simulation/smartcart_ws/src/smartcart_description', 'symlink_install': False, 'test_result_base': None}
[6.341s] Level 5:colcon.colcon_core.verb:set package 'smartcart_gazebo' build argument 'cmake_args' from command line to 'None'
[6.342s] Level 5:colcon.colcon_core.verb:set package 'smartcart_gazebo' build argument 'cmake_target' from command line to 'None'
[6.342s] Level 5:colcon.colcon_core.verb:set package 'smartcart_gazebo' build argument 'cmake_target_skip_unavailable' from command line to 'False'
[6.342s] Level 5:colcon.colcon_core.verb:set package 'smartcart_gazebo' build argument 'cmake_clean_cache' from command line to 'False'
[6.342s] Level 5:colcon.colcon_core.verb:set package 'smartcart_gazebo' build argument 'cmake_clean_first' from command line to 'False'
[6.342s] Level 5:colcon.colcon_core.verb:set package 'smartcart_gazebo' build argument 'cmake_force_configure' from command line to 'False'
[6.342s] Level 5:colcon.colcon_core.verb:set package 'smartcart_gazebo' build argument 'ament_cmake_args' from command line to 'None'
[6.342s] Level 5:colcon.colcon_core.verb:set package 'smartcart_gazebo' build argument 'catkin_cmake_args' from command line to 'None'
[6.342s] Level 5:colcon.colcon_core.verb:set package 'smartcart_gazebo' build argument 'catkin_skip_building_tests' from command line to 'False'
[6.342s] DEBUG:colcon.colcon_core.verb:Building package 'smartcart_gazebo' with the following arguments: {'ament_cmake_args': None, 'build_base': '/home/hari-aswath/Projects/smartcart/simulation/smartcart_ws/build/smartcart_gazebo', 'catkin_cmake_args': None, 'catkin_skip_building_tests': False, 'cmake_args': None, 'cmake_clean_cache': False, 'cmake_clean_first': False, 'cmake_force_configure': False, 'cmake_target': None, 'cmake_target_skip_unavailable': False, 'install_base': '/home/hari-aswath/Projects/smartcart/simulation/smartcart_ws/install/smartcart_gazebo', 'merge_install': False, 'path': '/home/hari-aswath/Projects/smartcart/simulation/smartcart_ws/src/smartcart_gazebo', 'symlink_install': False, 'test_result_base': None}
[6.342s] INFO:colcon.colcon_core.executor:Executing jobs using 'parallel' executor
[6.344s] DEBUG:colcon.colcon_parallel_executor.executor.parallel:run_until_complete
[6.344s] INFO:colcon.colcon_ros.task.ament_cmake.build:Building ROS package in '/home/hari-aswath/Projects/smartcart/simulation/smartcart_ws/src/smartcart_description' with build type 'ament_cmake'
[6.345s] INFO:colcon.colcon_cmake.task.cmake.build:Building CMake package in '/home/hari-aswath/Projects/smartcart/simulation/smartcart_ws/src/smartcart_description'
[6.552s] INFO:colcon.colcon_core.plugin_system:Skipping extension 'colcon_core.shell.bat': Not used on non-Windows systems
[6.552s] INFO:colcon.colcon_core.shell:Skip shell extension 'powershell' for command environment: Not usable outside of PowerShell
[6.553s] DEBUG:colcon.colcon_core.shell:Skip shell extension 'dsv' for command environment
[6.581s] INFO:colcon.colcon_ros.task.ament_cmake.build:Building ROS package in '/home/hari-aswath/Projects/smartcart/simulation/smartcart_ws/src/smartcart_gazebo' with build type 'ament_cmake'
[6.581s] INFO:colcon.colcon_cmake.task.cmake.build:Building CMake package in '/home/hari-aswath/Projects/smartcart/simulation/smartcart_ws/src/smartcart_gazebo'
[6.582s] INFO:colcon.colcon_core.shell:Skip shell extension 'powershell' for command environment: Not usable outside of PowerShell
[6.582s] DEBUG:colcon.colcon_core.shell:Skip shell extension 'dsv' for command environment
[6.660s] DEBUG:colcon.colcon_core.event_handler.log_command:Invoking command in '/home/hari-aswath/Projects/smartcart/simulation/smartcart_ws/build/smartcart_gazebo': CMAKE_PREFIX_PATH=${CMAKE_PREFIX_PATH}:/opt/ros/jazzy DEBUGINFOD_URLS=https://debuginfod.ubuntu.com /usr/bin/cmake --build /home/hari-aswath/Projects/smartcart/simulation/smartcart_ws/build/smartcart_gazebo -- -j4 -l4
[6.739s] DEBUG:colcon.colcon_core.event_handler.log_command:Invoking command in '/home/hari-aswath/Projects/smartcart/simulation/smartcart_ws/build/smartcart_description': CMAKE_PREFIX_PATH=${CMAKE_PREFIX_PATH}:/opt/ros/jazzy DEBUGINFOD_URLS=https://debuginfod.ubuntu.com /usr/bin/cmake --build /home/hari-aswath/Projects/smartcart/simulation/smartcart_ws/build/smartcart_description -- -j4 -l4
[7.725s] DEBUG:colcon.colcon_core.event_handler.log_command:Invoked command in '/home/hari-aswath/Projects/smartcart/simulation/smartcart_ws/build/smartcart_gazebo' returned '0': CMAKE_PREFIX_PATH=${CMAKE_PREFIX_PATH}:/opt/ros/jazzy DEBUGINFOD_URLS=https://debuginfod.ubuntu.com /usr/bin/cmake --build /home/hari-aswath/Projects/smartcart/simulation/smartcart_ws/build/smartcart_gazebo -- -j4 -l4
[7.845s] DEBUG:colcon.colcon_core.event_handler.log_command:Invoking command in '/home/hari-aswath/Projects/smartcart/simulation/smartcart_ws/build/smartcart_gazebo': CMAKE_PREFIX_PATH=${CMAKE_PREFIX_PATH}:/opt/ros/jazzy DEBUGINFOD_URLS=https://debuginfod.ubuntu.com /usr/bin/cmake --install /home/hari-aswath/Projects/smartcart/simulation/smartcart_ws/build/smartcart_gazebo
[7.846s] DEBUG:colcon.colcon_core.event_handler.log_command:Invoked command in '/home/hari-aswath/Projects/smartcart/simulation/smartcart_ws/build/smartcart_description' returned '0': CMAKE_PREFIX_PATH=${CMAKE_PREFIX_PATH}:/opt/ros/jazzy DEBUGINFOD_URLS=https://debuginfod.ubuntu.com /usr/bin/cmake --build /home/hari-aswath/Projects/smartcart/simulation/smartcart_ws/build/smartcart_description -- -j4 -l4
[7.849s] DEBUG:colcon.colcon_core.event_handler.log_command:Invoking command in '/home/hari-aswath/Projects/smartcart/simulation/smartcart_ws/build/smartcart_description': CMAKE_PREFIX_PATH=${CMAKE_PREFIX_PATH}:/opt/ros/jazzy DEBUGINFOD_URLS=https://debuginfod.ubuntu.com /usr/bin/cmake --install /home/hari-aswath/Projects/smartcart/simulation/smartcart_ws/build/smartcart_description
[7.933s] Level 1:colcon.colcon_core.environment:create_environment_scripts_only(smartcart_gazebo)
[7.935s] DEBUG:colcon.colcon_core.event_handler.log_command:Invoked command in '/home/hari-aswath/Projects/smartcart/simulation/smartcart_ws/build/smartcart_gazebo' returned '0': CMAKE_PREFIX_PATH=${CMAKE_PREFIX_PATH}:/opt/ros/jazzy DEBUGINFOD_URLS=https://debuginfod.ubuntu.com /usr/bin/cmake --install /home/hari-aswath/Projects/smartcart/simulation/smartcart_ws/build/smartcart_gazebo
[8.042s] Level 1:colcon.colcon_core.environment:checking '/home/hari-aswath/Projects/smartcart/simulation/smartcart_ws/install/smartcart_gazebo' for CMake module files
[8.043s] Level 1:colcon.colcon_core.environment:checking '/home/hari-aswath/Projects/smartcart/simulation/smartcart_ws/install/smartcart_gazebo' for CMake config files
[8.058s] Level 1:colcon.colcon_core.shell:create_environment_hook('smartcart_gazebo', 'cmake_prefix_path')
[8.059s] INFO:colcon.colcon_core.shell:Creating environment hook '/home/hari-aswath/Projects/smartcart/simulation/smartcart_ws/install/smartcart_gazebo/share/smartcart_gazebo/hook/cmake_prefix_path.ps1'
[8.066s] INFO:colcon.colcon_core.shell:Creating environment descriptor '/home/hari-aswath/Projects/smartcart/simulation/smartcart_ws/install/smartcart_gazebo/share/smartcart_gazebo/hook/cmake_prefix_path.dsv'
[8.083s] INFO:colcon.colcon_core.shell:Creating environment hook '/home/hari-aswath/Projects/smartcart/simulation/smartcart_ws/install/smartcart_gazebo/share/smartcart_gazebo/hook/cmake_prefix_path.sh'
[8.086s] Level 1:colcon.colcon_core.environment:checking '/home/hari-aswath/Projects/smartcart/simulation/smartcart_ws/install/smartcart_gazebo/bin'
[8.086s] Level 1:colcon.colcon_core.environment:checking '/home/hari-aswath/Projects/smartcart/simulation/smartcart_ws/install/smartcart_gazebo/lib/pkgconfig/smartcart_gazebo.pc'
[8.088s] Level 1:colcon.colcon_core.environment:checking '/home/hari-aswath/Projects/smartcart/simulation/smartcart_ws/install/smartcart_gazebo/lib/python3.12/site-packages'
[8.089s] Level 1:colcon.colcon_core.environment:checking '/home/hari-aswath/Projects/smartcart/simulation/smartcart_ws/install/smartcart_gazebo/bin'
[8.090s] INFO:colcon.colcon_core.shell:Creating package script '/home/hari-aswath/Projects/smartcart/simulation/smartcart_ws/install/smartcart_gazebo/share/smartcart_gazebo/package.ps1'
[8.095s] INFO:colcon.colcon_core.shell:Creating package descriptor '/home/hari-aswath/Projects/smartcart/simulation/smartcart_ws/install/smartcart_gazebo/share/smartcart_gazebo/package.dsv'
[8.097s] INFO:colcon.colcon_core.shell:Creating package script '/home/hari-aswath/Projects/smartcart/simulation/smartcart_ws/install/smartcart_gazebo/share/smartcart_gazebo/package.sh'
[8.100s] INFO:colcon.colcon_core.shell:Creating package script '/home/hari-aswath/Projects/smartcart/simulation/smartcart_ws/install/smartcart_gazebo/share/smartcart_gazebo/package.bash'
[8.130s] INFO:colcon.colcon_core.shell:Creating package script '/home/hari-aswath/Projects/smartcart/simulation/smartcart_ws/install/smartcart_gazebo/share/smartcart_gazebo/package.zsh'
[8.148s] Level 1:colcon.colcon_core.environment:create_file_with_runtime_dependencies(/home/hari-aswath/Projects/smartcart/simulation/smartcart_ws/install/smartcart_gazebo/share/colcon-core/packages/smartcart_gazebo)
[8.150s] Level 1:colcon.colcon_core.environment:create_environment_scripts_only(smartcart_gazebo)
[8.151s] Level 1:colcon.colcon_core.environment:checking '/home/hari-aswath/Projects/smartcart/simulation/smartcart_ws/install/smartcart_gazebo' for CMake module files
[8.155s] Level 1:colcon.colcon_core.environment:checking '/home/hari-aswath/Projects/smartcart/simulation/smartcart_ws/install/smartcart_gazebo' for CMake config files
[8.156s] Level 1:colcon.colcon_core.shell:create_environment_hook('smartcart_gazebo', 'cmake_prefix_path')
[8.157s] INFO:colcon.colcon_core.shell:Creating environment hook '/home/hari-aswath/Projects/smartcart/simulation/smartcart_ws/install/smartcart_gazebo/share/smartcart_gazebo/hook/cmake_prefix_path.ps1'
[8.159s] INFO:colcon.colcon_core.shell:Creating environment descriptor '/home/hari-aswath/Projects/smartcart/simulation/smartcart_ws/install/smartcart_gazebo/share/smartcart_gazebo/hook/cmake_prefix_path.dsv'
[8.161s] INFO:colcon.colcon_core.shell:Creating environment hook '/home/hari-aswath/Projects/smartcart/simulation/smartcart_ws/install/smartcart_gazebo/share/smartcart_gazebo/hook/cmake_prefix_path.sh'
[8.163s] Level 1:colcon.colcon_core.environment:checking '/home/hari-aswath/Projects/smartcart/simulation/smartcart_ws/install/smartcart_gazebo/bin'
[8.163s] Level 1:colcon.colcon_core.environment:checking '/home/hari-aswath/Projects/smartcart/simulation/smartcart_ws/install/smartcart_gazebo/lib/pkgconfig/smartcart_gazebo.pc'
[8.164s] Level 1:colcon.colcon_core.environment:checking '/home/hari-aswath/Projects/smartcart/simulation/smartcart_ws/install/smartcart_gazebo/lib/python3.12/site-packages'
[8.166s] Level 1:colcon.colcon_core.environment:checking '/home/hari-aswath/Projects/smartcart/simulation/smartcart_ws/install/smartcart_gazebo/bin'
[8.167s] INFO:colcon.colcon_core.shell:Creating package script '/home/hari-aswath/Projects/smartcart/simulation/smartcart_ws/install/smartcart_gazebo/share/smartcart_gazebo/package.ps1'
[8.171s] INFO:colcon.colcon_core.shell:Creating package descriptor '/home/hari-aswath/Projects/smartcart/simulation/smartcart_ws/install/smartcart_gazebo/share/smartcart_gazebo/package.dsv'
[8.174s] INFO:colcon.colcon_core.shell:Creating package script '/home/hari-aswath/Projects/smartcart/simulation/smartcart_ws/install/smartcart_gazebo/share/smartcart_gazebo/package.sh'
[8.178s] INFO:colcon.colcon_core.shell:Creating package script '/home/hari-aswath/Projects/smartcart/simulation/smartcart_ws/install/smartcart_gazebo/share/smartcart_gazebo/package.bash'
[8.179s] INFO:colcon.colcon_core.shell:Creating package script '/home/hari-aswath/Projects/smartcart/simulation/smartcart_ws/install/smartcart_gazebo/share/smartcart_gazebo/package.zsh'
[8.180s] Level 1:colcon.colcon_core.environment:create_file_with_runtime_dependencies(/home/hari-aswath/Projects/smartcart/simulation/smartcart_ws/install/smartcart_gazebo/share/colcon-core/packages/smartcart_gazebo)
[8.188s] Level 1:colcon.colcon_core.environment:create_environment_scripts_only(smartcart_description)
[8.189s] Level 1:colcon.colcon_core.environment:checking '/home/hari-aswath/Projects/smartcart/simulation/smartcart_ws/install/smartcart_description' for CMake module files
[8.189s] DEBUG:colcon.colcon_core.event_handler.log_command:Invoked command in '/home/hari-aswath/Projects/smartcart/simulation/smartcart_ws/build/smartcart_description' returned '0': CMAKE_PREFIX_PATH=${CMAKE_PREFIX_PATH}:/opt/ros/jazzy DEBUGINFOD_URLS=https://debuginfod.ubuntu.com /usr/bin/cmake --install /home/hari-aswath/Projects/smartcart/simulation/smartcart_ws/build/smartcart_description
[8.194s] Level 1:colcon.colcon_core.environment:checking '/home/hari-aswath/Projects/smartcart/simulation/smartcart_ws/install/smartcart_description' for CMake config files
[8.195s] Level 1:colcon.colcon_core.shell:create_environment_hook('smartcart_description', 'cmake_prefix_path')
[8.196s] INFO:colcon.colcon_core.shell:Creating environment hook '/home/hari-aswath/Projects/smartcart/simulation/smartcart_ws/install/smartcart_description/share/smartcart_description/hook/cmake_prefix_path.ps1'
[8.197s] INFO:colcon.colcon_core.shell:Creating environment descriptor '/home/hari-aswath/Projects/smartcart/simulation/smartcart_ws/install/smartcart_description/share/smartcart_description/hook/cmake_prefix_path.dsv'
[8.198s] INFO:colcon.colcon_core.shell:Creating environment hook '/home/hari-aswath/Projects/smartcart/simulation/smartcart_ws/install/smartcart_description/share/smartcart_description/hook/cmake_prefix_path.sh'
[8.200s] Level 1:colcon.colcon_core.environment:checking '/home/hari-aswath/Projects/smartcart/simulation/smartcart_ws/install/smartcart_description/bin'
[8.200s] Level 1:colcon.colcon_core.environment:checking '/home/hari-aswath/Projects/smartcart/simulation/smartcart_ws/install/smartcart_description/lib/pkgconfig/smartcart_description.pc'
[8.201s] Level 1:colcon.colcon_core.environment:checking '/home/hari-aswath/Projects/smartcart/simulation/smartcart_ws/install/smartcart_description/lib/python3.12/site-packages'
[8.202s] Level 1:colcon.colcon_core.environment:checking '/home/hari-aswath/Projects/smartcart/simulation/smartcart_ws/install/smartcart_description/bin'
[8.203s] INFO:colcon.colcon_core.shell:Creating package script '/home/hari-aswath/Projects/smartcart/simulation/smartcart_ws/install/smartcart_description/share/smartcart_description/package.ps1'
[8.205s] INFO:colcon.colcon_core.shell:Creating package descriptor '/home/hari-aswath/Projects/smartcart/simulation/smartcart_ws/install/smartcart_description/share/smartcart_description/package.dsv'
[8.206s] INFO:colcon.colcon_core.shell:Creating package script '/home/hari-aswath/Projects/smartcart/simulation/smartcart_ws/install/smartcart_description/share/smartcart_description/package.sh'
[8.207s] INFO:colcon.colcon_core.shell:Creating package script '/home/hari-aswath/Projects/smartcart/simulation/smartcart_ws/install/smartcart_description/share/smartcart_description/package.bash'
[8.209s] INFO:colcon.colcon_core.shell:Creating package script '/home/hari-aswath/Projects/smartcart/simulation/smartcart_ws/install/smartcart_description/share/smartcart_description/package.zsh'
[8.210s] Level 1:colcon.colcon_core.environment:create_file_with_runtime_dependencies(/home/hari-aswath/Projects/smartcart/simulation/smartcart_ws/install/smartcart_description/share/colcon-core/packages/smartcart_description)
[8.211s] Level 1:colcon.colcon_core.environment:create_environment_scripts_only(smartcart_description)
[8.212s] Level 1:colcon.colcon_core.environment:checking '/home/hari-aswath/Projects/smartcart/simulation/smartcart_ws/install/smartcart_description' for CMake module files
[8.213s] Level 1:colcon.colcon_core.environment:checking '/home/hari-aswath/Projects/smartcart/simulation/smartcart_ws/install/smartcart_description' for CMake config files
[8.214s] Level 1:colcon.colcon_core.shell:create_environment_hook('smartcart_description', 'cmake_prefix_path')
[8.215s] INFO:colcon.colcon_core.shell:Creating environment hook '/home/hari-aswath/Projects/smartcart/simulation/smartcart_ws/install/smartcart_description/share/smartcart_description/hook/cmake_prefix_path.ps1'
[8.216s] INFO:colcon.colcon_core.shell:Creating environment descriptor '/home/hari-aswath/Projects/smartcart/simulation/smartcart_ws/install/smartcart_description/share/smartcart_description/hook/cmake_prefix_path.dsv'
[8.217s] INFO:colcon.colcon_core.shell:Creating environment hook '/home/hari-aswath/Projects/smartcart/simulation/smartcart_ws/install/smartcart_description/share/smartcart_description/hook/cmake_prefix_path.sh'
[8.219s] Level 1:colcon.colcon_core.environment:checking '/home/hari-aswath/Projects/smartcart/simulation/smartcart_ws/install/smartcart_description/bin'
[8.219s] Level 1:colcon.colcon_core.environment:checking '/home/hari-aswath/Projects/smartcart/simulation/smartcart_ws/install/smartcart_description/lib/pkgconfig/smartcart_description.pc'
[8.220s] Level 1:colcon.colcon_core.environment:checking '/home/hari-aswath/Projects/smartcart/simulation/smartcart_ws/install/smartcart_description/lib/python3.12/site-packages'
[8.221s] Level 1:colcon.colcon_core.environment:checking '/home/hari-aswath/Projects/smartcart/simulation/smartcart_ws/install/smartcart_description/bin'
[8.222s] INFO:colcon.colcon_core.shell:Creating package script '/home/hari-aswath/Projects/smartcart/simulation/smartcart_ws/install/smartcart_description/share/smartcart_description/package.ps1'
[8.225s] INFO:colcon.colcon_core.shell:Creating package descriptor '/home/hari-aswath/Projects/smartcart/simulation/smartcart_ws/install/smartcart_description/share/smartcart_description/package.dsv'
[8.226s] INFO:colcon.colcon_core.shell:Creating package script '/home/hari-aswath/Projects/smartcart/simulation/smartcart_ws/install/smartcart_description/share/smartcart_description/package.sh'
[8.228s] INFO:colcon.colcon_core.shell:Creating package script '/home/hari-aswath/Projects/smartcart/simulation/smartcart_ws/install/smartcart_description/share/smartcart_description/package.bash'
[8.229s] INFO:colcon.colcon_core.shell:Creating package script '/home/hari-aswath/Projects/smartcart/simulation/smartcart_ws/install/smartcart_description/share/smartcart_description/package.zsh'
[8.230s] Level 1:colcon.colcon_core.environment:create_file_with_runtime_dependencies(/home/hari-aswath/Projects/smartcart/simulation/smartcart_ws/install/smartcart_description/share/colcon-core/packages/smartcart_description)
[8.231s] DEBUG:colcon.colcon_parallel_executor.executor.parallel:closing loop
[8.233s] DEBUG:colcon.colcon_parallel_executor.executor.parallel:loop closed
[8.233s] DEBUG:colcon.colcon_parallel_executor.executor.parallel:run_until_complete finished with '0'
[8.233s] DEBUG:colcon.colcon_core.event_reactor:joining thread
[8.630s] INFO:colcon.colcon_core.plugin_system:Skipping extension 'colcon_notification.desktop_notification.terminal_notifier': Not used on non-Darwin systems
[8.631s] INFO:colcon.colcon_core.plugin_system:Skipping extension 'colcon_notification.desktop_notification.win32': Not used on non-Windows systems
[8.631s] INFO:colcon.colcon_notification.desktop_notification:Sending desktop notification using 'notify2'
[8.857s] DEBUG:colcon.colcon_core.event_reactor:joined thread
[8.857s] INFO:colcon.colcon_core.shell:Creating prefix script '/home/hari-aswath/Projects/smartcart/simulation/smartcart_ws/install/local_setup.ps1'
[8.886s] INFO:colcon.colcon_core.shell:Creating prefix util module '/home/hari-aswath/Projects/smartcart/simulation/smartcart_ws/install/_local_setup_util_ps1.py'
[8.929s] INFO:colcon.colcon_core.shell:Creating prefix chain script '/home/hari-aswath/Projects/smartcart/simulation/smartcart_ws/install/setup.ps1'
[8.934s] INFO:colcon.colcon_core.shell:Creating prefix script '/home/hari-aswath/Projects/smartcart/simulation/smartcart_ws/install/local_setup.sh'
[8.959s] INFO:colcon.colcon_core.shell:Creating prefix util module '/home/hari-aswath/Projects/smartcart/simulation/smartcart_ws/install/_local_setup_util_sh.py'
[8.962s] INFO:colcon.colcon_core.shell:Creating prefix chain script '/home/hari-aswath/Projects/smartcart/simulation/smartcart_ws/install/setup.sh'
[8.967s] INFO:colcon.colcon_core.shell:Creating prefix script '/home/hari-aswath/Projects/smartcart/simulation/smartcart_ws/install/local_setup.bash'
[8.992s] INFO:colcon.colcon_core.shell:Creating prefix chain script '/home/hari-aswath/Projects/smartcart/simulation/smartcart_ws/install/setup.bash'
[8.995s] INFO:colcon.colcon_core.shell:Creating prefix script '/home/hari-aswath/Projects/smartcart/simulation/smartcart_ws/install/local_setup.zsh'
[9.009s] INFO:colcon.colcon_core.shell:Creating prefix chain script '/home/hari-aswath/Projects/smartcart/simulation/smartcart_ws/install/setup.zsh'
