[0.213s] Invoking command in '/home/hari-aswath/Projects/smartcart/simulation/smartcart_ws/build/smartcart_description': CMAKE_PREFIX_PATH=${CMAKE_PREFIX_PATH}:/opt/ros/jazzy DEBUGINFOD_URLS=https://debuginfod.ubuntu.com /usr/bin/cmake --build /home/hari-aswath/Projects/smartcart/simulation/smartcart_ws/build/smartcart_description -- -j4 -l4
[1.316s] Invoked command in '/home/hari-aswath/Projects/smartcart/simulation/smartcart_ws/build/smartcart_description' returned '0': CMAKE_PREFIX_PATH=${CMAKE_PREFIX_PATH}:/opt/ros/jazzy DEBUGINFOD_URLS=https://debuginfod.ubuntu.com /usr/bin/cmake --build /home/hari-aswath/Projects/smartcart/simulation/smartcart_ws/build/smartcart_description -- -j4 -l4
[1.319s] Invoking command in '/home/hari-aswath/Projects/smartcart/simulation/smartcart_ws/build/smartcart_description': CMAKE_PREFIX_PATH=${CMAKE_PREFIX_PATH}:/opt/ros/jazzy DEBUGINFOD_URLS=https://debuginfod.ubuntu.com /usr/bin/cmake --install /home/hari-aswath/Projects/smartcart/simulation/smartcart_ws/build/smartcart_description
[1.358s] -- Install configuration: ""
[1.358s] -- Up-to-date: /home/hari-aswath/Projects/smartcart/simulation/smartcart_ws/install/smartcart_description/share/smartcart_description/urdf
[1.359s] -- Installing: /home/hari-aswath/Projects/smartcart/simulation/smartcart_ws/install/smartcart_description/share/smartcart_description/urdf/smartcart.urdf.xacro
[1.359s] -- Up-to-date: /home/hari-aswath/Projects/smartcart/simulation/smartcart_ws/install/smartcart_description/share/smartcart_description/launch
[1.374s] -- Up-to-date: /home/hari-aswath/Projects/smartcart/simulation/smartcart_ws/install/smartcart_description/share/smartcart_description/meshes
[1.374s] -- Up-to-date: /home/hari-aswath/Projects/smartcart/simulation/smartcart_ws/install/smartcart_description/share/smartcart_description/config
[1.375s] -- Up-to-date: /home/hari-aswath/Projects/smartcart/simulation/smartcart_ws/install/smartcart_description/share/ament_index/resource_index/package_run_dependencies/smartcart_description
[1.375s] -- Up-to-date: /home/hari-aswath/Projects/smartcart/simulation/smartcart_ws/install/smartcart_description/share/ament_index/resource_index/parent_prefix_path/smartcart_description
[1.376s] -- Up-to-date: /home/hari-aswath/Projects/smartcart/simulation/smartcart_ws/install/smartcart_description/share/smartcart_description/environment/ament_prefix_path.sh
[1.376s] -- Up-to-date: /home/hari-aswath/Projects/smartcart/simulation/smartcart_ws/install/smartcart_description/share/smartcart_description/environment/ament_prefix_path.dsv
[1.376s] -- Up-to-date: /home/hari-aswath/Projects/smartcart/simulation/smartcart_ws/install/smartcart_description/share/smartcart_description/environment/path.sh
[1.376s] -- Up-to-date: /home/hari-aswath/Projects/smartcart/simulation/smartcart_ws/install/smartcart_description/share/smartcart_description/environment/path.dsv
[1.376s] -- Up-to-date: /home/hari-aswath/Projects/smartcart/simulation/smartcart_ws/install/smartcart_description/share/smartcart_description/local_setup.bash
[1.377s] -- Up-to-date: /home/hari-aswath/Projects/smartcart/simulation/smartcart_ws/install/smartcart_description/share/smartcart_description/local_setup.sh
[1.377s] -- Up-to-date: /home/hari-aswath/Projects/smartcart/simulation/smartcart_ws/install/smartcart_description/share/smartcart_description/local_setup.zsh
[1.377s] -- Up-to-date: /home/hari-aswath/Projects/smartcart/simulation/smartcart_ws/install/smartcart_description/share/smartcart_description/local_setup.dsv
[1.377s] -- Installing: /home/hari-aswath/Projects/smartcart/simulation/smartcart_ws/install/smartcart_description/share/smartcart_description/package.dsv
[1.379s] -- Up-to-date: /home/hari-aswath/Projects/smartcart/simulation/smartcart_ws/install/smartcart_description/share/ament_index/resource_index/packages/smartcart_description
[1.380s] -- Up-to-date: /home/hari-aswath/Projects/smartcart/simulation/smartcart_ws/install/smartcart_description/share/smartcart_description/cmake/smartcart_descriptionConfig.cmake
[1.381s] -- Up-to-date: /home/hari-aswath/Projects/smartcart/simulation/smartcart_ws/install/smartcart_description/share/smartcart_description/cmake/smartcart_descriptionConfig-version.cmake
[1.381s] -- Up-to-date: /home/hari-aswath/Projects/smartcart/simulation/smartcart_ws/install/smartcart_description/share/smartcart_description/package.xml
[1.744s] Invoked command in '/home/hari-aswath/Projects/smartcart/simulation/smartcart_ws/build/smartcart_description' returned '0': CMAKE_PREFIX_PATH=${CMAKE_PREFIX_PATH}:/opt/ros/jazzy DEBUGINFOD_URLS=https://debuginfod.ubuntu.com /usr/bin/cmake --install /home/hari-aswath/Projects/smartcart/simulation/smartcart_ws/build/smartcart_description
