[1.115s] DEBUG:colcon:Command line arguments: ['/usr/bin/colcon', 'build']
[1.115s] DEBUG:colcon:Parsed command line arguments: Namespace(log_base=None, log_level=None, verb_name='build', build_base='build', install_base='install', merge_install=False, symlink_install=False, test_result_base=None, continue_on_error=False, executor='parallel', parallel_workers=4, event_handlers=None, ignore_user_meta=False, metas=['./colcon.meta'], base_paths=['.'], packages_ignore=None, packages_ignore_regex=None, paths=None, packages_up_to=None, packages_up_to_regex=None, packages_above=None, packages_above_and_dependencies=None, packages_above_depth=None, packages_select_by_dep=None, packages_skip_by_dep=None, packages_skip_up_to=None, packages_select_build_failed=False, packages_skip_build_finished=False, packages_select_test_failures=False, packages_skip_test_passed=False, packages_select=None, packages_skip=None, packages_select_regex=None, packages_skip_regex=None, packages_start=None, packages_end=None, allow_overriding=[], cmake_args=None, cmake_target=None, cmake_target_skip_unavailable=False, cmake_clean_cache=False, cmake_clean_first=False, cmake_force_configure=False, ament_cmake_args=None, catkin_cmake_args=None, catkin_skip_building_tests=False, verb_parser=<colcon_defaults.argument_parser.defaults.DefaultArgumentsDecorator object at 0x7279b97a5a60>, verb_extension=<colcon_core.verb.build.BuildVerb object at 0x7279b97a5940>, main=<bound method BuildVerb.main of <colcon_core.verb.build.BuildVerb object at 0x7279b97a5940>>)
[1.485s] Level 1:colcon.colcon_core.package_discovery:discover_packages(colcon_meta) check parameters
[1.485s] Level 1:colcon.colcon_core.package_discovery:discover_packages(recursive) check parameters
[1.485s] Level 1:colcon.colcon_core.package_discovery:discover_packages(ignore) check parameters
[1.485s] Level 1:colcon.colcon_core.package_discovery:discover_packages(path) check parameters
[1.485s] Level 1:colcon.colcon_core.package_discovery:discover_packages(colcon_meta) discover
[1.485s] Level 1:colcon.colcon_core.package_discovery:discover_packages(recursive) discover
[1.485s] INFO:colcon.colcon_core.package_discovery:Crawling recursively for packages in '/home/hari-aswath/Projects/smartcart/simulation/smartcart_ws'
[1.502s] Level 1:colcon.colcon_core.package_identification:_identify(.) by extensions ['ignore', 'ignore_ament_install']
[1.502s] Level 1:colcon.colcon_core.package_identification:_identify(.) by extension 'ignore'
[1.502s] Level 1:colcon.colcon_core.package_identification:_identify(.) by extension 'ignore_ament_install'
[1.502s] Level 1:colcon.colcon_core.package_identification:_identify(.) by extensions ['colcon_pkg']
[1.503s] Level 1:colcon.colcon_core.package_identification:_identify(.) by extension 'colcon_pkg'
[1.503s] Level 1:colcon.colcon_core.package_identification:_identify(.) by extensions ['colcon_meta']
[1.503s] Level 1:colcon.colcon_core.package_identification:_identify(.) by extension 'colcon_meta'
[1.503s] Level 1:colcon.colcon_core.package_identification:_identify(.) by extensions ['ros']
[1.503s] Level 1:colcon.colcon_core.package_identification:_identify(.) by extension 'ros'
[1.750s] Level 1:colcon.colcon_core.package_identification:_identify(.) by extensions ['cmake', 'python']
[1.750s] Level 1:colcon.colcon_core.package_identification:_identify(.) by extension 'cmake'
[1.750s] Level 1:colcon.colcon_core.package_identification:_identify(.) by extension 'python'
[1.750s] Level 1:colcon.colcon_core.package_identification:_identify(.) by extensions ['python_setup_py']
[1.750s] Level 1:colcon.colcon_core.package_identification:_identify(.) by extension 'python_setup_py'
[1.751s] Level 1:colcon.colcon_core.package_identification:_identify(build) by extensions ['ignore', 'ignore_ament_install']
[1.751s] Level 1:colcon.colcon_core.package_identification:_identify(build) by extension 'ignore'
[1.751s] Level 1:colcon.colcon_core.package_identification:_identify(build) ignored
[1.751s] Level 1:colcon.colcon_core.package_identification:_identify(install) by extensions ['ignore', 'ignore_ament_install']
[1.752s] Level 1:colcon.colcon_core.package_identification:_identify(install) by extension 'ignore'
[1.752s] Level 1:colcon.colcon_core.package_identification:_identify(install) ignored
[1.752s] Level 1:colcon.colcon_core.package_identification:_identify(log) by extensions ['ignore', 'ignore_ament_install']
[1.753s] Level 1:colcon.colcon_core.package_identification:_identify(log) by extension 'ignore'
[1.753s] Level 1:colcon.colcon_core.package_identification:_identify(log) ignored
[1.753s] Level 1:colcon.colcon_core.package_identification:_identify(src) by extensions ['ignore', 'ignore_ament_install']
[1.753s] Level 1:colcon.colcon_core.package_identification:_identify(src) by extension 'ignore'
[1.754s] Level 1:colcon.colcon_core.package_identification:_identify(src) by extension 'ignore_ament_install'
[1.754s] Level 1:colcon.colcon_core.package_identification:_identify(src) by extensions ['colcon_pkg']
[1.754s] Level 1:colcon.colcon_core.package_identification:_identify(src) by extension 'colcon_pkg'
[1.754s] Level 1:colcon.colcon_core.package_identification:_identify(src) by extensions ['colcon_meta']
[1.754s] Level 1:colcon.colcon_core.package_identification:_identify(src) by extension 'colcon_meta'
[1.754s] Level 1:colcon.colcon_core.package_identification:_identify(src) by extensions ['ros']
[1.754s] Level 1:colcon.colcon_core.package_identification:_identify(src) by extension 'ros'
[1.755s] Level 1:colcon.colcon_core.package_identification:_identify(src) by extensions ['cmake', 'python']
[1.755s] Level 1:colcon.colcon_core.package_identification:_identify(src) by extension 'cmake'
[1.755s] Level 1:colcon.colcon_core.package_identification:_identify(src) by extension 'python'
[1.755s] Level 1:colcon.colcon_core.package_identification:_identify(src) by extensions ['python_setup_py']
[1.755s] Level 1:colcon.colcon_core.package_identification:_identify(src) by extension 'python_setup_py'
[1.756s] Level 1:colcon.colcon_core.package_identification:_identify(src/smartcart_description) by extensions ['ignore', 'ignore_ament_install']
[1.756s] Level 1:colcon.colcon_core.package_identification:_identify(src/smartcart_description) by extension 'ignore'
[1.756s] Level 1:colcon.colcon_core.package_identification:_identify(src/smartcart_description) by extension 'ignore_ament_install'
[1.756s] Level 1:colcon.colcon_core.package_identification:_identify(src/smartcart_description) by extensions ['colcon_pkg']
[1.756s] Level 1:colcon.colcon_core.package_identification:_identify(src/smartcart_description) by extension 'colcon_pkg'
[1.757s] Level 1:colcon.colcon_core.package_identification:_identify(src/smartcart_description) by extensions ['colcon_meta']
[1.757s] Level 1:colcon.colcon_core.package_identification:_identify(src/smartcart_description) by extension 'colcon_meta'
[1.757s] Level 1:colcon.colcon_core.package_identification:_identify(src/smartcart_description) by extensions ['ros']
[1.757s] Level 1:colcon.colcon_core.package_identification:_identify(src/smartcart_description) by extension 'ros'
[1.784s] DEBUG:colcon.colcon_core.package_identification:Package 'src/smartcart_description' with type 'ros.ament_cmake' and name 'smartcart_description'
[1.784s] Level 1:colcon.colcon_core.package_identification:_identify(src/smartcart_gazebo) by extensions ['ignore', 'ignore_ament_install']
[1.785s] Level 1:colcon.colcon_core.package_identification:_identify(src/smartcart_gazebo) by extension 'ignore'
[1.785s] Level 1:colcon.colcon_core.package_identification:_identify(src/smartcart_gazebo) by extension 'ignore_ament_install'
[1.785s] Level 1:colcon.colcon_core.package_identification:_identify(src/smartcart_gazebo) by extensions ['colcon_pkg']
[1.785s] Level 1:colcon.colcon_core.package_identification:_identify(src/smartcart_gazebo) by extension 'colcon_pkg'
[1.785s] Level 1:colcon.colcon_core.package_identification:_identify(src/smartcart_gazebo) by extensions ['colcon_meta']
[1.785s] Level 1:colcon.colcon_core.package_identification:_identify(src/smartcart_gazebo) by extension 'colcon_meta'
[1.786s] Level 1:colcon.colcon_core.package_identification:_identify(src/smartcart_gazebo) by extensions ['ros']
[1.786s] Level 1:colcon.colcon_core.package_identification:_identify(src/smartcart_gazebo) by extension 'ros'
[1.798s] DEBUG:colcon.colcon_core.package_identification:Package 'src/smartcart_gazebo' with type 'ros.ament_cmake' and name 'smartcart_gazebo'
[1.798s] Level 1:colcon.colcon_core.package_discovery:discover_packages(recursive) using defaults
[1.798s] Level 1:colcon.colcon_core.package_discovery:discover_packages(ignore) discover
[1.798s] Level 1:colcon.colcon_core.package_discovery:discover_packages(ignore) using defaults
[1.798s] Level 1:colcon.colcon_core.package_discovery:discover_packages(path) discover
[1.799s] Level 1:colcon.colcon_core.package_discovery:discover_packages(path) using defaults
[2.106s] Level 1:colcon.colcon_core.package_discovery:discover_packages(prefix_path) check parameters
[2.107s] Level 1:colcon.colcon_core.package_discovery:discover_packages(prefix_path) discover
[2.128s] DEBUG:colcon.colcon_installed_package_information.package_discovery:Found 2 installed packages in /home/hari-aswath/Projects/smartcart/simulation/smartcart_ws/install
[2.135s] DEBUG:colcon.colcon_installed_package_information.package_discovery:Found 319 installed packages in /opt/ros/jazzy
[2.141s] Level 1:colcon.colcon_core.package_discovery:discover_packages(prefix_path) using defaults
[2.317s] Level 5:colcon.colcon_core.verb:set package 'smartcart_description' build argument 'cmake_args' from command line to 'None'
[2.318s] Level 5:colcon.colcon_core.verb:set package 'smartcart_description' build argument 'cmake_target' from command line to 'None'
[2.318s] Level 5:colcon.colcon_core.verb:set package 'smartcart_description' build argument 'cmake_target_skip_unavailable' from command line to 'False'
[2.318s] Level 5:colcon.colcon_core.verb:set package 'smartcart_description' build argument 'cmake_clean_cache' from command line to 'False'
[2.318s] Level 5:colcon.colcon_core.verb:set package 'smartcart_description' build argument 'cmake_clean_first' from command line to 'False'
[2.318s] Level 5:colcon.colcon_core.verb:set package 'smartcart_description' build argument 'cmake_force_configure' from command line to 'False'
[2.318s] Level 5:colcon.colcon_core.verb:set package 'smartcart_description' build argument 'ament_cmake_args' from command line to 'None'
[2.318s] Level 5:colcon.colcon_core.verb:set package 'smartcart_description' build argument 'catkin_cmake_args' from command line to 'None'
[2.318s] Level 5:colcon.colcon_core.verb:set package 'smartcart_description' build argument 'catkin_skip_building_tests' from command line to 'False'
[2.318s] DEBUG:colcon.colcon_core.verb:Building package 'smartcart_description' with the following arguments: {'ament_cmake_args': None, 'build_base': '/home/hari-aswath/Projects/smartcart/simulation/smartcart_ws/build/smartcart_description', 'catkin_cmake_args': None, 'catkin_skip_building_tests': False, 'cmake_args': None, 'cmake_clean_cache': False, 'cmake_clean_first': False, 'cmake_force_configure': False, 'cmake_target': None, 'cmake_target_skip_unavailable': False, 'install_base': '/home/hari-aswath/Projects/smartcart/simulation/smartcart_ws/install/smartcart_description', 'merge_install': False, 'path': '/home/hari-aswath/Projects/smartcart/simulation/smartcart_ws/src/smartcart_description', 'symlink_install': False, 'test_result_base': None}
[2.319s] Level 5:colcon.colcon_core.verb:set package 'smartcart_gazebo' build argument 'cmake_args' from command line to 'None'
[2.319s] Level 5:colcon.colcon_core.verb:set package 'smartcart_gazebo' build argument 'cmake_target' from command line to 'None'
[2.319s] Level 5:colcon.colcon_core.verb:set package 'smartcart_gazebo' build argument 'cmake_target_skip_unavailable' from command line to 'False'
[2.319s] Level 5:colcon.colcon_core.verb:set package 'smartcart_gazebo' build argument 'cmake_clean_cache' from command line to 'False'
[2.319s] Level 5:colcon.colcon_core.verb:set package 'smartcart_gazebo' build argument 'cmake_clean_first' from command line to 'False'
[2.319s] Level 5:colcon.colcon_core.verb:set package 'smartcart_gazebo' build argument 'cmake_force_configure' from command line to 'False'
[2.319s] Level 5:colcon.colcon_core.verb:set package 'smartcart_gazebo' build argument 'ament_cmake_args' from command line to 'None'
[2.319s] Level 5:colcon.colcon_core.verb:set package 'smartcart_gazebo' build argument 'catkin_cmake_args' from command line to 'None'
[2.319s] Level 5:colcon.colcon_core.verb:set package 'smartcart_gazebo' build argument 'catkin_skip_building_tests' from command line to 'False'
[2.319s] DEBUG:colcon.colcon_core.verb:Building package 'smartcart_gazebo' with the following arguments: {'ament_cmake_args': None, 'build_base': '/home/hari-aswath/Projects/smartcart/simulation/smartcart_ws/build/smartcart_gazebo', 'catkin_cmake_args': None, 'catkin_skip_building_tests': False, 'cmake_args': None, 'cmake_clean_cache': False, 'cmake_clean_first': False, 'cmake_force_configure': False, 'cmake_target': None, 'cmake_target_skip_unavailable': False, 'install_base': '/home/hari-aswath/Projects/smartcart/simulation/smartcart_ws/install/smartcart_gazebo', 'merge_install': False, 'path': '/home/hari-aswath/Projects/smartcart/simulation/smartcart_ws/src/smartcart_gazebo', 'symlink_install': False, 'test_result_base': None}
[2.319s] INFO:colcon.colcon_core.executor:Executing jobs using 'parallel' executor
[2.321s] DEBUG:colcon.colcon_parallel_executor.executor.parallel:run_until_complete
[2.321s] INFO:colcon.colcon_ros.task.ament_cmake.build:Building ROS package in '/home/hari-aswath/Projects/smartcart/simulation/smartcart_ws/src/smartcart_description' with build type 'ament_cmake'
[2.321s] INFO:colcon.colcon_cmake.task.cmake.build:Building CMake package in '/home/hari-aswath/Projects/smartcart/simulation/smartcart_ws/src/smartcart_description'
[2.362s] INFO:colcon.colcon_core.plugin_system:Skipping extension 'colcon_core.shell.bat': Not used on non-Windows systems
[2.362s] INFO:colcon.colcon_core.shell:Skip shell extension 'powershell' for command environment: Not usable outside of PowerShell
[2.363s] DEBUG:colcon.colcon_core.shell:Skip shell extension 'dsv' for command environment
[2.385s] INFO:colcon.colcon_ros.task.ament_cmake.build:Building ROS package in '/home/hari-aswath/Projects/smartcart/simulation/smartcart_ws/src/smartcart_gazebo' with build type 'ament_cmake'
[2.385s] INFO:colcon.colcon_cmake.task.cmake.build:Building CMake package in '/home/hari-aswath/Projects/smartcart/simulation/smartcart_ws/src/smartcart_gazebo'
[2.386s] INFO:colcon.colcon_core.shell:Skip shell extension 'powershell' for command environment: Not usable outside of PowerShell
[2.386s] DEBUG:colcon.colcon_core.shell:Skip shell extension 'dsv' for command environment
[2.426s] DEBUG:colcon.colcon_core.event_handler.log_command:Invoking command in '/home/hari-aswath/Projects/smartcart/simulation/smartcart_ws/build/smartcart_description': CMAKE_PREFIX_PATH=${CMAKE_PREFIX_PATH}:/opt/ros/jazzy DEBUGINFOD_URLS=https://debuginfod.ubuntu.com /usr/bin/cmake --build /home/hari-aswath/Projects/smartcart/simulation/smartcart_ws/build/smartcart_description -- -j4 -l4
[2.504s] DEBUG:colcon.colcon_core.event_handler.log_command:Invoking command in '/home/hari-aswath/Projects/smartcart/simulation/smartcart_ws/build/smartcart_gazebo': CMAKE_PREFIX_PATH=${CMAKE_PREFIX_PATH}:/opt/ros/jazzy DEBUGINFOD_URLS=https://debuginfod.ubuntu.com /usr/bin/cmake --build /home/hari-aswath/Projects/smartcart/simulation/smartcart_ws/build/smartcart_gazebo -- -j4 -l4
[2.623s] DEBUG:colcon.colcon_core.event_handler.log_command:Invoked command in '/home/hari-aswath/Projects/smartcart/simulation/smartcart_ws/build/smartcart_gazebo' returned '0': CMAKE_PREFIX_PATH=${CMAKE_PREFIX_PATH}:/opt/ros/jazzy DEBUGINFOD_URLS=https://debuginfod.ubuntu.com /usr/bin/cmake --build /home/hari-aswath/Projects/smartcart/simulation/smartcart_ws/build/smartcart_gazebo -- -j4 -l4
[2.641s] DEBUG:colcon.colcon_core.event_handler.log_command:Invoking command in '/home/hari-aswath/Projects/smartcart/simulation/smartcart_ws/build/smartcart_gazebo': CMAKE_PREFIX_PATH=${CMAKE_PREFIX_PATH}:/opt/ros/jazzy DEBUGINFOD_URLS=https://debuginfod.ubuntu.com /usr/bin/cmake --install /home/hari-aswath/Projects/smartcart/simulation/smartcart_ws/build/smartcart_gazebo
[2.644s] DEBUG:colcon.colcon_core.event_handler.log_command:Invoked command in '/home/hari-aswath/Projects/smartcart/simulation/smartcart_ws/build/smartcart_description' returned '0': CMAKE_PREFIX_PATH=${CMAKE_PREFIX_PATH}:/opt/ros/jazzy DEBUGINFOD_URLS=https://debuginfod.ubuntu.com /usr/bin/cmake --build /home/hari-aswath/Projects/smartcart/simulation/smartcart_ws/build/smartcart_description -- -j4 -l4
[2.663s] DEBUG:colcon.colcon_core.event_handler.log_command:Invoking command in '/home/hari-aswath/Projects/smartcart/simulation/smartcart_ws/build/smartcart_description': CMAKE_PREFIX_PATH=${CMAKE_PREFIX_PATH}:/opt/ros/jazzy DEBUGINFOD_URLS=https://debuginfod.ubuntu.com /usr/bin/cmake --install /home/hari-aswath/Projects/smartcart/simulation/smartcart_ws/build/smartcart_description
[2.785s] Level 1:colcon.colcon_core.environment:create_environment_scripts_only(smartcart_gazebo)
[2.786s] DEBUG:colcon.colcon_core.event_handler.log_command:Invoked command in '/home/hari-aswath/Projects/smartcart/simulation/smartcart_ws/build/smartcart_gazebo' returned '0': CMAKE_PREFIX_PATH=${CMAKE_PREFIX_PATH}:/opt/ros/jazzy DEBUGINFOD_URLS=https://debuginfod.ubuntu.com /usr/bin/cmake --install /home/hari-aswath/Projects/smartcart/simulation/smartcart_ws/build/smartcart_gazebo
[3.004s] Level 1:colcon.colcon_core.environment:checking '/home/hari-aswath/Projects/smartcart/simulation/smartcart_ws/install/smartcart_gazebo' for CMake module files
[3.005s] Level 1:colcon.colcon_core.environment:checking '/home/hari-aswath/Projects/smartcart/simulation/smartcart_ws/install/smartcart_gazebo' for CMake config files
[3.006s] Level 1:colcon.colcon_core.shell:create_environment_hook('smartcart_gazebo', 'cmake_prefix_path')
[3.006s] INFO:colcon.colcon_core.shell:Creating environment hook '/home/hari-aswath/Projects/smartcart/simulation/smartcart_ws/install/smartcart_gazebo/share/smartcart_gazebo/hook/cmake_prefix_path.ps1'
[3.030s] INFO:colcon.colcon_core.shell:Creating environment descriptor '/home/hari-aswath/Projects/smartcart/simulation/smartcart_ws/install/smartcart_gazebo/share/smartcart_gazebo/hook/cmake_prefix_path.dsv'
[3.032s] INFO:colcon.colcon_core.shell:Creating environment hook '/home/hari-aswath/Projects/smartcart/simulation/smartcart_ws/install/smartcart_gazebo/share/smartcart_gazebo/hook/cmake_prefix_path.sh'
[3.035s] Level 1:colcon.colcon_core.environment:checking '/home/hari-aswath/Projects/smartcart/simulation/smartcart_ws/install/smartcart_gazebo/bin'
[3.035s] Level 1:colcon.colcon_core.environment:checking '/home/hari-aswath/Projects/smartcart/simulation/smartcart_ws/install/smartcart_gazebo/lib/pkgconfig/smartcart_gazebo.pc'
[3.036s] Level 1:colcon.colcon_core.environment:checking '/home/hari-aswath/Projects/smartcart/simulation/smartcart_ws/install/smartcart_gazebo/lib/python3.12/site-packages'
[3.036s] Level 1:colcon.colcon_core.environment:checking '/home/hari-aswath/Projects/smartcart/simulation/smartcart_ws/install/smartcart_gazebo/bin'
[3.037s] INFO:colcon.colcon_core.shell:Creating package script '/home/hari-aswath/Projects/smartcart/simulation/smartcart_ws/install/smartcart_gazebo/share/smartcart_gazebo/package.ps1'
[3.041s] INFO:colcon.colcon_core.shell:Creating package descriptor '/home/hari-aswath/Projects/smartcart/simulation/smartcart_ws/install/smartcart_gazebo/share/smartcart_gazebo/package.dsv'
[3.044s] INFO:colcon.colcon_core.shell:Creating package script '/home/hari-aswath/Projects/smartcart/simulation/smartcart_ws/install/smartcart_gazebo/share/smartcart_gazebo/package.sh'
[3.047s] INFO:colcon.colcon_core.shell:Creating package script '/home/hari-aswath/Projects/smartcart/simulation/smartcart_ws/install/smartcart_gazebo/share/smartcart_gazebo/package.bash'
[3.061s] INFO:colcon.colcon_core.shell:Creating package script '/home/hari-aswath/Projects/smartcart/simulation/smartcart_ws/install/smartcart_gazebo/share/smartcart_gazebo/package.zsh'
[3.079s] Level 1:colcon.colcon_core.environment:create_file_with_runtime_dependencies(/home/hari-aswath/Projects/smartcart/simulation/smartcart_ws/install/smartcart_gazebo/share/colcon-core/packages/smartcart_gazebo)
[3.081s] Level 1:colcon.colcon_core.environment:create_environment_scripts_only(smartcart_gazebo)
[3.081s] Level 1:colcon.colcon_core.environment:checking '/home/hari-aswath/Projects/smartcart/simulation/smartcart_ws/install/smartcart_gazebo' for CMake module files
[3.082s] Level 1:colcon.colcon_core.environment:checking '/home/hari-aswath/Projects/smartcart/simulation/smartcart_ws/install/smartcart_gazebo' for CMake config files
[3.083s] Level 1:colcon.colcon_core.shell:create_environment_hook('smartcart_gazebo', 'cmake_prefix_path')
[3.083s] INFO:colcon.colcon_core.shell:Creating environment hook '/home/hari-aswath/Projects/smartcart/simulation/smartcart_ws/install/smartcart_gazebo/share/smartcart_gazebo/hook/cmake_prefix_path.ps1'
[3.084s] INFO:colcon.colcon_core.shell:Creating environment descriptor '/home/hari-aswath/Projects/smartcart/simulation/smartcart_ws/install/smartcart_gazebo/share/smartcart_gazebo/hook/cmake_prefix_path.dsv'
[3.086s] INFO:colcon.colcon_core.shell:Creating environment hook '/home/hari-aswath/Projects/smartcart/simulation/smartcart_ws/install/smartcart_gazebo/share/smartcart_gazebo/hook/cmake_prefix_path.sh'
[3.087s] Level 1:colcon.colcon_core.environment:checking '/home/hari-aswath/Projects/smartcart/simulation/smartcart_ws/install/smartcart_gazebo/bin'
[3.087s] Level 1:colcon.colcon_core.environment:checking '/home/hari-aswath/Projects/smartcart/simulation/smartcart_ws/install/smartcart_gazebo/lib/pkgconfig/smartcart_gazebo.pc'
[3.088s] Level 1:colcon.colcon_core.environment:checking '/home/hari-aswath/Projects/smartcart/simulation/smartcart_ws/install/smartcart_gazebo/lib/python3.12/site-packages'
[3.090s] Level 1:colcon.colcon_core.environment:checking '/home/hari-aswath/Projects/smartcart/simulation/smartcart_ws/install/smartcart_gazebo/bin'
[3.090s] INFO:colcon.colcon_core.shell:Creating package script '/home/hari-aswath/Projects/smartcart/simulation/smartcart_ws/install/smartcart_gazebo/share/smartcart_gazebo/package.ps1'
[3.092s] INFO:colcon.colcon_core.shell:Creating package descriptor '/home/hari-aswath/Projects/smartcart/simulation/smartcart_ws/install/smartcart_gazebo/share/smartcart_gazebo/package.dsv'
[3.095s] INFO:colcon.colcon_core.shell:Creating package script '/home/hari-aswath/Projects/smartcart/simulation/smartcart_ws/install/smartcart_gazebo/share/smartcart_gazebo/package.sh'
[3.096s] INFO:colcon.colcon_core.shell:Creating package script '/home/hari-aswath/Projects/smartcart/simulation/smartcart_ws/install/smartcart_gazebo/share/smartcart_gazebo/package.bash'
[3.097s] INFO:colcon.colcon_core.shell:Creating package script '/home/hari-aswath/Projects/smartcart/simulation/smartcart_ws/install/smartcart_gazebo/share/smartcart_gazebo/package.zsh'
[3.098s] Level 1:colcon.colcon_core.environment:create_file_with_runtime_dependencies(/home/hari-aswath/Projects/smartcart/simulation/smartcart_ws/install/smartcart_gazebo/share/colcon-core/packages/smartcart_gazebo)
[3.101s] Level 1:colcon.colcon_core.environment:create_environment_scripts_only(smartcart_description)
[3.102s] Level 1:colcon.colcon_core.environment:checking '/home/hari-aswath/Projects/smartcart/simulation/smartcart_ws/install/smartcart_description' for CMake module files
[3.103s] Level 1:colcon.colcon_core.environment:checking '/home/hari-aswath/Projects/smartcart/simulation/smartcart_ws/install/smartcart_description' for CMake config files
[3.104s] DEBUG:colcon.colcon_core.event_handler.log_command:Invoked command in '/home/hari-aswath/Projects/smartcart/simulation/smartcart_ws/build/smartcart_description' returned '0': CMAKE_PREFIX_PATH=${CMAKE_PREFIX_PATH}:/opt/ros/jazzy DEBUGINFOD_URLS=https://debuginfod.ubuntu.com /usr/bin/cmake --install /home/hari-aswath/Projects/smartcart/simulation/smartcart_ws/build/smartcart_description
[3.143s] Level 1:colcon.colcon_core.shell:create_environment_hook('smartcart_description', 'cmake_prefix_path')
[3.144s] INFO:colcon.colcon_core.shell:Creating environment hook '/home/hari-aswath/Projects/smartcart/simulation/smartcart_ws/install/smartcart_description/share/smartcart_description/hook/cmake_prefix_path.ps1'
[3.146s] INFO:colcon.colcon_core.shell:Creating environment descriptor '/home/hari-aswath/Projects/smartcart/simulation/smartcart_ws/install/smartcart_description/share/smartcart_description/hook/cmake_prefix_path.dsv'
[3.148s] INFO:colcon.colcon_core.shell:Creating environment hook '/home/hari-aswath/Projects/smartcart/simulation/smartcart_ws/install/smartcart_description/share/smartcart_description/hook/cmake_prefix_path.sh'
[3.150s] Level 1:colcon.colcon_core.environment:checking '/home/hari-aswath/Projects/smartcart/simulation/smartcart_ws/install/smartcart_description/bin'
[3.150s] Level 1:colcon.colcon_core.environment:checking '/home/hari-aswath/Projects/smartcart/simulation/smartcart_ws/install/smartcart_description/lib/pkgconfig/smartcart_description.pc'
[3.151s] Level 1:colcon.colcon_core.environment:checking '/home/hari-aswath/Projects/smartcart/simulation/smartcart_ws/install/smartcart_description/lib/python3.12/site-packages'
[3.152s] Level 1:colcon.colcon_core.environment:checking '/home/hari-aswath/Projects/smartcart/simulation/smartcart_ws/install/smartcart_description/bin'
[3.153s] INFO:colcon.colcon_core.shell:Creating package script '/home/hari-aswath/Projects/smartcart/simulation/smartcart_ws/install/smartcart_description/share/smartcart_description/package.ps1'
[3.154s] INFO:colcon.colcon_core.shell:Creating package descriptor '/home/hari-aswath/Projects/smartcart/simulation/smartcart_ws/install/smartcart_description/share/smartcart_description/package.dsv'
[3.155s] INFO:colcon.colcon_core.shell:Creating package script '/home/hari-aswath/Projects/smartcart/simulation/smartcart_ws/install/smartcart_description/share/smartcart_description/package.sh'
[3.155s] INFO:colcon.colcon_core.shell:Creating package script '/home/hari-aswath/Projects/smartcart/simulation/smartcart_ws/install/smartcart_description/share/smartcart_description/package.bash'
[3.156s] INFO:colcon.colcon_core.shell:Creating package script '/home/hari-aswath/Projects/smartcart/simulation/smartcart_ws/install/smartcart_description/share/smartcart_description/package.zsh'
[3.156s] Level 1:colcon.colcon_core.environment:create_file_with_runtime_dependencies(/home/hari-aswath/Projects/smartcart/simulation/smartcart_ws/install/smartcart_description/share/colcon-core/packages/smartcart_description)
[3.157s] Level 1:colcon.colcon_core.environment:create_environment_scripts_only(smartcart_description)
[3.158s] Level 1:colcon.colcon_core.environment:checking '/home/hari-aswath/Projects/smartcart/simulation/smartcart_ws/install/smartcart_description' for CMake module files
[3.159s] Level 1:colcon.colcon_core.environment:checking '/home/hari-aswath/Projects/smartcart/simulation/smartcart_ws/install/smartcart_description' for CMake config files
[3.159s] Level 1:colcon.colcon_core.shell:create_environment_hook('smartcart_description', 'cmake_prefix_path')
[3.159s] INFO:colcon.colcon_core.shell:Creating environment hook '/home/hari-aswath/Projects/smartcart/simulation/smartcart_ws/install/smartcart_description/share/smartcart_description/hook/cmake_prefix_path.ps1'
[3.160s] INFO:colcon.colcon_core.shell:Creating environment descriptor '/home/hari-aswath/Projects/smartcart/simulation/smartcart_ws/install/smartcart_description/share/smartcart_description/hook/cmake_prefix_path.dsv'
[3.161s] INFO:colcon.colcon_core.shell:Creating environment hook '/home/hari-aswath/Projects/smartcart/simulation/smartcart_ws/install/smartcart_description/share/smartcart_description/hook/cmake_prefix_path.sh'
[3.162s] Level 1:colcon.colcon_core.environment:checking '/home/hari-aswath/Projects/smartcart/simulation/smartcart_ws/install/smartcart_description/bin'
[3.162s] Level 1:colcon.colcon_core.environment:checking '/home/hari-aswath/Projects/smartcart/simulation/smartcart_ws/install/smartcart_description/lib/pkgconfig/smartcart_description.pc'
[3.163s] Level 1:colcon.colcon_core.environment:checking '/home/hari-aswath/Projects/smartcart/simulation/smartcart_ws/install/smartcart_description/lib/python3.12/site-packages'
[3.164s] Level 1:colcon.colcon_core.environment:checking '/home/hari-aswath/Projects/smartcart/simulation/smartcart_ws/install/smartcart_description/bin'
[3.164s] INFO:colcon.colcon_core.shell:Creating package script '/home/hari-aswath/Projects/smartcart/simulation/smartcart_ws/install/smartcart_description/share/smartcart_description/package.ps1'
[3.167s] INFO:colcon.colcon_core.shell:Creating package descriptor '/home/hari-aswath/Projects/smartcart/simulation/smartcart_ws/install/smartcart_description/share/smartcart_description/package.dsv'
[3.168s] INFO:colcon.colcon_core.shell:Creating package script '/home/hari-aswath/Projects/smartcart/simulation/smartcart_ws/install/smartcart_description/share/smartcart_description/package.sh'
[3.169s] INFO:colcon.colcon_core.shell:Creating package script '/home/hari-aswath/Projects/smartcart/simulation/smartcart_ws/install/smartcart_description/share/smartcart_description/package.bash'
[3.170s] INFO:colcon.colcon_core.shell:Creating package script '/home/hari-aswath/Projects/smartcart/simulation/smartcart_ws/install/smartcart_description/share/smartcart_description/package.zsh'
[3.170s] Level 1:colcon.colcon_core.environment:create_file_with_runtime_dependencies(/home/hari-aswath/Projects/smartcart/simulation/smartcart_ws/install/smartcart_description/share/colcon-core/packages/smartcart_description)
[3.171s] DEBUG:colcon.colcon_parallel_executor.executor.parallel:closing loop
[3.172s] DEBUG:colcon.colcon_parallel_executor.executor.parallel:loop closed
[3.172s] DEBUG:colcon.colcon_parallel_executor.executor.parallel:run_until_complete finished with '0'
[3.172s] DEBUG:colcon.colcon_core.event_reactor:joining thread
[3.278s] INFO:colcon.colcon_core.plugin_system:Skipping extension 'colcon_notification.desktop_notification.terminal_notifier': Not used on non-Darwin systems
[3.279s] INFO:colcon.colcon_core.plugin_system:Skipping extension 'colcon_notification.desktop_notification.win32': Not used on non-Windows systems
[3.279s] INFO:colcon.colcon_notification.desktop_notification:Sending desktop notification using 'notify2'
[3.328s] DEBUG:colcon.colcon_core.event_reactor:joined thread
[3.329s] INFO:colcon.colcon_core.shell:Creating prefix script '/home/hari-aswath/Projects/smartcart/simulation/smartcart_ws/install/local_setup.ps1'
[3.334s] INFO:colcon.colcon_core.shell:Creating prefix util module '/home/hari-aswath/Projects/smartcart/simulation/smartcart_ws/install/_local_setup_util_ps1.py'
[3.342s] INFO:colcon.colcon_core.shell:Creating prefix chain script '/home/hari-aswath/Projects/smartcart/simulation/smartcart_ws/install/setup.ps1'
[3.346s] INFO:colcon.colcon_core.shell:Creating prefix script '/home/hari-aswath/Projects/smartcart/simulation/smartcart_ws/install/local_setup.sh'
[3.348s] INFO:colcon.colcon_core.shell:Creating prefix util module '/home/hari-aswath/Projects/smartcart/simulation/smartcart_ws/install/_local_setup_util_sh.py'
[3.350s] INFO:colcon.colcon_core.shell:Creating prefix chain script '/home/hari-aswath/Projects/smartcart/simulation/smartcart_ws/install/setup.sh'
[3.353s] INFO:colcon.colcon_core.shell:Creating prefix script '/home/hari-aswath/Projects/smartcart/simulation/smartcart_ws/install/local_setup.bash'
[3.354s] INFO:colcon.colcon_core.shell:Creating prefix chain script '/home/hari-aswath/Projects/smartcart/simulation/smartcart_ws/install/setup.bash'
[3.356s] INFO:colcon.colcon_core.shell:Creating prefix script '/home/hari-aswath/Projects/smartcart/simulation/smartcart_ws/install/local_setup.zsh'
[3.357s] INFO:colcon.colcon_core.shell:Creating prefix chain script '/home/hari-aswath/Projects/smartcart/simulation/smartcart_ws/install/setup.zsh'
