[1.138s] DEBUG:colcon:Command line arguments: ['/usr/bin/colcon', 'build']
[1.138s] DEBUG:colcon:Parsed command line arguments: Namespace(log_base=None, log_level=None, verb_name='build', build_base='build', install_base='install', merge_install=False, symlink_install=False, test_result_base=None, continue_on_error=False, executor='parallel', parallel_workers=4, event_handlers=None, ignore_user_meta=False, metas=['./colcon.meta'], base_paths=['.'], packages_ignore=None, packages_ignore_regex=None, paths=None, packages_up_to=None, packages_up_to_regex=None, packages_above=None, packages_above_and_dependencies=None, packages_above_depth=None, packages_select_by_dep=None, packages_skip_by_dep=None, packages_skip_up_to=None, packages_select_build_failed=False, packages_skip_build_finished=False, packages_select_test_failures=False, packages_skip_test_passed=False, packages_select=None, packages_skip=None, packages_select_regex=None, packages_skip_regex=None, packages_start=None, packages_end=None, allow_overriding=[], cmake_args=None, cmake_target=None, cmake_target_skip_unavailable=False, cmake_clean_cache=False, cmake_clean_first=False, cmake_force_configure=False, ament_cmake_args=None, catkin_cmake_args=None, catkin_skip_building_tests=False, verb_parser=<colcon_defaults.argument_parser.defaults.DefaultArgumentsDecorator object at 0x738b6bbb5cd0>, verb_extension=<colcon_core.verb.build.BuildVerb object at 0x738b6bbb5b20>, main=<bound method BuildVerb.main of <colcon_core.verb.build.BuildVerb object at 0x738b6bbb5b20>>)
[1.648s] Level 1:colcon.colcon_core.package_discovery:discover_packages(colcon_meta) check parameters
[1.649s] Level 1:colcon.colcon_core.package_discovery:discover_packages(recursive) check parameters
[1.649s] Level 1:colcon.colcon_core.package_discovery:discover_packages(ignore) check parameters
[1.649s] Level 1:colcon.colcon_core.package_discovery:discover_packages(path) check parameters
[1.649s] Level 1:colcon.colcon_core.package_discovery:discover_packages(colcon_meta) discover
[1.650s] Level 1:colcon.colcon_core.package_discovery:discover_packages(recursive) discover
[1.650s] INFO:colcon.colcon_core.package_discovery:Crawling recursively for packages in '/home/hari-aswath/Projects/smartcart/simulation/smartcart_ws'
[1.650s] Level 1:colcon.colcon_core.package_identification:_identify(.) by extensions ['ignore', 'ignore_ament_install']
[1.651s] Level 1:colcon.colcon_core.package_identification:_identify(.) by extension 'ignore'
[1.651s] Level 1:colcon.colcon_core.package_identification:_identify(.) by extension 'ignore_ament_install'
[1.652s] Level 1:colcon.colcon_core.package_identification:_identify(.) by extensions ['colcon_pkg']
[1.652s] Level 1:colcon.colcon_core.package_identification:_identify(.) by extension 'colcon_pkg'
[1.652s] Level 1:colcon.colcon_core.package_identification:_identify(.) by extensions ['colcon_meta']
[1.652s] Level 1:colcon.colcon_core.package_identification:_identify(.) by extension 'colcon_meta'
[1.652s] Level 1:colcon.colcon_core.package_identification:_identify(.) by extensions ['ros']
[1.652s] Level 1:colcon.colcon_core.package_identification:_identify(.) by extension 'ros'
[1.903s] Level 1:colcon.colcon_core.package_identification:_identify(.) by extensions ['cmake', 'python']
[1.903s] Level 1:colcon.colcon_core.package_identification:_identify(.) by extension 'cmake'
[1.904s] Level 1:colcon.colcon_core.package_identification:_identify(.) by extension 'python'
[1.904s] Level 1:colcon.colcon_core.package_identification:_identify(.) by extensions ['python_setup_py']
[1.904s] Level 1:colcon.colcon_core.package_identification:_identify(.) by extension 'python_setup_py'
[1.905s] Level 1:colcon.colcon_core.package_identification:_identify(build) by extensions ['ignore', 'ignore_ament_install']
[1.905s] Level 1:colcon.colcon_core.package_identification:_identify(build) by extension 'ignore'
[1.905s] Level 1:colcon.colcon_core.package_identification:_identify(build) ignored
[1.906s] Level 1:colcon.colcon_core.package_identification:_identify(install) by extensions ['ignore', 'ignore_ament_install']
[1.906s] Level 1:colcon.colcon_core.package_identification:_identify(install) by extension 'ignore'
[1.906s] Level 1:colcon.colcon_core.package_identification:_identify(install) ignored
[1.907s] Level 1:colcon.colcon_core.package_identification:_identify(log) by extensions ['ignore', 'ignore_ament_install']
[1.907s] Level 1:colcon.colcon_core.package_identification:_identify(log) by extension 'ignore'
[1.907s] Level 1:colcon.colcon_core.package_identification:_identify(log) ignored
[1.908s] Level 1:colcon.colcon_core.package_identification:_identify(src) by extensions ['ignore', 'ignore_ament_install']
[1.908s] Level 1:colcon.colcon_core.package_identification:_identify(src) by extension 'ignore'
[1.908s] Level 1:colcon.colcon_core.package_identification:_identify(src) by extension 'ignore_ament_install'
[1.908s] Level 1:colcon.colcon_core.package_identification:_identify(src) by extensions ['colcon_pkg']
[1.909s] Level 1:colcon.colcon_core.package_identification:_identify(src) by extension 'colcon_pkg'
[1.909s] Level 1:colcon.colcon_core.package_identification:_identify(src) by extensions ['colcon_meta']
[1.909s] Level 1:colcon.colcon_core.package_identification:_identify(src) by extension 'colcon_meta'
[1.909s] Level 1:colcon.colcon_core.package_identification:_identify(src) by extensions ['ros']
[1.909s] Level 1:colcon.colcon_core.package_identification:_identify(src) by extension 'ros'
[1.909s] Level 1:colcon.colcon_core.package_identification:_identify(src) by extensions ['cmake', 'python']
[1.910s] Level 1:colcon.colcon_core.package_identification:_identify(src) by extension 'cmake'
[1.910s] Level 1:colcon.colcon_core.package_identification:_identify(src) by extension 'python'
[1.910s] Level 1:colcon.colcon_core.package_identification:_identify(src) by extensions ['python_setup_py']
[1.910s] Level 1:colcon.colcon_core.package_identification:_identify(src) by extension 'python_setup_py'
[1.910s] Level 1:colcon.colcon_core.package_identification:_identify(src/smartcart_description) by extensions ['ignore', 'ignore_ament_install']
[1.911s] Level 1:colcon.colcon_core.package_identification:_identify(src/smartcart_description) by extension 'ignore'
[1.911s] Level 1:colcon.colcon_core.package_identification:_identify(src/smartcart_description) by extension 'ignore_ament_install'
[1.911s] Level 1:colcon.colcon_core.package_identification:_identify(src/smartcart_description) by extensions ['colcon_pkg']
[1.912s] Level 1:colcon.colcon_core.package_identification:_identify(src/smartcart_description) by extension 'colcon_pkg'
[1.912s] Level 1:colcon.colcon_core.package_identification:_identify(src/smartcart_description) by extensions ['colcon_meta']
[1.912s] Level 1:colcon.colcon_core.package_identification:_identify(src/smartcart_description) by extension 'colcon_meta'
[1.912s] Level 1:colcon.colcon_core.package_identification:_identify(src/smartcart_description) by extensions ['ros']
[1.912s] Level 1:colcon.colcon_core.package_identification:_identify(src/smartcart_description) by extension 'ros'
[1.941s] DEBUG:colcon.colcon_core.package_identification:Package 'src/smartcart_description' with type 'ros.ament_cmake' and name 'smartcart_description'
[1.942s] Level 1:colcon.colcon_core.package_identification:_identify(src/smartcart_gazebo) by extensions ['ignore', 'ignore_ament_install']
[1.942s] Level 1:colcon.colcon_core.package_identification:_identify(src/smartcart_gazebo) by extension 'ignore'
[1.942s] Level 1:colcon.colcon_core.package_identification:_identify(src/smartcart_gazebo) by extension 'ignore_ament_install'
[1.943s] Level 1:colcon.colcon_core.package_identification:_identify(src/smartcart_gazebo) by extensions ['colcon_pkg']
[1.943s] Level 1:colcon.colcon_core.package_identification:_identify(src/smartcart_gazebo) by extension 'colcon_pkg'
[1.943s] Level 1:colcon.colcon_core.package_identification:_identify(src/smartcart_gazebo) by extensions ['colcon_meta']
[1.943s] Level 1:colcon.colcon_core.package_identification:_identify(src/smartcart_gazebo) by extension 'colcon_meta'
[1.943s] Level 1:colcon.colcon_core.package_identification:_identify(src/smartcart_gazebo) by extensions ['ros']
[1.944s] Level 1:colcon.colcon_core.package_identification:_identify(src/smartcart_gazebo) by extension 'ros'
[1.962s] DEBUG:colcon.colcon_core.package_identification:Package 'src/smartcart_gazebo' with type 'ros.ament_cmake' and name 'smartcart_gazebo'
[1.962s] Level 1:colcon.colcon_core.package_discovery:discover_packages(recursive) using defaults
[1.962s] Level 1:colcon.colcon_core.package_discovery:discover_packages(ignore) discover
[1.963s] Level 1:colcon.colcon_core.package_discovery:discover_packages(ignore) using defaults
[1.963s] Level 1:colcon.colcon_core.package_discovery:discover_packages(path) discover
[1.963s] Level 1:colcon.colcon_core.package_discovery:discover_packages(path) using defaults
[2.358s] Level 1:colcon.colcon_core.package_discovery:discover_packages(prefix_path) check parameters
[2.358s] Level 1:colcon.colcon_core.package_discovery:discover_packages(prefix_path) discover
[2.505s] DEBUG:colcon.colcon_installed_package_information.package_discovery:Found 2 installed packages in /home/hari-aswath/Projects/smartcart/simulation/smartcart_ws/install
[2.513s] DEBUG:colcon.colcon_installed_package_information.package_discovery:Found 319 installed packages in /opt/ros/jazzy
[2.520s] Level 1:colcon.colcon_core.package_discovery:discover_packages(prefix_path) using defaults
[2.682s] Level 5:colcon.colcon_core.verb:set package 'smartcart_description' build argument 'cmake_args' from command line to 'None'
[2.682s] Level 5:colcon.colcon_core.verb:set package 'smartcart_description' build argument 'cmake_target' from command line to 'None'
[2.682s] Level 5:colcon.colcon_core.verb:set package 'smartcart_description' build argument 'cmake_target_skip_unavailable' from command line to 'False'
[2.682s] Level 5:colcon.colcon_core.verb:set package 'smartcart_description' build argument 'cmake_clean_cache' from command line to 'False'
[2.682s] Level 5:colcon.colcon_core.verb:set package 'smartcart_description' build argument 'cmake_clean_first' from command line to 'False'
[2.683s] Level 5:colcon.colcon_core.verb:set package 'smartcart_description' build argument 'cmake_force_configure' from command line to 'False'
[2.683s] Level 5:colcon.colcon_core.verb:set package 'smartcart_description' build argument 'ament_cmake_args' from command line to 'None'
[2.683s] Level 5:colcon.colcon_core.verb:set package 'smartcart_description' build argument 'catkin_cmake_args' from command line to 'None'
[2.683s] Level 5:colcon.colcon_core.verb:set package 'smartcart_description' build argument 'catkin_skip_building_tests' from command line to 'False'
[2.683s] DEBUG:colcon.colcon_core.verb:Building package 'smartcart_description' with the following arguments: {'ament_cmake_args': None, 'build_base': '/home/hari-aswath/Projects/smartcart/simulation/smartcart_ws/build/smartcart_description', 'catkin_cmake_args': None, 'catkin_skip_building_tests': False, 'cmake_args': None, 'cmake_clean_cache': False, 'cmake_clean_first': False, 'cmake_force_configure': False, 'cmake_target': None, 'cmake_target_skip_unavailable': False, 'install_base': '/home/hari-aswath/Projects/smartcart/simulation/smartcart_ws/install/smartcart_description', 'merge_install': False, 'path': '/home/hari-aswath/Projects/smartcart/simulation/smartcart_ws/src/smartcart_description', 'symlink_install': False, 'test_result_base': None}
[2.683s] Level 5:colcon.colcon_core.verb:set package 'smartcart_gazebo' build argument 'cmake_args' from command line to 'None'
[2.683s] Level 5:colcon.colcon_core.verb:set package 'smartcart_gazebo' build argument 'cmake_target' from command line to 'None'
[2.683s] Level 5:colcon.colcon_core.verb:set package 'smartcart_gazebo' build argument 'cmake_target_skip_unavailable' from command line to 'False'
[2.683s] Level 5:colcon.colcon_core.verb:set package 'smartcart_gazebo' build argument 'cmake_clean_cache' from command line to 'False'
[2.683s] Level 5:colcon.colcon_core.verb:set package 'smartcart_gazebo' build argument 'cmake_clean_first' from command line to 'False'
[2.684s] Level 5:colcon.colcon_core.verb:set package 'smartcart_gazebo' build argument 'cmake_force_configure' from command line to 'False'
[2.684s] Level 5:colcon.colcon_core.verb:set package 'smartcart_gazebo' build argument 'ament_cmake_args' from command line to 'None'
[2.684s] Level 5:colcon.colcon_core.verb:set package 'smartcart_gazebo' build argument 'catkin_cmake_args' from command line to 'None'
[2.684s] Level 5:colcon.colcon_core.verb:set package 'smartcart_gazebo' build argument 'catkin_skip_building_tests' from command line to 'False'
[2.684s] DEBUG:colcon.colcon_core.verb:Building package 'smartcart_gazebo' with the following arguments: {'ament_cmake_args': None, 'build_base': '/home/hari-aswath/Projects/smartcart/simulation/smartcart_ws/build/smartcart_gazebo', 'catkin_cmake_args': None, 'catkin_skip_building_tests': False, 'cmake_args': None, 'cmake_clean_cache': False, 'cmake_clean_first': False, 'cmake_force_configure': False, 'cmake_target': None, 'cmake_target_skip_unavailable': False, 'install_base': '/home/hari-aswath/Projects/smartcart/simulation/smartcart_ws/install/smartcart_gazebo', 'merge_install': False, 'path': '/home/hari-aswath/Projects/smartcart/simulation/smartcart_ws/src/smartcart_gazebo', 'symlink_install': False, 'test_result_base': None}
[2.684s] INFO:colcon.colcon_core.executor:Executing jobs using 'parallel' executor
[2.685s] DEBUG:colcon.colcon_parallel_executor.executor.parallel:run_until_complete
[2.686s] INFO:colcon.colcon_ros.task.ament_cmake.build:Building ROS package in '/home/hari-aswath/Projects/smartcart/simulation/smartcart_ws/src/smartcart_description' with build type 'ament_cmake'
[2.686s] INFO:colcon.colcon_cmake.task.cmake.build:Building CMake package in '/home/hari-aswath/Projects/smartcart/simulation/smartcart_ws/src/smartcart_description'
[2.761s] INFO:colcon.colcon_core.plugin_system:Skipping extension 'colcon_core.shell.bat': Not used on non-Windows systems
[2.762s] INFO:colcon.colcon_core.shell:Skip shell extension 'powershell' for command environment: Not usable outside of PowerShell
[2.762s] DEBUG:colcon.colcon_core.shell:Skip shell extension 'dsv' for command environment
[2.794s] INFO:colcon.colcon_ros.task.ament_cmake.build:Building ROS package in '/home/hari-aswath/Projects/smartcart/simulation/smartcart_ws/src/smartcart_gazebo' with build type 'ament_cmake'
[2.794s] INFO:colcon.colcon_cmake.task.cmake.build:Building CMake package in '/home/hari-aswath/Projects/smartcart/simulation/smartcart_ws/src/smartcart_gazebo'
[2.795s] INFO:colcon.colcon_core.shell:Skip shell extension 'powershell' for command environment: Not usable outside of PowerShell
[2.795s] DEBUG:colcon.colcon_core.shell:Skip shell extension 'dsv' for command environment
[2.838s] DEBUG:colcon.colcon_core.event_handler.log_command:Invoking command in '/home/hari-aswath/Projects/smartcart/simulation/smartcart_ws/build/smartcart_description': CMAKE_PREFIX_PATH=${CMAKE_PREFIX_PATH}:/opt/ros/jazzy DEBUGINFOD_URLS=https://debuginfod.ubuntu.com /usr/bin/cmake --build /home/hari-aswath/Projects/smartcart/simulation/smartcart_ws/build/smartcart_description -- -j4 -l4
[3.018s] DEBUG:colcon.colcon_core.event_handler.log_command:Invoking command in '/home/hari-aswath/Projects/smartcart/simulation/smartcart_ws/build/smartcart_gazebo': CMAKE_PREFIX_PATH=${CMAKE_PREFIX_PATH}:/opt/ros/jazzy DEBUGINFOD_URLS=https://debuginfod.ubuntu.com /usr/bin/cmake --build /home/hari-aswath/Projects/smartcart/simulation/smartcart_ws/build/smartcart_gazebo -- -j4 -l4
[4.040s] DEBUG:colcon.colcon_core.event_handler.log_command:Invoked command in '/home/hari-aswath/Projects/smartcart/simulation/smartcart_ws/build/smartcart_description' returned '0': CMAKE_PREFIX_PATH=${CMAKE_PREFIX_PATH}:/opt/ros/jazzy DEBUGINFOD_URLS=https://debuginfod.ubuntu.com /usr/bin/cmake --build /home/hari-aswath/Projects/smartcart/simulation/smartcart_ws/build/smartcart_description -- -j4 -l4
[4.061s] DEBUG:colcon.colcon_core.event_handler.log_command:Invoking command in '/home/hari-aswath/Projects/smartcart/simulation/smartcart_ws/build/smartcart_description': CMAKE_PREFIX_PATH=${CMAKE_PREFIX_PATH}:/opt/ros/jazzy DEBUGINFOD_URLS=https://debuginfod.ubuntu.com /usr/bin/cmake --install /home/hari-aswath/Projects/smartcart/simulation/smartcart_ws/build/smartcart_description
[4.063s] DEBUG:colcon.colcon_core.event_handler.log_command:Invoked command in '/home/hari-aswath/Projects/smartcart/simulation/smartcart_ws/build/smartcart_gazebo' returned '0': CMAKE_PREFIX_PATH=${CMAKE_PREFIX_PATH}:/opt/ros/jazzy DEBUGINFOD_URLS=https://debuginfod.ubuntu.com /usr/bin/cmake --build /home/hari-aswath/Projects/smartcart/simulation/smartcart_ws/build/smartcart_gazebo -- -j4 -l4
[4.066s] DEBUG:colcon.colcon_core.event_handler.log_command:Invoking command in '/home/hari-aswath/Projects/smartcart/simulation/smartcart_ws/build/smartcart_gazebo': CMAKE_PREFIX_PATH=${CMAKE_PREFIX_PATH}:/opt/ros/jazzy DEBUGINFOD_URLS=https://debuginfod.ubuntu.com /usr/bin/cmake --install /home/hari-aswath/Projects/smartcart/simulation/smartcart_ws/build/smartcart_gazebo
[4.124s] Level 1:colcon.colcon_core.environment:create_environment_scripts_only(smartcart_description)
[4.128s] DEBUG:colcon.colcon_core.event_handler.log_command:Invoked command in '/home/hari-aswath/Projects/smartcart/simulation/smartcart_ws/build/smartcart_description' returned '0': CMAKE_PREFIX_PATH=${CMAKE_PREFIX_PATH}:/opt/ros/jazzy DEBUGINFOD_URLS=https://debuginfod.ubuntu.com /usr/bin/cmake --install /home/hari-aswath/Projects/smartcart/simulation/smartcart_ws/build/smartcart_description
[4.233s] Level 1:colcon.colcon_core.environment:checking '/home/hari-aswath/Projects/smartcart/simulation/smartcart_ws/install/smartcart_description' for CMake module files
[4.236s] Level 1:colcon.colcon_core.environment:checking '/home/hari-aswath/Projects/smartcart/simulation/smartcart_ws/install/smartcart_description' for CMake config files
[4.236s] Level 1:colcon.colcon_core.shell:create_environment_hook('smartcart_description', 'cmake_prefix_path')
[4.236s] INFO:colcon.colcon_core.shell:Creating environment hook '/home/hari-aswath/Projects/smartcart/simulation/smartcart_ws/install/smartcart_description/share/smartcart_description/hook/cmake_prefix_path.ps1'
[4.256s] INFO:colcon.colcon_core.shell:Creating environment descriptor '/home/hari-aswath/Projects/smartcart/simulation/smartcart_ws/install/smartcart_description/share/smartcart_description/hook/cmake_prefix_path.dsv'
[4.274s] INFO:colcon.colcon_core.shell:Creating environment hook '/home/hari-aswath/Projects/smartcart/simulation/smartcart_ws/install/smartcart_description/share/smartcart_description/hook/cmake_prefix_path.sh'
[4.278s] Level 1:colcon.colcon_core.environment:checking '/home/hari-aswath/Projects/smartcart/simulation/smartcart_ws/install/smartcart_description/bin'
[4.279s] Level 1:colcon.colcon_core.environment:checking '/home/hari-aswath/Projects/smartcart/simulation/smartcart_ws/install/smartcart_description/lib/pkgconfig/smartcart_description.pc'
[4.280s] Level 1:colcon.colcon_core.environment:checking '/home/hari-aswath/Projects/smartcart/simulation/smartcart_ws/install/smartcart_description/lib/python3.12/site-packages'
[4.281s] Level 1:colcon.colcon_core.environment:checking '/home/hari-aswath/Projects/smartcart/simulation/smartcart_ws/install/smartcart_description/bin'
[4.282s] INFO:colcon.colcon_core.shell:Creating package script '/home/hari-aswath/Projects/smartcart/simulation/smartcart_ws/install/smartcart_description/share/smartcart_description/package.ps1'
[4.287s] INFO:colcon.colcon_core.shell:Creating package descriptor '/home/hari-aswath/Projects/smartcart/simulation/smartcart_ws/install/smartcart_description/share/smartcart_description/package.dsv'
[4.289s] INFO:colcon.colcon_core.shell:Creating package script '/home/hari-aswath/Projects/smartcart/simulation/smartcart_ws/install/smartcart_description/share/smartcart_description/package.sh'
[4.293s] INFO:colcon.colcon_core.shell:Creating package script '/home/hari-aswath/Projects/smartcart/simulation/smartcart_ws/install/smartcart_description/share/smartcart_description/package.bash'
[4.330s] INFO:colcon.colcon_core.shell:Creating package script '/home/hari-aswath/Projects/smartcart/simulation/smartcart_ws/install/smartcart_description/share/smartcart_description/package.zsh'
[4.348s] Level 1:colcon.colcon_core.environment:create_file_with_runtime_dependencies(/home/hari-aswath/Projects/smartcart/simulation/smartcart_ws/install/smartcart_description/share/colcon-core/packages/smartcart_description)
[4.350s] Level 1:colcon.colcon_core.environment:create_environment_scripts_only(smartcart_description)
[4.351s] Level 1:colcon.colcon_core.environment:checking '/home/hari-aswath/Projects/smartcart/simulation/smartcart_ws/install/smartcart_description' for CMake module files
[4.353s] Level 1:colcon.colcon_core.environment:checking '/home/hari-aswath/Projects/smartcart/simulation/smartcart_ws/install/smartcart_description' for CMake config files
[4.354s] Level 1:colcon.colcon_core.shell:create_environment_hook('smartcart_description', 'cmake_prefix_path')
[4.355s] INFO:colcon.colcon_core.shell:Creating environment hook '/home/hari-aswath/Projects/smartcart/simulation/smartcart_ws/install/smartcart_description/share/smartcart_description/hook/cmake_prefix_path.ps1'
[4.357s] INFO:colcon.colcon_core.shell:Creating environment descriptor '/home/hari-aswath/Projects/smartcart/simulation/smartcart_ws/install/smartcart_description/share/smartcart_description/hook/cmake_prefix_path.dsv'
[4.358s] INFO:colcon.colcon_core.shell:Creating environment hook '/home/hari-aswath/Projects/smartcart/simulation/smartcart_ws/install/smartcart_description/share/smartcart_description/hook/cmake_prefix_path.sh'
[4.360s] Level 1:colcon.colcon_core.environment:checking '/home/hari-aswath/Projects/smartcart/simulation/smartcart_ws/install/smartcart_description/bin'
[4.361s] Level 1:colcon.colcon_core.environment:checking '/home/hari-aswath/Projects/smartcart/simulation/smartcart_ws/install/smartcart_description/lib/pkgconfig/smartcart_description.pc'
[4.362s] Level 1:colcon.colcon_core.environment:checking '/home/hari-aswath/Projects/smartcart/simulation/smartcart_ws/install/smartcart_description/lib/python3.12/site-packages'
[4.364s] Level 1:colcon.colcon_core.environment:checking '/home/hari-aswath/Projects/smartcart/simulation/smartcart_ws/install/smartcart_description/bin'
[4.365s] INFO:colcon.colcon_core.shell:Creating package script '/home/hari-aswath/Projects/smartcart/simulation/smartcart_ws/install/smartcart_description/share/smartcart_description/package.ps1'
[4.367s] INFO:colcon.colcon_core.shell:Creating package descriptor '/home/hari-aswath/Projects/smartcart/simulation/smartcart_ws/install/smartcart_description/share/smartcart_description/package.dsv'
[4.370s] INFO:colcon.colcon_core.shell:Creating package script '/home/hari-aswath/Projects/smartcart/simulation/smartcart_ws/install/smartcart_description/share/smartcart_description/package.sh'
[4.371s] INFO:colcon.colcon_core.shell:Creating package script '/home/hari-aswath/Projects/smartcart/simulation/smartcart_ws/install/smartcart_description/share/smartcart_description/package.bash'
[4.373s] INFO:colcon.colcon_core.shell:Creating package script '/home/hari-aswath/Projects/smartcart/simulation/smartcart_ws/install/smartcart_description/share/smartcart_description/package.zsh'
[4.375s] Level 1:colcon.colcon_core.environment:create_file_with_runtime_dependencies(/home/hari-aswath/Projects/smartcart/simulation/smartcart_ws/install/smartcart_description/share/colcon-core/packages/smartcart_description)
[4.376s] Level 1:colcon.colcon_core.environment:create_environment_scripts_only(smartcart_gazebo)
[4.377s] Level 1:colcon.colcon_core.environment:checking '/home/hari-aswath/Projects/smartcart/simulation/smartcart_ws/install/smartcart_gazebo' for CMake module files
[4.382s] Level 1:colcon.colcon_core.environment:checking '/home/hari-aswath/Projects/smartcart/simulation/smartcart_ws/install/smartcart_gazebo' for CMake config files
[4.384s] DEBUG:colcon.colcon_core.event_handler.log_command:Invoked command in '/home/hari-aswath/Projects/smartcart/simulation/smartcart_ws/build/smartcart_gazebo' returned '0': CMAKE_PREFIX_PATH=${CMAKE_PREFIX_PATH}:/opt/ros/jazzy DEBUGINFOD_URLS=https://debuginfod.ubuntu.com /usr/bin/cmake --install /home/hari-aswath/Projects/smartcart/simulation/smartcart_ws/build/smartcart_gazebo
[4.403s] Level 1:colcon.colcon_core.shell:create_environment_hook('smartcart_gazebo', 'cmake_prefix_path')
[4.404s] INFO:colcon.colcon_core.shell:Creating environment hook '/home/hari-aswath/Projects/smartcart/simulation/smartcart_ws/install/smartcart_gazebo/share/smartcart_gazebo/hook/cmake_prefix_path.ps1'
[4.406s] INFO:colcon.colcon_core.shell:Creating environment descriptor '/home/hari-aswath/Projects/smartcart/simulation/smartcart_ws/install/smartcart_gazebo/share/smartcart_gazebo/hook/cmake_prefix_path.dsv'
[4.407s] INFO:colcon.colcon_core.shell:Creating environment hook '/home/hari-aswath/Projects/smartcart/simulation/smartcart_ws/install/smartcart_gazebo/share/smartcart_gazebo/hook/cmake_prefix_path.sh'
[4.410s] Level 1:colcon.colcon_core.environment:checking '/home/hari-aswath/Projects/smartcart/simulation/smartcart_ws/install/smartcart_gazebo/bin'
[4.411s] Level 1:colcon.colcon_core.environment:checking '/home/hari-aswath/Projects/smartcart/simulation/smartcart_ws/install/smartcart_gazebo/lib/pkgconfig/smartcart_gazebo.pc'
[4.412s] Level 1:colcon.colcon_core.environment:checking '/home/hari-aswath/Projects/smartcart/simulation/smartcart_ws/install/smartcart_gazebo/lib/python3.12/site-packages'
[4.415s] Level 1:colcon.colcon_core.environment:checking '/home/hari-aswath/Projects/smartcart/simulation/smartcart_ws/install/smartcart_gazebo/bin'
[4.417s] INFO:colcon.colcon_core.shell:Creating package script '/home/hari-aswath/Projects/smartcart/simulation/smartcart_ws/install/smartcart_gazebo/share/smartcart_gazebo/package.ps1'
[4.421s] INFO:colcon.colcon_core.shell:Creating package descriptor '/home/hari-aswath/Projects/smartcart/simulation/smartcart_ws/install/smartcart_gazebo/share/smartcart_gazebo/package.dsv'
[4.424s] INFO:colcon.colcon_core.shell:Creating package script '/home/hari-aswath/Projects/smartcart/simulation/smartcart_ws/install/smartcart_gazebo/share/smartcart_gazebo/package.sh'
[4.426s] INFO:colcon.colcon_core.shell:Creating package script '/home/hari-aswath/Projects/smartcart/simulation/smartcart_ws/install/smartcart_gazebo/share/smartcart_gazebo/package.bash'
[4.427s] INFO:colcon.colcon_core.shell:Creating package script '/home/hari-aswath/Projects/smartcart/simulation/smartcart_ws/install/smartcart_gazebo/share/smartcart_gazebo/package.zsh'
[4.428s] Level 1:colcon.colcon_core.environment:create_file_with_runtime_dependencies(/home/hari-aswath/Projects/smartcart/simulation/smartcart_ws/install/smartcart_gazebo/share/colcon-core/packages/smartcart_gazebo)
[4.429s] Level 1:colcon.colcon_core.environment:create_environment_scripts_only(smartcart_gazebo)
[4.430s] Level 1:colcon.colcon_core.environment:checking '/home/hari-aswath/Projects/smartcart/simulation/smartcart_ws/install/smartcart_gazebo' for CMake module files
[4.432s] Level 1:colcon.colcon_core.environment:checking '/home/hari-aswath/Projects/smartcart/simulation/smartcart_ws/install/smartcart_gazebo' for CMake config files
[4.433s] Level 1:colcon.colcon_core.shell:create_environment_hook('smartcart_gazebo', 'cmake_prefix_path')
[4.434s] INFO:colcon.colcon_core.shell:Creating environment hook '/home/hari-aswath/Projects/smartcart/simulation/smartcart_ws/install/smartcart_gazebo/share/smartcart_gazebo/hook/cmake_prefix_path.ps1'
[4.436s] INFO:colcon.colcon_core.shell:Creating environment descriptor '/home/hari-aswath/Projects/smartcart/simulation/smartcart_ws/install/smartcart_gazebo/share/smartcart_gazebo/hook/cmake_prefix_path.dsv'
[4.438s] INFO:colcon.colcon_core.shell:Creating environment hook '/home/hari-aswath/Projects/smartcart/simulation/smartcart_ws/install/smartcart_gazebo/share/smartcart_gazebo/hook/cmake_prefix_path.sh'
[4.441s] Level 1:colcon.colcon_core.environment:checking '/home/hari-aswath/Projects/smartcart/simulation/smartcart_ws/install/smartcart_gazebo/bin'
[4.441s] Level 1:colcon.colcon_core.environment:checking '/home/hari-aswath/Projects/smartcart/simulation/smartcart_ws/install/smartcart_gazebo/lib/pkgconfig/smartcart_gazebo.pc'
[4.442s] Level 1:colcon.colcon_core.environment:checking '/home/hari-aswath/Projects/smartcart/simulation/smartcart_ws/install/smartcart_gazebo/lib/python3.12/site-packages'
[4.444s] Level 1:colcon.colcon_core.environment:checking '/home/hari-aswath/Projects/smartcart/simulation/smartcart_ws/install/smartcart_gazebo/bin'
[4.444s] INFO:colcon.colcon_core.shell:Creating package script '/home/hari-aswath/Projects/smartcart/simulation/smartcart_ws/install/smartcart_gazebo/share/smartcart_gazebo/package.ps1'
[4.446s] INFO:colcon.colcon_core.shell:Creating package descriptor '/home/hari-aswath/Projects/smartcart/simulation/smartcart_ws/install/smartcart_gazebo/share/smartcart_gazebo/package.dsv'
[4.448s] INFO:colcon.colcon_core.shell:Creating package script '/home/hari-aswath/Projects/smartcart/simulation/smartcart_ws/install/smartcart_gazebo/share/smartcart_gazebo/package.sh'
[4.449s] INFO:colcon.colcon_core.shell:Creating package script '/home/hari-aswath/Projects/smartcart/simulation/smartcart_ws/install/smartcart_gazebo/share/smartcart_gazebo/package.bash'
[4.450s] INFO:colcon.colcon_core.shell:Creating package script '/home/hari-aswath/Projects/smartcart/simulation/smartcart_ws/install/smartcart_gazebo/share/smartcart_gazebo/package.zsh'
[4.451s] Level 1:colcon.colcon_core.environment:create_file_with_runtime_dependencies(/home/hari-aswath/Projects/smartcart/simulation/smartcart_ws/install/smartcart_gazebo/share/colcon-core/packages/smartcart_gazebo)
[4.452s] DEBUG:colcon.colcon_parallel_executor.executor.parallel:closing loop
[4.453s] DEBUG:colcon.colcon_parallel_executor.executor.parallel:loop closed
[4.453s] DEBUG:colcon.colcon_parallel_executor.executor.parallel:run_until_complete finished with '0'
[4.453s] DEBUG:colcon.colcon_core.event_reactor:joining thread
[4.591s] INFO:colcon.colcon_core.plugin_system:Skipping extension 'colcon_notification.desktop_notification.terminal_notifier': Not used on non-Darwin systems
[4.591s] INFO:colcon.colcon_core.plugin_system:Skipping extension 'colcon_notification.desktop_notification.win32': Not used on non-Windows systems
[4.591s] INFO:colcon.colcon_notification.desktop_notification:Sending desktop notification using 'notify2'
[5.121s] DEBUG:colcon.colcon_core.event_reactor:joined thread
[5.122s] INFO:colcon.colcon_core.shell:Creating prefix script '/home/hari-aswath/Projects/smartcart/simulation/smartcart_ws/install/local_setup.ps1'
[5.177s] INFO:colcon.colcon_core.shell:Creating prefix util module '/home/hari-aswath/Projects/smartcart/simulation/smartcart_ws/install/_local_setup_util_ps1.py'
[5.208s] INFO:colcon.colcon_core.shell:Creating prefix chain script '/home/hari-aswath/Projects/smartcart/simulation/smartcart_ws/install/setup.ps1'
[5.213s] INFO:colcon.colcon_core.shell:Creating prefix script '/home/hari-aswath/Projects/smartcart/simulation/smartcart_ws/install/local_setup.sh'
[5.227s] INFO:colcon.colcon_core.shell:Creating prefix util module '/home/hari-aswath/Projects/smartcart/simulation/smartcart_ws/install/_local_setup_util_sh.py'
[5.230s] INFO:colcon.colcon_core.shell:Creating prefix chain script '/home/hari-aswath/Projects/smartcart/simulation/smartcart_ws/install/setup.sh'
[5.235s] INFO:colcon.colcon_core.shell:Creating prefix script '/home/hari-aswath/Projects/smartcart/simulation/smartcart_ws/install/local_setup.bash'
[5.249s] INFO:colcon.colcon_core.shell:Creating prefix chain script '/home/hari-aswath/Projects/smartcart/simulation/smartcart_ws/install/setup.bash'
[5.253s] INFO:colcon.colcon_core.shell:Creating prefix script '/home/hari-aswath/Projects/smartcart/simulation/smartcart_ws/install/local_setup.zsh'
[5.266s] INFO:colcon.colcon_core.shell:Creating prefix chain script '/home/hari-aswath/Projects/smartcart/simulation/smartcart_ws/install/setup.zsh'
