-- Install configuration: ""
-- Up-to-date: /home/hari-aswath/Projects/smartcart/simulation/smartcart_ws/install/smartcart_description/share/smartcart_description/urdf
-- Up-to-date: /home/hari-aswath/Projects/smartcart/simulation/smartcart_ws/install/smartcart_description/share/smartcart_description/urdf/smartcart.urdf.xacro
-- Up-to-date: /home/hari-aswath/Projects/smartcart/simulation/smartcart_ws/install/smartcart_description/share/smartcart_description/launch
-- Up-to-date: /home/hari-aswath/Projects/smartcart/simulation/smartcart_ws/install/smartcart_description/share/smartcart_description/meshes
-- Up-to-date: /home/hari-aswath/Projects/smartcart/simulation/smartcart_ws/install/smartcart_description/share/smartcart_description/config
-- Up-to-date: /home/hari-aswath/Projects/smartcart/simulation/smartcart_ws/install/smartcart_description/share/ament_index/resource_index/package_run_dependencies/smartcart_description
-- Up-to-date: /home/hari-aswath/Projects/smartcart/simulation/smartcart_ws/install/smartcart_description/share/ament_index/resource_index/parent_prefix_path/smartcart_description
-- Up-to-date: /home/hari-aswath/Projects/smartcart/simulation/smartcart_ws/install/smartcart_description/share/smartcart_description/environment/ament_prefix_path.sh
-- Up-to-date: /home/hari-aswath/Projects/smartcart/simulation/smartcart_ws/install/smartcart_description/share/smartcart_description/environment/ament_prefix_path.dsv
-- Up-to-date: /home/hari-aswath/Projects/smartcart/simulation/smartcart_ws/install/smartcart_description/share/smartcart_description/environment/path.sh
-- Up-to-date: /home/hari-aswath/Projects/smartcart/simulation/smartcart_ws/install/smartcart_description/share/smartcart_description/environment/path.dsv
-- Up-to-date: /home/hari-aswath/Projects/smartcart/simulation/smartcart_ws/install/smartcart_description/share/smartcart_description/local_setup.bash
-- Up-to-date: /home/hari-aswath/Projects/smartcart/simulation/smartcart_ws/install/smartcart_description/share/smartcart_description/local_setup.sh
-- Up-to-date: /home/hari-aswath/Projects/smartcart/simulation/smartcart_ws/install/smartcart_description/share/smartcart_description/local_setup.zsh
-- Up-to-date: /home/hari-aswath/Projects/smartcart/simulation/smartcart_ws/install/smartcart_description/share/smartcart_description/local_setup.dsv
-- Installing: /home/hari-aswath/Projects/smartcart/simulation/smartcart_ws/install/smartcart_description/share/smartcart_description/package.dsv
-- Up-to-date: /home/hari-aswath/Projects/smartcart/simulation/smartcart_ws/install/smartcart_description/share/ament_index/resource_index/packages/smartcart_description
-- Up-to-date: /home/hari-aswath/Projects/smartcart/simulation/smartcart_ws/install/smartcart_description/share/smartcart_description/cmake/smartcart_descriptionConfig.cmake
-- Up-to-date: /home/hari-aswath/Projects/smartcart/simulation/smartcart_ws/install/smartcart_description/share/smartcart_description/cmake/smartcart_descriptionConfig-version.cmake
-- Up-to-date: /home/hari-aswath/Projects/smartcart/simulation/smartcart_ws/install/smartcart_description/share/smartcart_description/package.xml
