[0.180s] Invoking command in '/home/hari-aswath/Projects/smartcart/simulation/smartcart_ws/build/smartcart_description': CMAKE_PREFIX_PATH=${CMAKE_PREFIX_PATH}:/opt/ros/jazzy DEBUGINFOD_URLS=https://debuginfod.ubuntu.com /usr/bin/cmake --build /home/hari-aswath/Projects/smartcart/simulation/smartcart_ws/build/smartcart_description -- -j4 -l4
[1.363s] Invoked command in '/home/hari-aswath/Projects/smartcart/simulation/smartcart_ws/build/smartcart_description' returned '0': CMAKE_PREFIX_PATH=${CMAKE_PREFIX_PATH}:/opt/ros/jazzy DEBUGINFOD_URLS=https://debuginfod.ubuntu.com /usr/bin/cmake --build /home/hari-aswath/Projects/smartcart/simulation/smartcart_ws/build/smartcart_description -- -j4 -l4
[1.401s] Invoking command in '/home/hari-aswath/Projects/smartcart/simulation/smartcart_ws/build/smartcart_description': CMAKE_PREFIX_PATH=${CMAKE_PREFIX_PATH}:/opt/ros/jazzy DEBUGINFOD_URLS=https://debuginfod.ubuntu.com /usr/bin/cmake --install /home/hari-aswath/Projects/smartcart/simulation/smartcart_ws/build/smartcart_description
[1.463s] -- Install configuration: ""
[1.472s] -- Up-to-date: /home/hari-aswath/Projects/smartcart/simulation/smartcart_ws/install/smartcart_description/share/smartcart_description/urdf
[1.488s] -- Up-to-date: /home/hari-aswath/Projects/smartcart/simulation/smartcart_ws/install/smartcart_description/share/smartcart_description/urdf/smartcart.urdf.xacro
[1.488s] -- Up-to-date: /home/hari-aswath/Projects/smartcart/simulation/smartcart_ws/install/smartcart_description/share/smartcart_description/launch
[1.495s] -- Up-to-date: /home/hari-aswath/Projects/smartcart/simulation/smartcart_ws/install/smartcart_description/share/smartcart_description/meshes
[1.496s] -- Up-to-date: /home/hari-aswath/Projects/smartcart/simulation/smartcart_ws/install/smartcart_description/share/smartcart_description/config
[1.499s] -- Up-to-date: /home/hari-aswath/Projects/smartcart/simulation/smartcart_ws/install/smartcart_description/share/ament_index/resource_index/package_run_dependencies/smartcart_description
[1.499s] -- Up-to-date: /home/hari-aswath/Projects/smartcart/simulation/smartcart_ws/install/smartcart_description/share/ament_index/resource_index/parent_prefix_path/smartcart_description
[1.500s] -- Up-to-date: /home/hari-aswath/Projects/smartcart/simulation/smartcart_ws/install/smartcart_description/share/smartcart_description/environment/ament_prefix_path.sh
[1.500s] -- Up-to-date: /home/hari-aswath/Projects/smartcart/simulation/smartcart_ws/install/smartcart_description/share/smartcart_description/environment/ament_prefix_path.dsv
[1.501s] -- Up-to-date: /home/hari-aswath/Projects/smartcart/simulation/smartcart_ws/install/smartcart_description/share/smartcart_description/environment/path.sh
[1.502s] -- Up-to-date: /home/hari-aswath/Projects/smartcart/simulation/smartcart_ws/install/smartcart_description/share/smartcart_description/environment/path.dsv
[1.502s] -- Up-to-date: /home/hari-aswath/Projects/smartcart/simulation/smartcart_ws/install/smartcart_description/share/smartcart_description/local_setup.bash
[1.503s] -- Up-to-date: /home/hari-aswath/Projects/smartcart/simulation/smartcart_ws/install/smartcart_description/share/smartcart_description/local_setup.sh
[1.504s] -- Up-to-date: /home/hari-aswath/Projects/smartcart/simulation/smartcart_ws/install/smartcart_description/share/smartcart_description/local_setup.zsh
[1.504s] -- Up-to-date: /home/hari-aswath/Projects/smartcart/simulation/smartcart_ws/install/smartcart_description/share/smartcart_description/local_setup.dsv
[1.505s] -- Installing: /home/hari-aswath/Projects/smartcart/simulation/smartcart_ws/install/smartcart_description/share/smartcart_description/package.dsv
[1.507s] -- Up-to-date: /home/hari-aswath/Projects/smartcart/simulation/smartcart_ws/install/smartcart_description/share/ament_index/resource_index/packages/smartcart_description
[1.508s] -- Up-to-date: /home/hari-aswath/Projects/smartcart/simulation/smartcart_ws/install/smartcart_description/share/smartcart_description/cmake/smartcart_descriptionConfig.cmake
[1.509s] -- Up-to-date: /home/hari-aswath/Projects/smartcart/simulation/smartcart_ws/install/smartcart_description/share/smartcart_description/cmake/smartcart_descriptionConfig-version.cmake
[1.509s] -- Up-to-date: /home/hari-aswath/Projects/smartcart/simulation/smartcart_ws/install/smartcart_description/share/smartcart_description/package.xml
[1.753s] Invoked command in '/home/hari-aswath/Projects/smartcart/simulation/smartcart_ws/build/smartcart_description' returned '0': CMAKE_PREFIX_PATH=${CMAKE_PREFIX_PATH}:/opt/ros/jazzy DEBUGINFOD_URLS=https://debuginfod.ubuntu.com /usr/bin/cmake --install /home/hari-aswath/Projects/smartcart/simulation/smartcart_ws/build/smartcart_description
