[2.133s] DEBUG:colcon:Command line arguments: ['/usr/bin/colcon', 'build']
[2.133s] DEBUG:colcon:Parsed command line arguments: Namespace(log_base=None, log_level=None, verb_name='build', build_base='build', install_base='install', merge_install=False, symlink_install=False, test_result_base=None, continue_on_error=False, executor='parallel', parallel_workers=4, event_handlers=None, ignore_user_meta=False, metas=['./colcon.meta'], base_paths=['.'], packages_ignore=None, packages_ignore_regex=None, paths=None, packages_up_to=None, packages_up_to_regex=None, packages_above=None, packages_above_and_dependencies=None, packages_above_depth=None, packages_select_by_dep=None, packages_skip_by_dep=None, packages_skip_up_to=None, packages_select_build_failed=False, packages_skip_build_finished=False, packages_select_test_failures=False, packages_skip_test_passed=False, packages_select=None, packages_skip=None, packages_select_regex=None, packages_skip_regex=None, packages_start=None, packages_end=None, allow_overriding=[], cmake_args=None, cmake_target=None, cmake_target_skip_unavailable=False, cmake_clean_cache=False, cmake_clean_first=False, cmake_force_configure=False, ament_cmake_args=None, catkin_cmake_args=None, catkin_skip_building_tests=False, verb_parser=<colcon_defaults.argument_parser.defaults.DefaultArgumentsDecorator object at 0x765a6734dbb0>, verb_extension=<colcon_core.verb.build.BuildVerb object at 0x765a6734da60>, main=<bound method BuildVerb.main of <colcon_core.verb.build.BuildVerb object at 0x765a6734da60>>)
[2.542s] Level 1:colcon.colcon_core.package_discovery:discover_packages(colcon_meta) check parameters
[2.542s] Level 1:colcon.colcon_core.package_discovery:discover_packages(recursive) check parameters
[2.543s] Level 1:colcon.colcon_core.package_discovery:discover_packages(ignore) check parameters
[2.543s] Level 1:colcon.colcon_core.package_discovery:discover_packages(path) check parameters
[2.543s] Level 1:colcon.colcon_core.package_discovery:discover_packages(colcon_meta) discover
[2.543s] Level 1:colcon.colcon_core.package_discovery:discover_packages(recursive) discover
[2.543s] INFO:colcon.colcon_core.package_discovery:Crawling recursively for packages in '/home/hari-aswath/Projects/smartcart/simulation/smartcart_ws'
[2.543s] Level 1:colcon.colcon_core.package_identification:_identify(.) by extensions ['ignore', 'ignore_ament_install']
[2.544s] Level 1:colcon.colcon_core.package_identification:_identify(.) by extension 'ignore'
[2.544s] Level 1:colcon.colcon_core.package_identification:_identify(.) by extension 'ignore_ament_install'
[2.544s] Level 1:colcon.colcon_core.package_identification:_identify(.) by extensions ['colcon_pkg']
[2.544s] Level 1:colcon.colcon_core.package_identification:_identify(.) by extension 'colcon_pkg'
[2.544s] Level 1:colcon.colcon_core.package_identification:_identify(.) by extensions ['colcon_meta']
[2.544s] Level 1:colcon.colcon_core.package_identification:_identify(.) by extension 'colcon_meta'
[2.544s] Level 1:colcon.colcon_core.package_identification:_identify(.) by extensions ['ros']
[2.545s] Level 1:colcon.colcon_core.package_identification:_identify(.) by extension 'ros'
[2.785s] Level 1:colcon.colcon_core.package_identification:_identify(.) by extensions ['cmake', 'python']
[2.785s] Level 1:colcon.colcon_core.package_identification:_identify(.) by extension 'cmake'
[2.785s] Level 1:colcon.colcon_core.package_identification:_identify(.) by extension 'python'
[2.785s] Level 1:colcon.colcon_core.package_identification:_identify(.) by extensions ['python_setup_py']
[2.786s] Level 1:colcon.colcon_core.package_identification:_identify(.) by extension 'python_setup_py'
[2.786s] Level 1:colcon.colcon_core.package_identification:_identify(build) by extensions ['ignore', 'ignore_ament_install']
[2.786s] Level 1:colcon.colcon_core.package_identification:_identify(build) by extension 'ignore'
[2.786s] Level 1:colcon.colcon_core.package_identification:_identify(build) ignored
[2.786s] Level 1:colcon.colcon_core.package_identification:_identify(install) by extensions ['ignore', 'ignore_ament_install']
[2.787s] Level 1:colcon.colcon_core.package_identification:_identify(install) by extension 'ignore'
[2.787s] Level 1:colcon.colcon_core.package_identification:_identify(install) ignored
[2.787s] Level 1:colcon.colcon_core.package_identification:_identify(log) by extensions ['ignore', 'ignore_ament_install']
[2.787s] Level 1:colcon.colcon_core.package_identification:_identify(log) by extension 'ignore'
[2.787s] Level 1:colcon.colcon_core.package_identification:_identify(log) ignored
[2.787s] Level 1:colcon.colcon_core.package_identification:_identify(src) by extensions ['ignore', 'ignore_ament_install']
[2.787s] Level 1:colcon.colcon_core.package_identification:_identify(src) by extension 'ignore'
[2.788s] Level 1:colcon.colcon_core.package_identification:_identify(src) by extension 'ignore_ament_install'
[2.788s] Level 1:colcon.colcon_core.package_identification:_identify(src) by extensions ['colcon_pkg']
[2.788s] Level 1:colcon.colcon_core.package_identification:_identify(src) by extension 'colcon_pkg'
[2.788s] Level 1:colcon.colcon_core.package_identification:_identify(src) by extensions ['colcon_meta']
[2.788s] Level 1:colcon.colcon_core.package_identification:_identify(src) by extension 'colcon_meta'
[2.788s] Level 1:colcon.colcon_core.package_identification:_identify(src) by extensions ['ros']
[2.788s] Level 1:colcon.colcon_core.package_identification:_identify(src) by extension 'ros'
[2.788s] Level 1:colcon.colcon_core.package_identification:_identify(src) by extensions ['cmake', 'python']
[2.789s] Level 1:colcon.colcon_core.package_identification:_identify(src) by extension 'cmake'
[2.789s] Level 1:colcon.colcon_core.package_identification:_identify(src) by extension 'python'
[2.789s] Level 1:colcon.colcon_core.package_identification:_identify(src) by extensions ['python_setup_py']
[2.789s] Level 1:colcon.colcon_core.package_identification:_identify(src) by extension 'python_setup_py'
[2.814s] Level 1:colcon.colcon_core.package_identification:_identify(src/smartcart_description) by extensions ['ignore', 'ignore_ament_install']
[2.815s] Level 1:colcon.colcon_core.package_identification:_identify(src/smartcart_description) by extension 'ignore'
[2.815s] Level 1:colcon.colcon_core.package_identification:_identify(src/smartcart_description) by extension 'ignore_ament_install'
[2.816s] Level 1:colcon.colcon_core.package_identification:_identify(src/smartcart_description) by extensions ['colcon_pkg']
[2.816s] Level 1:colcon.colcon_core.package_identification:_identify(src/smartcart_description) by extension 'colcon_pkg'
[2.816s] Level 1:colcon.colcon_core.package_identification:_identify(src/smartcart_description) by extensions ['colcon_meta']
[2.816s] Level 1:colcon.colcon_core.package_identification:_identify(src/smartcart_description) by extension 'colcon_meta'
[2.816s] Level 1:colcon.colcon_core.package_identification:_identify(src/smartcart_description) by extensions ['ros']
[2.816s] Level 1:colcon.colcon_core.package_identification:_identify(src/smartcart_description) by extension 'ros'
[2.833s] DEBUG:colcon.colcon_core.package_identification:Package 'src/smartcart_description' with type 'ros.ament_cmake' and name 'smartcart_description'
[2.833s] Level 1:colcon.colcon_core.package_identification:_identify(src/smartcart_gazebo) by extensions ['ignore', 'ignore_ament_install']
[2.833s] Level 1:colcon.colcon_core.package_identification:_identify(src/smartcart_gazebo) by extension 'ignore'
[2.833s] Level 1:colcon.colcon_core.package_identification:_identify(src/smartcart_gazebo) by extension 'ignore_ament_install'
[2.833s] Level 1:colcon.colcon_core.package_identification:_identify(src/smartcart_gazebo) by extensions ['colcon_pkg']
[2.834s] Level 1:colcon.colcon_core.package_identification:_identify(src/smartcart_gazebo) by extension 'colcon_pkg'
[2.834s] Level 1:colcon.colcon_core.package_identification:_identify(src/smartcart_gazebo) by extensions ['colcon_meta']
[2.834s] Level 1:colcon.colcon_core.package_identification:_identify(src/smartcart_gazebo) by extension 'colcon_meta'
[2.834s] Level 1:colcon.colcon_core.package_identification:_identify(src/smartcart_gazebo) by extensions ['ros']
[2.834s] Level 1:colcon.colcon_core.package_identification:_identify(src/smartcart_gazebo) by extension 'ros'
[2.843s] DEBUG:colcon.colcon_core.package_identification:Package 'src/smartcart_gazebo' with type 'ros.ament_cmake' and name 'smartcart_gazebo'
[2.843s] Level 1:colcon.colcon_core.package_discovery:discover_packages(recursive) using defaults
[2.843s] Level 1:colcon.colcon_core.package_discovery:discover_packages(ignore) discover
[2.843s] Level 1:colcon.colcon_core.package_discovery:discover_packages(ignore) using defaults
[2.843s] Level 1:colcon.colcon_core.package_discovery:discover_packages(path) discover
[2.843s] Level 1:colcon.colcon_core.package_discovery:discover_packages(path) using defaults
[3.097s] Level 1:colcon.colcon_core.package_discovery:discover_packages(prefix_path) check parameters
[3.097s] Level 1:colcon.colcon_core.package_discovery:discover_packages(prefix_path) discover
[3.253s] DEBUG:colcon.colcon_installed_package_information.package_discovery:Found 2 installed packages in /home/hari-aswath/Projects/smartcart/simulation/smartcart_ws/install
[3.277s] DEBUG:colcon.colcon_installed_package_information.package_discovery:Found 319 installed packages in /opt/ros/jazzy
[3.282s] Level 1:colcon.colcon_core.package_discovery:discover_packages(prefix_path) using defaults
[3.724s] Level 5:colcon.colcon_core.verb:set package 'smartcart_description' build argument 'cmake_args' from command line to 'None'
[3.724s] Level 5:colcon.colcon_core.verb:set package 'smartcart_description' build argument 'cmake_target' from command line to 'None'
[3.724s] Level 5:colcon.colcon_core.verb:set package 'smartcart_description' build argument 'cmake_target_skip_unavailable' from command line to 'False'
[3.724s] Level 5:colcon.colcon_core.verb:set package 'smartcart_description' build argument 'cmake_clean_cache' from command line to 'False'
[3.724s] Level 5:colcon.colcon_core.verb:set package 'smartcart_description' build argument 'cmake_clean_first' from command line to 'False'
[3.724s] Level 5:colcon.colcon_core.verb:set package 'smartcart_description' build argument 'cmake_force_configure' from command line to 'False'
[3.724s] Level 5:colcon.colcon_core.verb:set package 'smartcart_description' build argument 'ament_cmake_args' from command line to 'None'
[3.724s] Level 5:colcon.colcon_core.verb:set package 'smartcart_description' build argument 'catkin_cmake_args' from command line to 'None'
[3.724s] Level 5:colcon.colcon_core.verb:set package 'smartcart_description' build argument 'catkin_skip_building_tests' from command line to 'False'
[3.724s] DEBUG:colcon.colcon_core.verb:Building package 'smartcart_description' with the following arguments: {'ament_cmake_args': None, 'build_base': '/home/hari-aswath/Projects/smartcart/simulation/smartcart_ws/build/smartcart_description', 'catkin_cmake_args': None, 'catkin_skip_building_tests': False, 'cmake_args': None, 'cmake_clean_cache': False, 'cmake_clean_first': False, 'cmake_force_configure': False, 'cmake_target': None, 'cmake_target_skip_unavailable': False, 'install_base': '/home/hari-aswath/Projects/smartcart/simulation/smartcart_ws/install/smartcart_description', 'merge_install': False, 'path': '/home/hari-aswath/Projects/smartcart/simulation/smartcart_ws/src/smartcart_description', 'symlink_install': False, 'test_result_base': None}
[3.725s] Level 5:colcon.colcon_core.verb:set package 'smartcart_gazebo' build argument 'cmake_args' from command line to 'None'
[3.725s] Level 5:colcon.colcon_core.verb:set package 'smartcart_gazebo' build argument 'cmake_target' from command line to 'None'
[3.725s] Level 5:colcon.colcon_core.verb:set package 'smartcart_gazebo' build argument 'cmake_target_skip_unavailable' from command line to 'False'
[3.725s] Level 5:colcon.colcon_core.verb:set package 'smartcart_gazebo' build argument 'cmake_clean_cache' from command line to 'False'
[3.725s] Level 5:colcon.colcon_core.verb:set package 'smartcart_gazebo' build argument 'cmake_clean_first' from command line to 'False'
[3.725s] Level 5:colcon.colcon_core.verb:set package 'smartcart_gazebo' build argument 'cmake_force_configure' from command line to 'False'
[3.725s] Level 5:colcon.colcon_core.verb:set package 'smartcart_gazebo' build argument 'ament_cmake_args' from command line to 'None'
[3.725s] Level 5:colcon.colcon_core.verb:set package 'smartcart_gazebo' build argument 'catkin_cmake_args' from command line to 'None'
[3.725s] Level 5:colcon.colcon_core.verb:set package 'smartcart_gazebo' build argument 'catkin_skip_building_tests' from command line to 'False'
[3.725s] DEBUG:colcon.colcon_core.verb:Building package 'smartcart_gazebo' with the following arguments: {'ament_cmake_args': None, 'build_base': '/home/hari-aswath/Projects/smartcart/simulation/smartcart_ws/build/smartcart_gazebo', 'catkin_cmake_args': None, 'catkin_skip_building_tests': False, 'cmake_args': None, 'cmake_clean_cache': False, 'cmake_clean_first': False, 'cmake_force_configure': False, 'cmake_target': None, 'cmake_target_skip_unavailable': False, 'install_base': '/home/hari-aswath/Projects/smartcart/simulation/smartcart_ws/install/smartcart_gazebo', 'merge_install': False, 'path': '/home/hari-aswath/Projects/smartcart/simulation/smartcart_ws/src/smartcart_gazebo', 'symlink_install': False, 'test_result_base': None}
[3.726s] INFO:colcon.colcon_core.executor:Executing jobs using 'parallel' executor
[3.727s] DEBUG:colcon.colcon_parallel_executor.executor.parallel:run_until_complete
[3.728s] INFO:colcon.colcon_ros.task.ament_cmake.build:Building ROS package in '/home/hari-aswath/Projects/smartcart/simulation/smartcart_ws/src/smartcart_description' with build type 'ament_cmake'
[3.728s] INFO:colcon.colcon_cmake.task.cmake.build:Building CMake package in '/home/hari-aswath/Projects/smartcart/simulation/smartcart_ws/src/smartcart_description'
[3.815s] INFO:colcon.colcon_core.plugin_system:Skipping extension 'colcon_core.shell.bat': Not used on non-Windows systems
[3.816s] INFO:colcon.colcon_core.shell:Skip shell extension 'powershell' for command environment: Not usable outside of PowerShell
[3.816s] DEBUG:colcon.colcon_core.shell:Skip shell extension 'dsv' for command environment
[3.843s] INFO:colcon.colcon_ros.task.ament_cmake.build:Building ROS package in '/home/hari-aswath/Projects/smartcart/simulation/smartcart_ws/src/smartcart_gazebo' with build type 'ament_cmake'
[3.843s] INFO:colcon.colcon_cmake.task.cmake.build:Building CMake package in '/home/hari-aswath/Projects/smartcart/simulation/smartcart_ws/src/smartcart_gazebo'
[3.844s] INFO:colcon.colcon_core.shell:Skip shell extension 'powershell' for command environment: Not usable outside of PowerShell
[3.844s] DEBUG:colcon.colcon_core.shell:Skip shell extension 'dsv' for command environment
[3.908s] DEBUG:colcon.colcon_core.event_handler.log_command:Invoking command in '/home/hari-aswath/Projects/smartcart/simulation/smartcart_ws/build/smartcart_description': CMAKE_PREFIX_PATH=${CMAKE_PREFIX_PATH}:/opt/ros/jazzy DEBUGINFOD_URLS=https://debuginfod.ubuntu.com /usr/bin/cmake --build /home/hari-aswath/Projects/smartcart/simulation/smartcart_ws/build/smartcart_description -- -j4 -l4
[4.017s] DEBUG:colcon.colcon_core.event_handler.log_command:Invoking command in '/home/hari-aswath/Projects/smartcart/simulation/smartcart_ws/build/smartcart_gazebo': CMAKE_PREFIX_PATH=${CMAKE_PREFIX_PATH}:/opt/ros/jazzy DEBUGINFOD_URLS=https://debuginfod.ubuntu.com /usr/bin/cmake --build /home/hari-aswath/Projects/smartcart/simulation/smartcart_ws/build/smartcart_gazebo -- -j4 -l4
[5.091s] DEBUG:colcon.colcon_core.event_handler.log_command:Invoked command in '/home/hari-aswath/Projects/smartcart/simulation/smartcart_ws/build/smartcart_description' returned '0': CMAKE_PREFIX_PATH=${CMAKE_PREFIX_PATH}:/opt/ros/jazzy DEBUGINFOD_URLS=https://debuginfod.ubuntu.com /usr/bin/cmake --build /home/hari-aswath/Projects/smartcart/simulation/smartcart_ws/build/smartcart_description -- -j4 -l4
[5.130s] DEBUG:colcon.colcon_core.event_handler.log_command:Invoking command in '/home/hari-aswath/Projects/smartcart/simulation/smartcart_ws/build/smartcart_description': CMAKE_PREFIX_PATH=${CMAKE_PREFIX_PATH}:/opt/ros/jazzy DEBUGINFOD_URLS=https://debuginfod.ubuntu.com /usr/bin/cmake --install /home/hari-aswath/Projects/smartcart/simulation/smartcart_ws/build/smartcart_description
[5.131s] DEBUG:colcon.colcon_core.event_handler.log_command:Invoked command in '/home/hari-aswath/Projects/smartcart/simulation/smartcart_ws/build/smartcart_gazebo' returned '0': CMAKE_PREFIX_PATH=${CMAKE_PREFIX_PATH}:/opt/ros/jazzy DEBUGINFOD_URLS=https://debuginfod.ubuntu.com /usr/bin/cmake --build /home/hari-aswath/Projects/smartcart/simulation/smartcart_ws/build/smartcart_gazebo -- -j4 -l4
[5.141s] DEBUG:colcon.colcon_core.event_handler.log_command:Invoking command in '/home/hari-aswath/Projects/smartcart/simulation/smartcart_ws/build/smartcart_gazebo': CMAKE_PREFIX_PATH=${CMAKE_PREFIX_PATH}:/opt/ros/jazzy DEBUGINFOD_URLS=https://debuginfod.ubuntu.com /usr/bin/cmake --install /home/hari-aswath/Projects/smartcart/simulation/smartcart_ws/build/smartcart_gazebo
[5.241s] Level 1:colcon.colcon_core.environment:create_environment_scripts_only(smartcart_gazebo)
[5.244s] DEBUG:colcon.colcon_core.event_handler.log_command:Invoked command in '/home/hari-aswath/Projects/smartcart/simulation/smartcart_ws/build/smartcart_gazebo' returned '0': CMAKE_PREFIX_PATH=${CMAKE_PREFIX_PATH}:/opt/ros/jazzy DEBUGINFOD_URLS=https://debuginfod.ubuntu.com /usr/bin/cmake --install /home/hari-aswath/Projects/smartcart/simulation/smartcart_ws/build/smartcart_gazebo
[5.358s] Level 1:colcon.colcon_core.environment:checking '/home/hari-aswath/Projects/smartcart/simulation/smartcart_ws/install/smartcart_gazebo' for CMake module files
[5.360s] Level 1:colcon.colcon_core.environment:checking '/home/hari-aswath/Projects/smartcart/simulation/smartcart_ws/install/smartcart_gazebo' for CMake config files
[5.361s] Level 1:colcon.colcon_core.shell:create_environment_hook('smartcart_gazebo', 'cmake_prefix_path')
[5.361s] INFO:colcon.colcon_core.shell:Creating environment hook '/home/hari-aswath/Projects/smartcart/simulation/smartcart_ws/install/smartcart_gazebo/share/smartcart_gazebo/hook/cmake_prefix_path.ps1'
[5.382s] INFO:colcon.colcon_core.shell:Creating environment descriptor '/home/hari-aswath/Projects/smartcart/simulation/smartcart_ws/install/smartcart_gazebo/share/smartcart_gazebo/hook/cmake_prefix_path.dsv'
[5.399s] INFO:colcon.colcon_core.shell:Creating environment hook '/home/hari-aswath/Projects/smartcart/simulation/smartcart_ws/install/smartcart_gazebo/share/smartcart_gazebo/hook/cmake_prefix_path.sh'
[5.402s] Level 1:colcon.colcon_core.environment:checking '/home/hari-aswath/Projects/smartcart/simulation/smartcart_ws/install/smartcart_gazebo/bin'
[5.402s] Level 1:colcon.colcon_core.environment:checking '/home/hari-aswath/Projects/smartcart/simulation/smartcart_ws/install/smartcart_gazebo/lib/pkgconfig/smartcart_gazebo.pc'
[5.403s] Level 1:colcon.colcon_core.environment:checking '/home/hari-aswath/Projects/smartcart/simulation/smartcart_ws/install/smartcart_gazebo/lib/python3.12/site-packages'
[5.404s] Level 1:colcon.colcon_core.environment:checking '/home/hari-aswath/Projects/smartcart/simulation/smartcart_ws/install/smartcart_gazebo/bin'
[5.404s] INFO:colcon.colcon_core.shell:Creating package script '/home/hari-aswath/Projects/smartcart/simulation/smartcart_ws/install/smartcart_gazebo/share/smartcart_gazebo/package.ps1'
[5.407s] INFO:colcon.colcon_core.shell:Creating package descriptor '/home/hari-aswath/Projects/smartcart/simulation/smartcart_ws/install/smartcart_gazebo/share/smartcart_gazebo/package.dsv'
[5.409s] INFO:colcon.colcon_core.shell:Creating package script '/home/hari-aswath/Projects/smartcart/simulation/smartcart_ws/install/smartcart_gazebo/share/smartcart_gazebo/package.sh'
[5.410s] INFO:colcon.colcon_core.shell:Creating package script '/home/hari-aswath/Projects/smartcart/simulation/smartcart_ws/install/smartcart_gazebo/share/smartcart_gazebo/package.bash'
[5.433s] INFO:colcon.colcon_core.shell:Creating package script '/home/hari-aswath/Projects/smartcart/simulation/smartcart_ws/install/smartcart_gazebo/share/smartcart_gazebo/package.zsh'
[5.462s] Level 1:colcon.colcon_core.environment:create_file_with_runtime_dependencies(/home/hari-aswath/Projects/smartcart/simulation/smartcart_ws/install/smartcart_gazebo/share/colcon-core/packages/smartcart_gazebo)
[5.463s] Level 1:colcon.colcon_core.environment:create_environment_scripts_only(smartcart_gazebo)
[5.464s] Level 1:colcon.colcon_core.environment:checking '/home/hari-aswath/Projects/smartcart/simulation/smartcart_ws/install/smartcart_gazebo' for CMake module files
[5.465s] Level 1:colcon.colcon_core.environment:checking '/home/hari-aswath/Projects/smartcart/simulation/smartcart_ws/install/smartcart_gazebo' for CMake config files
[5.466s] Level 1:colcon.colcon_core.shell:create_environment_hook('smartcart_gazebo', 'cmake_prefix_path')
[5.466s] INFO:colcon.colcon_core.shell:Creating environment hook '/home/hari-aswath/Projects/smartcart/simulation/smartcart_ws/install/smartcart_gazebo/share/smartcart_gazebo/hook/cmake_prefix_path.ps1'
[5.467s] INFO:colcon.colcon_core.shell:Creating environment descriptor '/home/hari-aswath/Projects/smartcart/simulation/smartcart_ws/install/smartcart_gazebo/share/smartcart_gazebo/hook/cmake_prefix_path.dsv'
[5.468s] INFO:colcon.colcon_core.shell:Creating environment hook '/home/hari-aswath/Projects/smartcart/simulation/smartcart_ws/install/smartcart_gazebo/share/smartcart_gazebo/hook/cmake_prefix_path.sh'
[5.470s] Level 1:colcon.colcon_core.environment:checking '/home/hari-aswath/Projects/smartcart/simulation/smartcart_ws/install/smartcart_gazebo/bin'
[5.470s] Level 1:colcon.colcon_core.environment:checking '/home/hari-aswath/Projects/smartcart/simulation/smartcart_ws/install/smartcart_gazebo/lib/pkgconfig/smartcart_gazebo.pc'
[5.470s] Level 1:colcon.colcon_core.environment:checking '/home/hari-aswath/Projects/smartcart/simulation/smartcart_ws/install/smartcart_gazebo/lib/python3.12/site-packages'
[5.471s] Level 1:colcon.colcon_core.environment:checking '/home/hari-aswath/Projects/smartcart/simulation/smartcart_ws/install/smartcart_gazebo/bin'
[5.472s] INFO:colcon.colcon_core.shell:Creating package script '/home/hari-aswath/Projects/smartcart/simulation/smartcart_ws/install/smartcart_gazebo/share/smartcart_gazebo/package.ps1'
[5.473s] INFO:colcon.colcon_core.shell:Creating package descriptor '/home/hari-aswath/Projects/smartcart/simulation/smartcart_ws/install/smartcart_gazebo/share/smartcart_gazebo/package.dsv'
[5.474s] INFO:colcon.colcon_core.shell:Creating package script '/home/hari-aswath/Projects/smartcart/simulation/smartcart_ws/install/smartcart_gazebo/share/smartcart_gazebo/package.sh'
[5.475s] INFO:colcon.colcon_core.shell:Creating package script '/home/hari-aswath/Projects/smartcart/simulation/smartcart_ws/install/smartcart_gazebo/share/smartcart_gazebo/package.bash'
[5.476s] INFO:colcon.colcon_core.shell:Creating package script '/home/hari-aswath/Projects/smartcart/simulation/smartcart_ws/install/smartcart_gazebo/share/smartcart_gazebo/package.zsh'
[5.477s] Level 1:colcon.colcon_core.environment:create_file_with_runtime_dependencies(/home/hari-aswath/Projects/smartcart/simulation/smartcart_ws/install/smartcart_gazebo/share/colcon-core/packages/smartcart_gazebo)
[5.477s] Level 1:colcon.colcon_core.environment:create_environment_scripts_only(smartcart_description)
[5.478s] Level 1:colcon.colcon_core.environment:checking '/home/hari-aswath/Projects/smartcart/simulation/smartcart_ws/install/smartcart_description' for CMake module files
[5.482s] DEBUG:colcon.colcon_core.event_handler.log_command:Invoked command in '/home/hari-aswath/Projects/smartcart/simulation/smartcart_ws/build/smartcart_description' returned '0': CMAKE_PREFIX_PATH=${CMAKE_PREFIX_PATH}:/opt/ros/jazzy DEBUGINFOD_URLS=https://debuginfod.ubuntu.com /usr/bin/cmake --install /home/hari-aswath/Projects/smartcart/simulation/smartcart_ws/build/smartcart_description
[5.483s] Level 1:colcon.colcon_core.environment:checking '/home/hari-aswath/Projects/smartcart/simulation/smartcart_ws/install/smartcart_description' for CMake config files
[5.485s] Level 1:colcon.colcon_core.shell:create_environment_hook('smartcart_description', 'cmake_prefix_path')
[5.487s] INFO:colcon.colcon_core.shell:Creating environment hook '/home/hari-aswath/Projects/smartcart/simulation/smartcart_ws/install/smartcart_description/share/smartcart_description/hook/cmake_prefix_path.ps1'
[5.489s] INFO:colcon.colcon_core.shell:Creating environment descriptor '/home/hari-aswath/Projects/smartcart/simulation/smartcart_ws/install/smartcart_description/share/smartcart_description/hook/cmake_prefix_path.dsv'
[5.490s] INFO:colcon.colcon_core.shell:Creating environment hook '/home/hari-aswath/Projects/smartcart/simulation/smartcart_ws/install/smartcart_description/share/smartcart_description/hook/cmake_prefix_path.sh'
[5.492s] Level 1:colcon.colcon_core.environment:checking '/home/hari-aswath/Projects/smartcart/simulation/smartcart_ws/install/smartcart_description/bin'
[5.493s] Level 1:colcon.colcon_core.environment:checking '/home/hari-aswath/Projects/smartcart/simulation/smartcart_ws/install/smartcart_description/lib/pkgconfig/smartcart_description.pc'
[5.495s] Level 1:colcon.colcon_core.environment:checking '/home/hari-aswath/Projects/smartcart/simulation/smartcart_ws/install/smartcart_description/lib/python3.12/site-packages'
[5.496s] Level 1:colcon.colcon_core.environment:checking '/home/hari-aswath/Projects/smartcart/simulation/smartcart_ws/install/smartcart_description/bin'
[5.497s] INFO:colcon.colcon_core.shell:Creating package script '/home/hari-aswath/Projects/smartcart/simulation/smartcart_ws/install/smartcart_description/share/smartcart_description/package.ps1'
[5.498s] INFO:colcon.colcon_core.shell:Creating package descriptor '/home/hari-aswath/Projects/smartcart/simulation/smartcart_ws/install/smartcart_description/share/smartcart_description/package.dsv'
[5.499s] INFO:colcon.colcon_core.shell:Creating package script '/home/hari-aswath/Projects/smartcart/simulation/smartcart_ws/install/smartcart_description/share/smartcart_description/package.sh'
[5.500s] INFO:colcon.colcon_core.shell:Creating package script '/home/hari-aswath/Projects/smartcart/simulation/smartcart_ws/install/smartcart_description/share/smartcart_description/package.bash'
[5.501s] INFO:colcon.colcon_core.shell:Creating package script '/home/hari-aswath/Projects/smartcart/simulation/smartcart_ws/install/smartcart_description/share/smartcart_description/package.zsh'
[5.502s] Level 1:colcon.colcon_core.environment:create_file_with_runtime_dependencies(/home/hari-aswath/Projects/smartcart/simulation/smartcart_ws/install/smartcart_description/share/colcon-core/packages/smartcart_description)
[5.503s] Level 1:colcon.colcon_core.environment:create_environment_scripts_only(smartcart_description)
[5.503s] Level 1:colcon.colcon_core.environment:checking '/home/hari-aswath/Projects/smartcart/simulation/smartcart_ws/install/smartcart_description' for CMake module files
[5.504s] Level 1:colcon.colcon_core.environment:checking '/home/hari-aswath/Projects/smartcart/simulation/smartcart_ws/install/smartcart_description' for CMake config files
[5.504s] Level 1:colcon.colcon_core.shell:create_environment_hook('smartcart_description', 'cmake_prefix_path')
[5.505s] INFO:colcon.colcon_core.shell:Creating environment hook '/home/hari-aswath/Projects/smartcart/simulation/smartcart_ws/install/smartcart_description/share/smartcart_description/hook/cmake_prefix_path.ps1'
[5.506s] INFO:colcon.colcon_core.shell:Creating environment descriptor '/home/hari-aswath/Projects/smartcart/simulation/smartcart_ws/install/smartcart_description/share/smartcart_description/hook/cmake_prefix_path.dsv'
[5.506s] INFO:colcon.colcon_core.shell:Creating environment hook '/home/hari-aswath/Projects/smartcart/simulation/smartcart_ws/install/smartcart_description/share/smartcart_description/hook/cmake_prefix_path.sh'
[5.507s] Level 1:colcon.colcon_core.environment:checking '/home/hari-aswath/Projects/smartcart/simulation/smartcart_ws/install/smartcart_description/bin'
[5.508s] Level 1:colcon.colcon_core.environment:checking '/home/hari-aswath/Projects/smartcart/simulation/smartcart_ws/install/smartcart_description/lib/pkgconfig/smartcart_description.pc'
[5.508s] Level 1:colcon.colcon_core.environment:checking '/home/hari-aswath/Projects/smartcart/simulation/smartcart_ws/install/smartcart_description/lib/python3.12/site-packages'
[5.509s] Level 1:colcon.colcon_core.environment:checking '/home/hari-aswath/Projects/smartcart/simulation/smartcart_ws/install/smartcart_description/bin'
[5.509s] INFO:colcon.colcon_core.shell:Creating package script '/home/hari-aswath/Projects/smartcart/simulation/smartcart_ws/install/smartcart_description/share/smartcart_description/package.ps1'
[5.511s] INFO:colcon.colcon_core.shell:Creating package descriptor '/home/hari-aswath/Projects/smartcart/simulation/smartcart_ws/install/smartcart_description/share/smartcart_description/package.dsv'
[5.512s] INFO:colcon.colcon_core.shell:Creating package script '/home/hari-aswath/Projects/smartcart/simulation/smartcart_ws/install/smartcart_description/share/smartcart_description/package.sh'
[5.514s] INFO:colcon.colcon_core.shell:Creating package script '/home/hari-aswath/Projects/smartcart/simulation/smartcart_ws/install/smartcart_description/share/smartcart_description/package.bash'
[5.515s] INFO:colcon.colcon_core.shell:Creating package script '/home/hari-aswath/Projects/smartcart/simulation/smartcart_ws/install/smartcart_description/share/smartcart_description/package.zsh'
[5.515s] Level 1:colcon.colcon_core.environment:create_file_with_runtime_dependencies(/home/hari-aswath/Projects/smartcart/simulation/smartcart_ws/install/smartcart_description/share/colcon-core/packages/smartcart_description)
[5.516s] DEBUG:colcon.colcon_parallel_executor.executor.parallel:closing loop
[5.517s] DEBUG:colcon.colcon_parallel_executor.executor.parallel:loop closed
[5.517s] DEBUG:colcon.colcon_parallel_executor.executor.parallel:run_until_complete finished with '0'
[5.517s] DEBUG:colcon.colcon_core.event_reactor:joining thread
[5.603s] INFO:colcon.colcon_core.plugin_system:Skipping extension 'colcon_notification.desktop_notification.terminal_notifier': Not used on non-Darwin systems
[5.604s] INFO:colcon.colcon_core.plugin_system:Skipping extension 'colcon_notification.desktop_notification.win32': Not used on non-Windows systems
[5.604s] INFO:colcon.colcon_notification.desktop_notification:Sending desktop notification using 'notify2'
[5.825s] DEBUG:colcon.colcon_core.event_reactor:joined thread
[5.826s] INFO:colcon.colcon_core.shell:Creating prefix script '/home/hari-aswath/Projects/smartcart/simulation/smartcart_ws/install/local_setup.ps1'
[5.849s] INFO:colcon.colcon_core.shell:Creating prefix util module '/home/hari-aswath/Projects/smartcart/simulation/smartcart_ws/install/_local_setup_util_ps1.py'
[5.879s] INFO:colcon.colcon_core.shell:Creating prefix chain script '/home/hari-aswath/Projects/smartcart/simulation/smartcart_ws/install/setup.ps1'
[5.881s] INFO:colcon.colcon_core.shell:Creating prefix script '/home/hari-aswath/Projects/smartcart/simulation/smartcart_ws/install/local_setup.sh'
[5.910s] INFO:colcon.colcon_core.shell:Creating prefix util module '/home/hari-aswath/Projects/smartcart/simulation/smartcart_ws/install/_local_setup_util_sh.py'
[5.911s] INFO:colcon.colcon_core.shell:Creating prefix chain script '/home/hari-aswath/Projects/smartcart/simulation/smartcart_ws/install/setup.sh'
[5.913s] INFO:colcon.colcon_core.shell:Creating prefix script '/home/hari-aswath/Projects/smartcart/simulation/smartcart_ws/install/local_setup.bash'
[5.943s] INFO:colcon.colcon_core.shell:Creating prefix chain script '/home/hari-aswath/Projects/smartcart/simulation/smartcart_ws/install/setup.bash'
[5.945s] INFO:colcon.colcon_core.shell:Creating prefix script '/home/hari-aswath/Projects/smartcart/simulation/smartcart_ws/install/local_setup.zsh'
[5.960s] INFO:colcon.colcon_core.shell:Creating prefix chain script '/home/hari-aswath/Projects/smartcart/simulation/smartcart_ws/install/setup.zsh'
